Archive member included because of file (symbol)

c:/program files (x86)/emblocks/2.30/share/em_armgcc/bin/../lib/gcc/arm-none-eabi/4.7.3/../../../../arm-none-eabi/lib/armv7e-m/fpu\librdimon.a(rdimon-syscalls.o)
                              c:/program files (x86)/emblocks/2.30/share/em_armgcc/bin/../lib/gcc/arm-none-eabi/4.7.3/../../../../arm-none-eabi/lib/armv7e-m/fpu/rdimon-crt0.o (initialise_monitor_handles)
c:/program files (x86)/emblocks/2.30/share/em_armgcc/bin/../lib/gcc/arm-none-eabi/4.7.3/armv7e-m/fpu\libgcc.a(_arm_addsubdf3.o)
                              obj\debug\board\interrupts.o (__aeabi_dsub)
c:/program files (x86)/emblocks/2.30/share/em_armgcc/bin/../lib/gcc/arm-none-eabi/4.7.3/armv7e-m/fpu\libgcc.a(_arm_muldivdf3.o)
                              obj\debug\board\adc.o (__aeabi_dmul)
c:/program files (x86)/emblocks/2.30/share/em_armgcc/bin/../lib/gcc/arm-none-eabi/4.7.3/armv7e-m/fpu\libgcc.a(_arm_cmpdf2.o)
                              obj\debug\board\adc.o (__aeabi_dcmplt)
c:/program files (x86)/emblocks/2.30/share/em_armgcc/bin/../lib/gcc/arm-none-eabi/4.7.3/armv7e-m/fpu\libgcc.a(_arm_fixdfsi.o)
                              obj\debug\robot\robot.o (__aeabi_d2iz)
c:/program files (x86)/emblocks/2.30/share/em_armgcc/bin/../lib/gcc/arm-none-eabi/4.7.3/armv7e-m/fpu\libgcc.a(_arm_fixunsdfsi.o)
                              obj\debug\robot\dynamixel_control.o (__aeabi_d2uiz)
c:/program files (x86)/emblocks/2.30/share/em_armgcc/bin/../lib/gcc/arm-none-eabi/4.7.3/armv7e-m/fpu\libgcc.a(_arm_truncdfsf2.o)
                              obj\debug\board\adc.o (__aeabi_d2f)
c:/program files (x86)/emblocks/2.30/share/em_armgcc/bin/../lib/gcc/arm-none-eabi/4.7.3/../../../../arm-none-eabi/lib/armv7e-m/fpu\libc_f.a(lib_a-errno.o)
                              c:/program files (x86)/emblocks/2.30/share/em_armgcc/bin/../lib/gcc/arm-none-eabi/4.7.3/../../../../arm-none-eabi/lib/armv7e-m/fpu\librdimon.a(rdimon-syscalls.o) (__errno)
c:/program files (x86)/emblocks/2.30/share/em_armgcc/bin/../lib/gcc/arm-none-eabi/4.7.3/../../../../arm-none-eabi/lib/armv7e-m/fpu\libc_f.a(lib_a-exit.o)
                              c:/program files (x86)/emblocks/2.30/share/em_armgcc/bin/../lib/gcc/arm-none-eabi/4.7.3/../../../../arm-none-eabi/lib/armv7e-m/fpu/rdimon-crt0.o (exit)
c:/program files (x86)/emblocks/2.30/share/em_armgcc/bin/../lib/gcc/arm-none-eabi/4.7.3/../../../../arm-none-eabi/lib/armv7e-m/fpu\libc_f.a(lib_a-findfp.o)
                              c:/program files (x86)/emblocks/2.30/share/em_armgcc/bin/../lib/gcc/arm-none-eabi/4.7.3/../../../../arm-none-eabi/lib/armv7e-m/fpu\librdimon.a(rdimon-syscalls.o) (__sinit)
c:/program files (x86)/emblocks/2.30/share/em_armgcc/bin/../lib/gcc/arm-none-eabi/4.7.3/../../../../arm-none-eabi/lib/armv7e-m/fpu\libc_f.a(lib_a-fwalk.o)
                              c:/program files (x86)/emblocks/2.30/share/em_armgcc/bin/../lib/gcc/arm-none-eabi/4.7.3/../../../../arm-none-eabi/lib/armv7e-m/fpu\libc_f.a(lib_a-findfp.o) (_fwalk)
c:/program files (x86)/emblocks/2.30/share/em_armgcc/bin/../lib/gcc/arm-none-eabi/4.7.3/../../../../arm-none-eabi/lib/armv7e-m/fpu\libc_f.a(lib_a-impure.o)
                              c:/program files (x86)/emblocks/2.30/share/em_armgcc/bin/../lib/gcc/arm-none-eabi/4.7.3/../../../../arm-none-eabi/lib/armv7e-m/fpu\libc_f.a(lib_a-exit.o) (_global_impure_ptr)
c:/program files (x86)/emblocks/2.30/share/em_armgcc/bin/../lib/gcc/arm-none-eabi/4.7.3/../../../../arm-none-eabi/lib/armv7e-m/fpu\libc_f.a(lib_a-init.o)
                              c:/program files (x86)/emblocks/2.30/share/em_armgcc/bin/../lib/gcc/arm-none-eabi/4.7.3/../../../../arm-none-eabi/lib/armv7e-m/fpu/rdimon-crt0.o (__libc_init_array)
c:/program files (x86)/emblocks/2.30/share/em_armgcc/bin/../lib/gcc/arm-none-eabi/4.7.3/../../../../arm-none-eabi/lib/armv7e-m/fpu\libc_f.a(lib_a-mallocr.o)
                              c:/program files (x86)/emblocks/2.30/share/em_armgcc/bin/../lib/gcc/arm-none-eabi/4.7.3/../../../../arm-none-eabi/lib/armv7e-m/fpu\libc_f.a(lib_a-findfp.o) (_malloc_r)
c:/program files (x86)/emblocks/2.30/share/em_armgcc/bin/../lib/gcc/arm-none-eabi/4.7.3/../../../../arm-none-eabi/lib/armv7e-m/fpu\libc_f.a(lib_a-memcpy.o)
                              obj\debug\robot\robot.o (memcpy)
c:/program files (x86)/emblocks/2.30/share/em_armgcc/bin/../lib/gcc/arm-none-eabi/4.7.3/../../../../arm-none-eabi/lib/armv7e-m/fpu\libc_f.a(lib_a-memset.o)
                              c:/program files (x86)/emblocks/2.30/share/em_armgcc/bin/../lib/gcc/arm-none-eabi/4.7.3/../../../../arm-none-eabi/lib/armv7e-m/fpu/rdimon-crt0.o (memset)
c:/program files (x86)/emblocks/2.30/share/em_armgcc/bin/../lib/gcc/arm-none-eabi/4.7.3/../../../../arm-none-eabi/lib/armv7e-m/fpu\libc_f.a(lib_a-mlock.o)
                              c:/program files (x86)/emblocks/2.30/share/em_armgcc/bin/../lib/gcc/arm-none-eabi/4.7.3/../../../../arm-none-eabi/lib/armv7e-m/fpu\libc_f.a(lib_a-mallocr.o) (__malloc_lock)
[...]
Memory Configuration

Name             Origin             Length             Attributes
ROM              0x08000000         0x00100000         xr
RAM              0x20000000         0x00020000         xrw
CCRAM            0x10000000         0x00010000         xrw
*default*        0x00000000         0xffffffff

Linker script and memory map

LOAD c:/program files (x86)/emblocks/2.30/share/em_armgcc/bin/../lib/gcc/arm-none-eabi/4.7.3/../../../../arm-none-eabi/lib/armv7e-m/fpu\librdimon.a
LOAD c:/program files (x86)/emblocks/2.30/share/em_armgcc/bin/../lib/gcc/arm-none-eabi/4.7.3/armv7e-m/fpu/crti.o
LOAD c:/program files (x86)/emblocks/2.30/share/em_armgcc/bin/../lib/gcc/arm-none-eabi/4.7.3/armv7e-m/fpu/crtbegin.o
LOAD c:/program files (x86)/emblocks/2.30/share/em_armgcc/bin/../lib/gcc/arm-none-eabi/4.7.3/../../../../arm-none-eabi/lib/armv7e-m/fpu/rdimon-crt0.o
                0x00000000                __HEAP_SIZE = 0x0
                0x00000100                __STACK_SIZE = 0x100

.text           0x08000000    0x11074
 *(.isr_vector)
 .isr_vector    0x08000000      0x188 obj\debug\src\startup_stm32f4xx.o
                0x08000000                __isr_vector
 *(.text*)
 .text          0x08000188       0x54 c:/program files (x86)/emblocks/2.30/share/em_armgcc/bin/../lib/gcc/arm-none-eabi/4.7.3/armv7e-m/fpu/crtbegin.o
 .text          0x080001dc       0xdc c:/program files (x86)/emblocks/2.30/share/em_armgcc/bin/../lib/gcc/arm-none-eabi/4.7.3/../../../../arm-none-eabi/lib/armv7e-m/fpu/rdimon-crt0.o
                0x080001dc                _start
                0x080001dc                _mainCRTStartup
 .text.adcConfig
                0x080002b8      0x1e0 obj\debug\board\adc.o
                0x080002b8                adcConfig
 .text.NVIC_EnableIRQ
                0x08000498       0x38 obj\debug\board\interrupts.o
 .text.NVIC_DisableIRQ
                0x080004d0       0x3c obj\debug\board\interrupts.o
 .text.TIM2_IRQHandler
                0x0800050c        0xc obj\debug\board\interrupts.o
                0x0800050c                TIM2_IRQHandler
 .text.TIM6_DAC_IRQHandler
                0x08000518       0x2c obj\debug\board\interrupts.o
                0x08000518                TIM6_DAC_IRQHandler
 .text.TIM7_IRQHandler
                0x08000544       0x18 obj\debug\board\interrupts.o
                0x08000544                TIM7_IRQHandler
 *fill*         0x0800055c        0x4 
 .text.TIM8_UP_TIM13_IRQHandler
                0x08000560      0x2b8 obj\debug\board\interrupts.o
                0x08000560                TIM8_UP_TIM13_IRQHandler
 .text.EXTI0_IRQHandler
                0x08000818       0x50 obj\debug\board\interrupts.o
                0x08000818                EXTI0_IRQHandler
 .text.EXTI1_IRQHandler
                0x08000868       0x50 obj\debug\board\interrupts.o
                0x08000868                EXTI1_IRQHandler
 .text.EXTI2_IRQHandler
                0x080008b8       0x50 obj\debug\board\interrupts.o
                0x080008b8                EXTI2_IRQHandler
 .text.EXTI3_IRQHandler
                0x08000908       0x50 obj\debug\board\interrupts.o
                0x08000908                EXTI3_IRQHandler
 .text.EXTI4_IRQHandler
                0x08000958       0x50 obj\debug\board\interrupts.o
                0x08000958                EXTI4_IRQHandler
 .text.EXTI9_5_IRQHandler
                0x080009a8       0xb8 obj\debug\board\interrupts.o
                0x080009a8                EXTI9_5_IRQHandler
 .text.EXTI15_10_IRQHandler
                0x08000a60      0x124 obj\debug\board\interrupts.o
                0x08000a60                EXTI15_10_IRQHandler
 .text.DMA2_Stream0_IRQHandler
                0x08000b84       0x24 obj\debug\board\interrupts.o
                0x08000b84                DMA2_Stream0_IRQHandler
 .text.NVIC_EnableIRQ
                0x08000ba8       0x38 obj\debug\board\init.o
 .text.add_ext_interrupt
                0x08000be0      0x180 obj\debug\board\init.o
                0x08000be0                add_ext_interrupt
 .text.clear_ext_interrupt
                0x08000d60       0x90 obj\debug\board\init.o
                0x08000d60                clear_ext_interrupt
 .text.initAll  0x08000df0     0x1cac obj\debug\board\init.o
                0x08000df0                initAll
 .text.timEncoderConfigure
                0x08002a9c       0x44 obj\debug\board\tim.o
                0x08002a9c                timEncoderConfigure
 .text.timPWMConfigure
                0x08002ae0       0xfc obj\debug\board\tim.o
                0x08002ae0                timPWMConfigure
 .text.timPIDConfigure
                0x08002bdc       0x48 obj\debug\board\tim.o
                0x08002bdc                timPIDConfigure
 .text.NVIC_EnableIRQ
                0x08002c24       0x38 obj\debug\board\usart.o
 .text.sendPacket
                0x08002c5c       0x4c obj\debug\board\usart.o
                0x08002c5c                sendPacket
 .text.packetCheck
                0x08002ca8       0x5c obj\debug\board\usart.o
                0x08002ca8                packetCheck
 .text.DMA1_Stream5_IRQHandler
                0x08002d04       0x18 obj\debug\board\usart.o
                0x08002d04                DMA1_Stream5_IRQHandler
 .text.uartInit
                0x08002d1c      0x138 obj\debug\board\usart.o
                0x08002d1c                uartInit
 .text.configUsart3TXDMA
                0x08002e54      0x148 obj\debug\board\usart.o
                0x08002e54                configUsart3TXDMA
 .text.putchar  0x08002f9c      0x2f0 obj\debug\board\usart.o
                0x08002f9c                putchar
 .text.DMA1_Stream3_IRQHandler
                0x0800328c      0x324 obj\debug\board\usart.o
                0x0800328c                DMA1_Stream3_IRQHandler
 .text.DMA1_Stream1_IRQHandler
                0x080035b0      0x11c obj\debug\board\usart.o
                0x080035b0                DMA1_Stream1_IRQHandler
 .text.usbd_cdc_Init
                0x080036cc       0x94 obj\debug\library\cdc\src\usbd_cdc_core.o
                0x080036cc                usbd_cdc_Init
 .text.usbd_cdc_DeInit
                0x08003760       0x44 obj\debug\library\cdc\src\usbd_cdc_core.o
                0x08003760                usbd_cdc_DeInit
 .text.usbd_cdc_Setup
                0x080037a4      0x130 obj\debug\library\cdc\src\usbd_cdc_core.o
                0x080037a4                usbd_cdc_Setup
 .text.usbd_cdc_EP0_RxReady
                0x080038d4       0x60 obj\debug\library\cdc\src\usbd_cdc_core.o
                0x080038d4                usbd_cdc_EP0_RxReady
 .text.usbd_cdc_DataIn
                0x08003934      0x140 obj\debug\library\cdc\src\usbd_cdc_core.o
                0x08003934                usbd_cdc_DataIn
 .text.usbd_cdc_DataOut
                0x08003a74       0x64 obj\debug\library\cdc\src\usbd_cdc_core.o
                0x08003a74                usbd_cdc_DataOut
 .text.usbd_cdc_SOF
                0x08003ad8       0x50 obj\debug\library\cdc\src\usbd_cdc_core.o
                0x08003ad8                usbd_cdc_SOF
 .text.Handle_USBAsynchXfer
                0x08003b28      0x19c obj\debug\library\cdc\src\usbd_cdc_core.o
 .text.USBD_cdc_GetCfgDesc
                0x08003cc4       0x28 obj\debug\library\cdc\src\usbd_cdc_core.o
 .text.USB_OTG_EnableCommonInt
                0x08003cec       0x44 obj\debug\library\core\src\usb_core.o
 .text.USB_OTG_CoreReset
                0x08003d30       0xa8 obj\debug\library\core\src\usb_core.o
 .text.USB_OTG_WritePacket
                0x08003dd8       0x88 obj\debug\library\core\src\usb_core.o
                0x08003dd8                USB_OTG_WritePacket
 .text.USB_OTG_ReadPacket
                0x08003e60       0x68 obj\debug\library\core\src\usb_core.o
                0x08003e60                USB_OTG_ReadPacket
 .text.USB_OTG_SelectCore
                0x08003ec8      0x1b4 obj\debug\library\core\src\usb_core.o
                0x08003ec8                USB_OTG_SelectCore
 .text.USB_OTG_CoreInit
                0x0800407c      0x148 obj\debug\library\core\src\usb_core.o
                0x0800407c                USB_OTG_CoreInit
 .text.USB_OTG_EnableGlobalInt
                0x080041c4       0x3c obj\debug\library\core\src\usb_core.o
                0x080041c4                USB_OTG_EnableGlobalInt
 .text.USB_OTG_DisableGlobalInt
                0x08004200       0x40 obj\debug\library\core\src\usb_core.o
                0x08004200                USB_OTG_DisableGlobalInt
 .text.USB_OTG_FlushTxFifo
                0x08004240       0x80 obj\debug\library\core\src\usb_core.o
                0x08004240                USB_OTG_FlushTxFifo
 .text.USB_OTG_FlushRxFifo
                0x080042c0       0x6c obj\debug\library\core\src\usb_core.o
                0x080042c0                USB_OTG_FlushRxFifo
 .text.USB_OTG_SetCurrentMode
                0x0800432c       0x64 obj\debug\library\core\src\usb_core.o
                0x0800432c                USB_OTG_SetCurrentMode
 .text.USB_OTG_GetMode
                0x08004390       0x20 obj\debug\library\core\src\usb_core.o
                0x08004390                USB_OTG_GetMode
 .text.USB_OTG_IsDeviceMode
                0x080043b0       0x24 obj\debug\library\core\src\usb_core.o
                0x080043b0                USB_OTG_IsDeviceMode
 .text.USB_OTG_ReadCoreItr
                0x080043d4       0x30 obj\debug\library\core\src\usb_core.o
                0x080043d4                USB_OTG_ReadCoreItr
 .text.USB_OTG_InitDevSpeed
                0x08004404       0x38 obj\debug\library\core\src\usb_core.o
                0x08004404                USB_OTG_InitDevSpeed
 .text.USB_OTG_CoreInitDev
                0x0800443c      0x2d8 obj\debug\library\core\src\usb_core.o
                0x0800443c                USB_OTG_CoreInitDev
 .text.USB_OTG_EnableDevInt
                0x08004714       0xb4 obj\debug\library\core\src\usb_core.o
                0x08004714                USB_OTG_EnableDevInt
 .text.USB_OTG_GetDeviceSpeed
                0x080047c8       0x68 obj\debug\library\core\src\usb_core.o
                0x080047c8                USB_OTG_GetDeviceSpeed
 .text.USB_OTG_EP0Activate
                0x08004830       0xa0 obj\debug\library\core\src\usb_core.o
                0x08004830                USB_OTG_EP0Activate
 .text.USB_OTG_EPActivate
                0x080048d0       0xf8 obj\debug\library\core\src\usb_core.o
                0x080048d0                USB_OTG_EPActivate
 .text.USB_OTG_EPDeactivate
                0x080049c8       0xa4 obj\debug\library\core\src\usb_core.o
                0x080049c8                USB_OTG_EPDeactivate
 .text.USB_OTG_EPStartXfer
                0x08004a6c      0x2dc obj\debug\library\core\src\usb_core.o
                0x08004a6c                USB_OTG_EPStartXfer
 .text.USB_OTG_EP0StartXfer
                0x08004d48      0x1ec obj\debug\library\core\src\usb_core.o
                0x08004d48                USB_OTG_EP0StartXfer
 .text.USB_OTG_EPSetStall
                0x08004f34       0x94 obj\debug\library\core\src\usb_core.o
                0x08004f34                USB_OTG_EPSetStall
 .text.USB_OTG_EPClearStall
                0x08004fc8       0x84 obj\debug\library\core\src\usb_core.o
                0x08004fc8                USB_OTG_EPClearStall
 .text.USB_OTG_ReadDevAllOutEp_itr
                0x0800504c       0x30 obj\debug\library\core\src\usb_core.o
                0x0800504c                USB_OTG_ReadDevAllOutEp_itr
 .text.USB_OTG_ReadDevOutEP_itr
                0x0800507c       0x3c obj\debug\library\core\src\usb_core.o
                0x0800507c                USB_OTG_ReadDevOutEP_itr
 .text.USB_OTG_ReadDevAllInEPItr
                0x080050b8       0x34 obj\debug\library\core\src\usb_core.o
                0x080050b8                USB_OTG_ReadDevAllInEPItr
 .text.USB_OTG_EP0_OutStart
                0x080050ec       0x74 obj\debug\library\core\src\usb_core.o
                0x080050ec                USB_OTG_EP0_OutStart
 .text.DCD_Init
                0x08005160      0x134 obj\debug\library\core\src\usb_dcd.o
                0x08005160                DCD_Init
 .text.DCD_EP_Open
                0x08005294       0xb4 obj\debug\library\core\src\usb_dcd.o
                0x08005294                DCD_EP_Open
 .text.DCD_EP_Close
                0x08005348       0x88 obj\debug\library\core\src\usb_dcd.o
                0x08005348                DCD_EP_Close
 .text.DCD_EP_PrepareRx
                0x080053d0       0x90 obj\debug\library\core\src\usb_dcd.o
                0x080053d0                DCD_EP_PrepareRx
 .text.DCD_EP_Tx
                0x08005460       0x88 obj\debug\library\core\src\usb_dcd.o
                0x08005460                DCD_EP_Tx
 .text.DCD_EP_Stall
                0x080054e8       0x8c obj\debug\library\core\src\usb_dcd.o
                0x080054e8                DCD_EP_Stall
 .text.DCD_EP_ClrStall
                0x08005574       0x8c obj\debug\library\core\src\usb_dcd.o
                0x08005574                DCD_EP_ClrStall
 .text.DCD_EP_SetAddress
                0x08005600       0x3c obj\debug\library\core\src\usb_dcd.o
                0x08005600                DCD_EP_SetAddress
 .text.USBD_OTG_ISR_Handler
                0x0800563c      0x198 obj\debug\library\core\src\usb_dcd_int.o
                0x0800563c                USBD_OTG_ISR_Handler
 .text.DCD_SessionRequest_ISR
                0x080057d4       0x3c obj\debug\library\core\src\usb_dcd_int.o
 .text.DCD_OTG_ISR
                0x08005810       0x44 obj\debug\library\core\src\usb_dcd_int.o
 .text.DCD_HandleResume_ISR
                0x08005854       0x8c obj\debug\library\core\src\usb_dcd_int.o
 .text.DCD_HandleUSBSuspend_ISR
                0x080058e0       0xd0 obj\debug\library\core\src\usb_dcd_int.o
 .text.DCD_HandleInEP_ISR
                0x080059b0      0x1b0 obj\debug\library\core\src\usb_dcd_int.o
 .text.DCD_HandleOutEP_ISR
                0x08005b60      0x184 obj\debug\library\core\src\usb_dcd_int.o
 .text.DCD_HandleSof_ISR
                0x08005ce4       0x3c obj\debug\library\core\src\usb_dcd_int.o
 .text.DCD_HandleRxStatusQueueLevel_ISR
                0x08005d20      0x118 obj\debug\library\core\src\usb_dcd_int.o
 .text.DCD_WriteEmptyTxFifo
                0x08005e38      0x130 obj\debug\library\core\src\usb_dcd_int.o
 .text.DCD_HandleUsbReset_ISR
                0x08005f68      0x158 obj\debug\library\core\src\usb_dcd_int.o
 .text.DCD_HandleEnumDone_ISR
                0x080060c0      0x22c obj\debug\library\core\src\usb_dcd_int.o
 .text.DCD_IsoINIncomplete_ISR
                0x080062ec       0x3c obj\debug\library\core\src\usb_dcd_int.o
 .text.DCD_IsoOUTIncomplete_ISR
                0x08006328       0x3c obj\debug\library\core\src\usb_dcd_int.o
 .text.DCD_ReadDevInEP
                0x08006364       0x58 obj\debug\library\core\src\usb_dcd_int.o
 .text.USBD_Init
                0x080063bc       0x58 obj\debug\library\core\src\usbd_core.o
                0x080063bc                USBD_Init
 .text.USBD_DeInit
                0x08006414       0x18 obj\debug\library\core\src\usbd_core.o
                0x08006414                USBD_DeInit
 .text.USBD_SetupStage
                0x0800642c       0x70 obj\debug\library\core\src\usbd_core.o
 .text.USBD_DataOutStage
                0x0800649c       0xd4 obj\debug\library\core\src\usbd_core.o
 .text.USBD_DataInStage
                0x08006570      0x150 obj\debug\library\core\src\usbd_core.o
 .text.USBD_RunTestMode
                0x080066c0       0x28 obj\debug\library\core\src\usbd_core.o
 .text.USBD_Reset
                0x080066e8       0x54 obj\debug\library\core\src\usbd_core.o
 .text.USBD_Resume
                0x0800673c       0x38 obj\debug\library\core\src\usbd_core.o
 .text.USBD_Suspend
                0x08006774       0x38 obj\debug\library\core\src\usbd_core.o
 .text.USBD_SOF
                0x080067ac       0x30 obj\debug\library\core\src\usbd_core.o
 .text.USBD_SetCfg
                0x080067dc       0x34 obj\debug\library\core\src\usbd_core.o
                0x080067dc                USBD_SetCfg
 .text.USBD_ClrCfg
                0x08006810       0x2c obj\debug\library\core\src\usbd_core.o
                0x08006810                USBD_ClrCfg
 .text.USBD_IsoINIncomplete
                0x0800683c       0x24 obj\debug\library\core\src\usbd_core.o
 .text.USBD_IsoOUTIncomplete
                0x08006860       0x24 obj\debug\library\core\src\usbd_core.o
 .text.USBD_DevConnected
                0x08006884       0x2c obj\debug\library\core\src\usbd_core.o
 .text.USBD_DevDisconnected
                0x080068b0       0x3c obj\debug\library\core\src\usbd_core.o
 .text.USBD_CtlSendData
                0x080068ec       0x48 obj\debug\library\core\src\usbd_ioreq.o
                0x080068ec                USBD_CtlSendData
 .text.USBD_CtlContinueSendData
                0x08006934       0x30 obj\debug\library\core\src\usbd_ioreq.o
                0x08006934                USBD_CtlContinueSendData
 .text.USBD_CtlPrepareRx
                0x08006964       0x48 obj\debug\library\core\src\usbd_ioreq.o
                0x08006964                USBD_CtlPrepareRx
 .text.USBD_CtlContinueRx
                0x080069ac       0x30 obj\debug\library\core\src\usbd_ioreq.o
                0x080069ac                USBD_CtlContinueRx
 .text.USBD_CtlSendStatus
                0x080069dc       0x3c obj\debug\library\core\src\usbd_ioreq.o
                0x080069dc                USBD_CtlSendStatus
 .text.USBD_CtlReceiveStatus
                0x08006a18       0x3c obj\debug\library\core\src\usbd_ioreq.o
                0x08006a18                USBD_CtlReceiveStatus
 .text.USBD_StdDevReq
                0x08006a54       0xa4 obj\debug\library\core\src\usbd_req.o
                0x08006a54                USBD_StdDevReq
 .text.USBD_StdItfReq
                0x08006af8       0x6c obj\debug\library\core\src\usbd_req.o
                0x08006af8                USBD_StdItfReq
 .text.USBD_StdEPReq
                0x08006b64      0x200 obj\debug\library\core\src\usbd_req.o
                0x08006b64                USBD_StdEPReq
 .text.USBD_GetDescriptor
                0x08006d64      0x1b0 obj\debug\library\core\src\usbd_req.o
 .text.USBD_SetAddress
                0x08006f14       0x80 obj\debug\library\core\src\usbd_req.o
 .text.USBD_SetConfig
                0x08006f94      0x134 obj\debug\library\core\src\usbd_req.o
 .text.USBD_GetConfig
                0x080070c8       0x68 obj\debug\library\core\src\usbd_req.o
 .text.USBD_GetStatus
                0x08007130       0x70 obj\debug\library\core\src\usbd_req.o
 .text.USBD_SetFeature
                0x080071a0       0xfc obj\debug\library\core\src\usbd_req.o
 .text.USBD_ClrFeature
                0x0800729c       0x58 obj\debug\library\core\src\usbd_req.o
 .text.USBD_ParseSetupRequest
                0x080072f4       0x94 obj\debug\library\core\src\usbd_req.o
                0x080072f4                USBD_ParseSetupRequest
 .text.USBD_CtlError
                0x08007388       0x2c obj\debug\library\core\src\usbd_req.o
                0x08007388                USBD_CtlError
 .text.USBD_GetString
                0x080073b4       0x9c obj\debug\library\core\src\usbd_req.o
                0x080073b4                USBD_GetString
 .text.USBD_GetLen
                0x08007450       0x38 obj\debug\library\core\src\usbd_req.o
 .text.sendServoCommand
                0x08007488       0xa4 obj\debug\robot\dynamixel_control.o
                0x08007488                sendServoCommand
 .text.getServoResponse
                0x0800752c      0x190 obj\debug\robot\dynamixel_control.o
                0x0800752c                getServoResponse
 .text.getAndCheckResponse
                0x080076bc       0x58 obj\debug\robot\dynamixel_control.o
                0x080076bc                getAndCheckResponse
 .text.setServoMovingSpeed
                0x08007714       0x88 obj\debug\robot\dynamixel_control.o
                0x08007714                setServoMovingSpeed
 .text.setServoCWAngleLimit
                0x0800779c       0x78 obj\debug\robot\dynamixel_control.o
                0x0800779c                setServoCWAngleLimit
 .text.setServoCCWAngleLimit
                0x08007814       0x78 obj\debug\robot\dynamixel_control.o
                0x08007814                setServoCCWAngleLimit
 .text.sendServoByte
                0x0800788c       0x3c obj\debug\robot\dynamixel_control.o
                0x0800788c                sendServoByte
 .text.clearServoReceiveBuffer
                0x080078c8       0x20 obj\debug\robot\dynamixel_control.o
                0x080078c8                clearServoReceiveBuffer
 .text.getServoBytesAvailable
                0x080078e8       0x44 obj\debug\robot\dynamixel_control.o
                0x080078e8                getServoBytesAvailable
 .text.getServoByte
                0x0800792c       0x58 obj\debug\robot\dynamixel_control.o
                0x0800792c                getServoByte
 .text.USART3_IRQHandler
                0x08007984       0x80 obj\debug\robot\dynamixel_control.o
                0x08007984                USART3_IRQHandler
 .text.removePoint
                0x08007a04       0xcc obj\debug\robot\regulator.o
                0x08007a04                removePoint
 .text.initRegulators
                0x08007ad0      0x1e4 obj\debug\robot\regulator.o
                0x08007ad0                initRegulators
 .text.MaxValue
                0x08007cb4       0x80 obj\debug\robot\regulator.o
                0x08007cb4                MaxValue
 *fill*         0x08007d34        0x4 
 .text.FunctionalRegulator
                0x08007d38      0x278 obj\debug\robot\regulator.o
                0x08007d38                FunctionalRegulator
 .text.Regulate
                0x08007fb0      0x1b8 obj\debug\robot\regulator.o
                0x08007fb0                Regulate
 .text.TrackRegulator
                0x08008168      0x1d8 obj\debug\robot\regulator.o
                0x08008168                TrackRegulator
 .text.rangeAngle
                0x08008340       0xf8 obj\debug\robot\regulator.o
                0x08008340                rangeAngle
 .text.RotMoving
                0x08008438      0x13c obj\debug\robot\regulator.o
                0x08008438                RotMoving
 .text.Moving   0x08008574       0xd4 obj\debug\robot\regulator.o
                0x08008574                Moving
 .text.pidCalc  0x08008648      0x1e8 obj\debug\robot\regulator.o
                0x08008648                pidCalc
 .text.GetDataForRegulators
                0x08008830      0x3d0 obj\debug\robot\regulator.o
                0x08008830                GetDataForRegulators
 .text.pidLowLevel
                0x08008c00       0xc8 obj\debug\robot\regulator.o
                0x08008c00                pidLowLevel
 .text.CreatePath
                0x08008cc8      0x200 obj\debug\robot\regulator.o
                0x08008cc8                CreatePath
 .text.matrixCopy
                0x08008ec8       0x7c obj\debug\robot\matrix.o
                0x08008ec8                matrixCopy
 .text.matrixMultiplyM2M
                0x08008f44       0xe4 obj\debug\robot\matrix.o
                0x08008f44                matrixMultiplyM2M
 .text.matrixMultiplyS2M
                0x08009028       0x8c obj\debug\robot\matrix.o
                0x08009028                matrixMultiplyS2M
 .text.matrixPlusMinus
                0x080090b4      0x128 obj\debug\robot\matrix.o
                0x080090b4                matrixPlusMinus
 .text.matrixTranspose
                0x080091dc       0x7c obj\debug\robot\matrix.o
                0x080091dc                matrixTranspose
 .text.setVoltage
                0x08009258      0x174 obj\debug\robot\robot.o
                0x08009258                setVoltage
 .text.setPWM   0x080093cc       0x84 obj\debug\robot\robot.o
                0x080093cc                setPWM
 .text.pushByte
                0x08009450      0x1b0 obj\debug\robot\robot.o
                0x08009450                pushByte
 .text.sendAnswer
                0x08009600      0x1b8 obj\debug\robot\robot.o
                0x08009600                sendAnswer
 .text.execCommand
                0x080097b8     0x2374 obj\debug\robot\robot.o
                0x080097b8                execCommand
 .text.NMI_Handler
                0x0800bb2c        0xc obj\debug\usb app\stm32fxxx_it.o
                0x0800bb2c                NMI_Handler
 .text.HardFault_Handler
                0x0800bb38        0x8 obj\debug\usb app\stm32fxxx_it.o
                0x0800bb38                HardFault_Handler
 .text.MemManage_Handler
                0x0800bb40        0x8 obj\debug\usb app\stm32fxxx_it.o
                0x0800bb40                MemManage_Handler
 .text.BusFault_Handler
                0x0800bb48        0x8 obj\debug\usb app\stm32fxxx_it.o
                0x0800bb48                BusFault_Handler
 .text.UsageFault_Handler
                0x0800bb50        0x8 obj\debug\usb app\stm32fxxx_it.o
                0x0800bb50                UsageFault_Handler
 .text.SVC_Handler
                0x0800bb58        0xc obj\debug\usb app\stm32fxxx_it.o
                0x0800bb58                SVC_Handler
 .text.DebugMon_Handler
                0x0800bb64        0xc obj\debug\usb app\stm32fxxx_it.o
                0x0800bb64                DebugMon_Handler
 .text.PendSV_Handler
                0x0800bb70        0xc obj\debug\usb app\stm32fxxx_it.o
                0x0800bb70                PendSV_Handler
 .text.SysTick_Handler
                0x0800bb7c        0xc obj\debug\usb app\stm32fxxx_it.o
                0x0800bb7c                SysTick_Handler
 .text.OTG_FS_IRQHandler
                0x0800bb88       0x14 obj\debug\usb app\stm32fxxx_it.o
                0x0800bb88                OTG_FS_IRQHandler
 .text.USB_OTG_BSP_Init
                0x0800bb9c      0x110 obj\debug\usb app\usb_bsp.o
                0x0800bb9c                USB_OTG_BSP_Init
 .text.USB_OTG_BSP_EnableInterrupt
                0x0800bcac       0x3c obj\debug\usb app\usb_bsp.o
                0x0800bcac                USB_OTG_BSP_EnableInterrupt
 .text.USB_OTG_BSP_uDelay
                0x0800bce8       0x58 obj\debug\usb app\usb_bsp.o
                0x0800bce8                USB_OTG_BSP_uDelay
 .text.USB_OTG_BSP_mDelay
                0x0800bd40       0x20 obj\debug\usb app\usb_bsp.o
                0x0800bd40                USB_OTG_BSP_mDelay
 .text.VCP_Init
                0x0800bd60       0x18 obj\debug\usb app\usbd_cdc_vcp.o
 .text.VCP_DeInit
                0x0800bd78       0x10 obj\debug\usb app\usbd_cdc_vcp.o
 .text.VCP_Ctrl
                0x0800bd88      0x1bc obj\debug\usb app\usbd_cdc_vcp.o
 .text.VCP_DataTx
                0x0800bf44       0x10 obj\debug\usb app\usbd_cdc_vcp.o
 .text.VCP_DataRx
                0x0800bf54       0x40 obj\debug\usb app\usbd_cdc_vcp.o
 .text.VCP_COMConfig
                0x0800bf94      0x150 obj\debug\usb app\usbd_cdc_vcp.o
 .text.USBD_USR_DeviceDescriptor
                0x0800c0e4       0x28 obj\debug\usb app\usbd_desc.o
                0x0800c0e4                USBD_USR_DeviceDescriptor
 .text.USBD_USR_LangIDStrDescriptor
                0x0800c10c       0x28 obj\debug\usb app\usbd_desc.o
                0x0800c10c                USBD_USR_LangIDStrDescriptor
 .text.USBD_USR_ProductStrDescriptor
                0x0800c134       0x54 obj\debug\usb app\usbd_desc.o
                0x0800c134                USBD_USR_ProductStrDescriptor
 .text.USBD_USR_ManufacturerStrDescriptor
                0x0800c188       0x34 obj\debug\usb app\usbd_desc.o
                0x0800c188                USBD_USR_ManufacturerStrDescriptor
 .text.USBD_USR_SerialStrDescriptor
                0x0800c1bc       0x2c obj\debug\usb app\usbd_desc.o
                0x0800c1bc                USBD_USR_SerialStrDescriptor
 .text.USBD_USR_ConfigStrDescriptor
                0x0800c1e8       0x54 obj\debug\usb app\usbd_desc.o
                0x0800c1e8                USBD_USR_ConfigStrDescriptor
 .text.USBD_USR_InterfaceStrDescriptor
                0x0800c23c       0x54 obj\debug\usb app\usbd_desc.o
                0x0800c23c                USBD_USR_InterfaceStrDescriptor
 .text.Get_SerialNum
                0x0800c290       0x60 obj\debug\usb app\usbd_desc.o
 .text.IntToUnicode
                0x0800c2f0       0x94 obj\debug\usb app\usbd_desc.o
 .text.USBD_USR_Init
                0x0800c384        0xc obj\debug\usb app\usbd_usr.o
                0x0800c384                USBD_USR_Init
 .text.USBD_USR_DeviceReset
                0x0800c390       0x14 obj\debug\usb app\usbd_usr.o
                0x0800c390                USBD_USR_DeviceReset
 .text.USBD_USR_DeviceConfigured
                0x0800c3a4        0xc obj\debug\usb app\usbd_usr.o
                0x0800c3a4                USBD_USR_DeviceConfigured
 .text.USBD_USR_DeviceSuspended
                0x0800c3b0        0xc obj\debug\usb app\usbd_usr.o
                0x0800c3b0                USBD_USR_DeviceSuspended
 .text.USBD_USR_DeviceResumed
                0x0800c3bc        0xc obj\debug\usb app\usbd_usr.o
                0x0800c3bc                USBD_USR_DeviceResumed
 .text.USBD_USR_DeviceConnected
                0x0800c3c8        0xc obj\debug\usb app\usbd_usr.o
                0x0800c3c8                USBD_USR_DeviceConnected
 .text.USBD_USR_DeviceDisconnected
                0x0800c3d4        0xc obj\debug\usb app\usbd_usr.o
                0x0800c3d4                USBD_USR_DeviceDisconnected
 .text.NVIC_PriorityGroupConfig
                0x0800c3e0       0x28 obj\debug\spl\src\misc.o
                0x0800c3e0                NVIC_PriorityGroupConfig
 .text.NVIC_Init
                0x0800c408       0xe4 obj\debug\spl\src\misc.o
                0x0800c408                NVIC_Init
 .text.GPIO_Init
                0x0800c4ec      0x144 obj\debug\spl\src\stm32f4xx_gpio.o
                0x0800c4ec                GPIO_Init
 .text.GPIO_PinAFConfig
                0x0800c630       0xa8 obj\debug\spl\src\stm32f4xx_gpio.o
                0x0800c630                GPIO_PinAFConfig
 .text.RCC_GetClocksFreq
                0x0800c6d8      0x1cc obj\debug\spl\src\stm32f4xx_rcc.o
                0x0800c6d8                RCC_GetClocksFreq
 .text.RCC_AHB1PeriphClockCmd
                0x0800c8a4       0x54 obj\debug\spl\src\stm32f4xx_rcc.o
                0x0800c8a4                RCC_AHB1PeriphClockCmd
 .text.RCC_AHB2PeriphClockCmd
                0x0800c8f8       0x54 obj\debug\spl\src\stm32f4xx_rcc.o
                0x0800c8f8                RCC_AHB2PeriphClockCmd
 .text.RCC_APB1PeriphClockCmd
                0x0800c94c       0x54 obj\debug\spl\src\stm32f4xx_rcc.o
                0x0800c94c                RCC_APB1PeriphClockCmd
 .text.RCC_APB2PeriphClockCmd
                0x0800c9a0       0x54 obj\debug\spl\src\stm32f4xx_rcc.o
                0x0800c9a0                RCC_APB2PeriphClockCmd
 .text.USART_SendData
                0x0800c9f4       0x28 obj\debug\spl\src\stm32f4xx_usart.o
                0x0800c9f4                USART_SendData
 .text.USART_ReceiveData
                0x0800ca1c       0x24 obj\debug\spl\src\stm32f4xx_usart.o
                0x0800ca1c                USART_ReceiveData
 .text.USART_GetFlagStatus
                0x0800ca40       0x40 obj\debug\spl\src\stm32f4xx_usart.o
                0x0800ca40                USART_GetFlagStatus
 .text.USART_GetITStatus
                0x0800ca80       0xc4 obj\debug\spl\src\stm32f4xx_usart.o
                0x0800ca80                USART_GetITStatus
 .text.main     0x0800cb44       0xa0 obj\debug\src\main.o
                0x0800cb44                main
 .text          0x0800cbe4      0x108 obj\debug\src\startup_stm32f4xx.o
                0x0800cbe4                Reset_Handler
                0x0800cc3c                Default_Handler
                0x0800cc3e                WWDG_IRQHandler
                0x0800cc40                PVD_IRQHandler
                0x0800cc42                TAMP_STAMP_IRQHandler
                0x0800cc44                RTC_WKUP_IRQHandler
                0x0800cc46                FLASH_IRQHandler
                0x0800cc48                RCC_IRQHandler
                0x0800cc54                DMA1_Stream0_IRQHandler
                0x0800cc58                DMA1_Stream2_IRQHandler
                0x0800cc5c                DMA1_Stream4_IRQHandler
                0x0800cc60                DMA1_Stream6_IRQHandler
                0x0800cc62                ADC_IRQHandler
                0x0800cc64                CAN1_TX_IRQHandler
                0x0800cc66                CAN1_RX0_IRQHandler
                0x0800cc68                CAN1_RX1_IRQHandler
                0x0800cc6a                CAN1_SCE_IRQHandler
                0x0800cc6e                TIM1_BRK_TIM9_IRQHandler
                0x0800cc70                TIM1_UP_TIM10_IRQHandler
                0x0800cc72                TIM1_TRG_COM_TIM11_IRQHandler
                0x0800cc74                TIM1_CC_IRQHandler
                0x0800cc78                TIM3_IRQHandler
                0x0800cc7a                TIM4_IRQHandler
                0x0800cc7c                I2C1_EV_IRQHandler
                0x0800cc7e                I2C1_ER_IRQHandler
                0x0800cc80                I2C2_EV_IRQHandler
                0x0800cc82                I2C2_ER_IRQHandler
                0x0800cc84                SPI1_IRQHandler
                0x0800cc86                SPI2_IRQHandler
                0x0800cc88                USART1_IRQHandler
                0x0800cc8a                USART2_IRQHandler
                0x0800cc90                RTC_Alarm_IRQHandler
                0x0800cc92                OTG_FS_WKUP_IRQHandler
                0x0800cc94                TIM8_BRK_TIM12_IRQHandler
                0x0800cc98                TIM8_TRG_COM_TIM14_IRQHandler
                0x0800cc9a                TIM8_CC_IRQHandler
                0x0800cc9c                DMA1_Stream7_IRQHandler
                0x0800cc9e                FSMC_IRQHandler
                0x0800cca0                SDIO_IRQHandler
                0x0800cca2                TIM5_IRQHandler
                0x0800cca4                SPI3_IRQHandler
                0x0800cca6                UART4_IRQHandler
                0x0800cca8                UART5_IRQHandler
                0x0800ccb0                DMA2_Stream1_IRQHandler
                0x0800ccb2                DMA2_Stream2_IRQHandler
                0x0800ccb4                DMA2_Stream3_IRQHandler
                0x0800ccb6                DMA2_Stream4_IRQHandler
                0x0800ccb8                ETH_IRQHandler
                0x0800ccba                ETH_WKUP_IRQHandler
                0x0800ccbc                CAN2_TX_IRQHandler
                0x0800ccbe                CAN2_RX0_IRQHandler
                0x0800ccc0                CAN2_RX1_IRQHandler
                0x0800ccc2                CAN2_SCE_IRQHandler
                0x0800ccc6                DMA2_Stream5_IRQHandler
                0x0800ccc8                DMA2_Stream6_IRQHandler
                0x0800ccca                DMA2_Stream7_IRQHandler
                0x0800cccc                USART6_IRQHandler
                0x0800ccce                I2C3_EV_IRQHandler
                0x0800ccd0                I2C3_ER_IRQHandler
                0x0800ccd2                OTG_HS_EP1_OUT_IRQHandler
                0x0800ccd4                OTG_HS_EP1_IN_IRQHandler
                0x0800ccd6                OTG_HS_WKUP_IRQHandler
                0x0800ccd8                OTG_HS_IRQHandler
                0x0800ccda                DCMI_IRQHandler
                0x0800ccdc                CRYP_IRQHandler
                0x0800ccde                HASH_RNG_IRQHandler
                0x0800cce0                FPU_IRQHandler
 .text.SystemInit
                0x0800ccec       0xb0 obj\debug\src\system_stm32f4xx.o
                0x0800ccec                SystemInit
 .text.SetSysClock
                0x0800cd9c      0x188 obj\debug\src\system_stm32f4xx.o
 .text.initialise_monitor_handles
                0x0800cf24       0xa4 c:/program files (x86)/emblocks/2.30/share/em_armgcc/bin/../lib/gcc/arm-none-eabi/4.7.3/../../../../arm-none-eabi/lib/armv7e-m/fpu\librdimon.a(rdimon-syscalls.o)
                0x0800cf24                initialise_monitor_handles
 .text          0x0800cfc8      0x370 c:/program files (x86)/emblocks/2.30/share/em_armgcc/bin/../lib/gcc/arm-none-eabi/4.7.3/armv7e-m/fpu\libgcc.a(_arm_addsubdf3.o)
                0x0800cfc8                __aeabi_drsub
                0x0800cfd0                __aeabi_dsub
                0x0800cfd0                __subdf3
                0x0800cfd4                __aeabi_dadd
                0x0800cfd4                __adddf3
                0x0800d24c                __floatunsidf
                0x0800d24c                __aeabi_ui2d
                0x0800d26c                __floatsidf
                0x0800d26c                __aeabi_i2d
                0x0800d290                __aeabi_f2d
                0x0800d290                __extendsfdf2
                0x0800d2cc                __floatundidf
                0x0800d2cc                __aeabi_ul2d
                0x0800d2dc                __floatdidf
                0x0800d2dc                __aeabi_l2d
 .text          0x0800d338      0x424 c:/program files (x86)/emblocks/2.30/share/em_armgcc/bin/../lib/gcc/arm-none-eabi/4.7.3/armv7e-m/fpu\libgcc.a(_arm_muldivdf3.o)
                0x0800d338                __aeabi_dmul
                0x0800d338                __muldf3
                0x0800d58c                __divdf3
                0x0800d58c                __aeabi_ddiv
 .text          0x0800d75c      0x110 c:/program files (x86)/emblocks/2.30/share/em_armgcc/bin/../lib/gcc/arm-none-eabi/4.7.3/armv7e-m/fpu\libgcc.a(_arm_cmpdf2.o)
                0x0800d75c                __gtdf2
                0x0800d75c                __gedf2
                0x0800d764                __ltdf2
                0x0800d764                __ledf2
                0x0800d76c                __nedf2
                0x0800d76c                __eqdf2
                0x0800d76c                __cmpdf2
                0x0800d7e8                __aeabi_cdrcmple
                0x0800d7f8                __aeabi_cdcmpeq
                0x0800d7f8                __aeabi_cdcmple
                0x0800d808                __aeabi_dcmpeq
                0x0800d81c                __aeabi_dcmplt
                0x0800d830                __aeabi_dcmple
                0x0800d844                __aeabi_dcmpge
                0x0800d858                __aeabi_dcmpgt
 .text          0x0800d86c       0x50 c:/program files (x86)/emblocks/2.30/share/em_armgcc/bin/../lib/gcc/arm-none-eabi/4.7.3/armv7e-m/fpu\libgcc.a(_arm_fixdfsi.o)
                0x0800d86c                __aeabi_d2iz
                0x0800d86c                __fixdfsi
 .text          0x0800d8bc       0xa0 c:/program files (x86)/emblocks/2.30/share/em_armgcc/bin/../lib/gcc/arm-none-eabi/4.7.3/armv7e-m/fpu\libgcc.a(_arm_truncdfsf2.o)
                0x0800d8bc                __truncdfsf2
                0x0800d8bc                __aeabi_d2f
 .text.__errno  0x0800d95c        0xc c:/program files (x86)/emblocks/2.30/share/em_armgcc/bin/../lib/gcc/arm-none-eabi/4.7.3/../../../../arm-none-eabi/lib/armv7e-m/fpu\libc_f.a(lib_a-errno.o)
                0x0800d95c                __errno
 .text.exit     0x0800d968       0x20 c:/program files (x86)/emblocks/2.30/share/em_armgcc/bin/../lib/gcc/arm-none-eabi/4.7.3/../../../../arm-none-eabi/lib/armv7e-m/fpu\libc_f.a(lib_a-exit.o)
                0x0800d968                exit
 .text.__libc_init_array
                0x0800d988       0x50 c:/program files (x86)/emblocks/2.30/share/em_armgcc/bin/../lib/gcc/arm-none-eabi/4.7.3/../../../../arm-none-eabi/lib/armv7e-m/fpu\libc_f.a(lib_a-init.o)
                0x0800d988                __libc_init_array
 .text          0x0800d9d8      0x134 c:/program files (x86)/emblocks/2.30/share/em_armgcc/bin/../lib/gcc/arm-none-eabi/4.7.3/../../../../arm-none-eabi/lib/armv7e-m/fpu\libc_f.a(lib_a-memcpy.o)
                0x0800d9d8                memcpy
 .text.memset   0x0800db0c       0x98 c:/program files (x86)/emblocks/2.30/share/em_armgcc/bin/../lib/gcc/arm-none-eabi/4.7.3/../../../../arm-none-eabi/lib/armv7e-m/fpu\libc_f.a(lib_a-memset.o)
                0x0800db0c                memset
 .text.strlen   0x0800dba4       0x60 c:/program files (x86)/emblocks/2.30/share/em_armgcc/bin/../lib/gcc/arm-none-eabi/4.7.3/../../../../arm-none-eabi/lib/armv7e-m/fpu\libc_f.a(lib_a-strlen.o)
                0x0800dba4                strlen
 .text.startup.register_fini
                0x0800dc04       0x14 c:/program files (x86)/emblocks/2.30/share/em_armgcc/bin/../lib/gcc/arm-none-eabi/4.7.3/../../../../arm-none-eabi/lib/armv7e-m/fpu\libc_f.a(lib_a-__call_atexit.o)
 .text.__call_exitprocs
                0x0800dc18      0x164 c:/program files (x86)/emblocks/2.30/share/em_armgcc/bin/../lib/gcc/arm-none-eabi/4.7.3/../../../../arm-none-eabi/lib/armv7e-m/fpu\libc_f.a(lib_a-__call_atexit.o)
                0x0800dc18                __call_exitprocs
 .text.atexit   0x0800dd7c        0xc c:/program files (x86)/emblocks/2.30/share/em_armgcc/bin/../lib/gcc/arm-none-eabi/4.7.3/../../../../arm-none-eabi/lib/armv7e-m/fpu\libc_f.a(lib_a-atexit.o)
                0x0800dd7c                atexit
 .text.__libc_fini_array
                0x0800dd88       0x2c c:/program files (x86)/emblocks/2.30/share/em_armgcc/bin/../lib/gcc/arm-none-eabi/4.7.3/../../../../arm-none-eabi/lib/armv7e-m/fpu\libc_f.a(lib_a-fini.o)
                0x0800dd88                __libc_fini_array
 .text.__register_exitproc
                0x0800ddb4       0xb0 c:/program files (x86)/emblocks/2.30/share/em_armgcc/bin/../lib/gcc/arm-none-eabi/4.7.3/../../../../arm-none-eabi/lib/armv7e-m/fpu\libc_f.a(lib_a-__atexit.o)
                0x0800ddb4                __register_exitproc
 *fill*         0x0800de64        0x4 
 .text.atan     0x0800de68      0x3b0 c:/program files (x86)/emblocks/2.30/share/em_armgcc/bin/../lib/gcc/arm-none-eabi/4.7.3/../../../../arm-none-eabi/lib/armv7e-m/fpu\libm_f.a(lib_a-s_atan.o)
                0x0800de68                atan
 .text.cos      0x0800e218       0xb0 c:/program files (x86)/emblocks/2.30/share/em_armgcc/bin/../lib/gcc/arm-none-eabi/4.7.3/../../../../arm-none-eabi/lib/armv7e-m/fpu\libm_f.a(lib_a-s_cos.o)
                0x0800e218                cos
 .text.fabs     0x0800e2c8       0x14 c:/program files (x86)/emblocks/2.30/share/em_armgcc/bin/../lib/gcc/arm-none-eabi/4.7.3/../../../../arm-none-eabi/lib/armv7e-m/fpu\libm_f.a(lib_a-s_fabs.o)
                0x0800e2c8                fabs
 *fill*         0x0800e2dc        0x4 
 .text.sin      0x0800e2e0       0xb0 c:/program files (x86)/emblocks/2.30/share/em_armgcc/bin/../lib/gcc/arm-none-eabi/4.7.3/../../../../arm-none-eabi/lib/armv7e-m/fpu\libm_f.a(lib_a-s_sin.o)
                0x0800e2e0                sin
 .text.cosf     0x0800e390       0x74 c:/program files (x86)/emblocks/2.30/share/em_armgcc/bin/../lib/gcc/arm-none-eabi/4.7.3/../../../../arm-none-eabi/lib/armv7e-m/fpu\libm_f.a(lib_a-sf_cos.o)
                0x0800e390                cosf
 .text.fabsf    0x0800e404       0x10 c:/program files (x86)/emblocks/2.30/share/em_armgcc/bin/../lib/gcc/arm-none-eabi/4.7.3/../../../../arm-none-eabi/lib/armv7e-m/fpu\libm_f.a(lib_a-sf_fabs.o)
                0x0800e404                fabsf
 .text.sinf     0x0800e414       0x78 c:/program files (x86)/emblocks/2.30/share/em_armgcc/bin/../lib/gcc/arm-none-eabi/4.7.3/../../../../arm-none-eabi/lib/armv7e-m/fpu\libm_f.a(lib_a-sf_sin.o)
                0x0800e414                sinf
 .text.fmod     0x0800e48c       0xd4 c:/program files (x86)/emblocks/2.30/share/em_armgcc/bin/../lib/gcc/arm-none-eabi/4.7.3/../../../../arm-none-eabi/lib/armv7e-m/fpu\libm_f.a(lib_a-w_fmod.o)
                0x0800e48c                fmod
 .text.sqrt     0x0800e560       0xb4 c:/program files (x86)/emblocks/2.30/share/em_armgcc/bin/../lib/gcc/arm-none-eabi/4.7.3/../../../../arm-none-eabi/lib/armv7e-m/fpu\libm_f.a(lib_a-w_sqrt.o)
                0x0800e560                sqrt
 .text.sqrtf    0x0800e614       0xb0 c:/program files (x86)/emblocks/2.30/share/em_armgcc/bin/../lib/gcc/arm-none-eabi/4.7.3/../../../../arm-none-eabi/lib/armv7e-m/fpu\libm_f.a(lib_a-wf_sqrt.o)
                0x0800e614                sqrtf
 *fill*         0x0800e6c4        0x4 
 .text.__ieee754_fmod
                0x0800e6c8      0x298 c:/program files (x86)/emblocks/2.30/share/em_armgcc/bin/../lib/gcc/arm-none-eabi/4.7.3/../../../../arm-none-eabi/lib/armv7e-m/fpu\libm_f.a(lib_a-e_fmod.o)
                0x0800e6c8                __ieee754_fmod
 .text.__ieee754_rem_pio2
                0x0800e960      0x408 c:/program files (x86)/emblocks/2.30/share/em_armgcc/bin/../lib/gcc/arm-none-eabi/4.7.3/../../../../arm-none-eabi/lib/armv7e-m/fpu\libm_f.a(lib_a-e_rem_pio2.o)
                0x0800e960                __ieee754_rem_pio2
 .text.__ieee754_sqrt
                0x0800ed68      0x1a8 c:/program files (x86)/emblocks/2.30/share/em_armgcc/bin/../lib/gcc/arm-none-eabi/4.7.3/../../../../arm-none-eabi/lib/armv7e-m/fpu\libm_f.a(lib_a-e_sqrt.o)
                0x0800ed68                __ieee754_sqrt
 .text.__ieee754_rem_pio2f
                0x0800ef10      0x25c c:/program files (x86)/emblocks/2.30/share/em_armgcc/bin/../lib/gcc/arm-none-eabi/4.7.3/../../../../arm-none-eabi/lib/armv7e-m/fpu\libm_f.a(lib_a-ef_rem_pio2.o)
                0x0800ef10                __ieee754_rem_pio2f
 .text.__ieee754_sqrtf
                0x0800f16c       0xa8 c:/program files (x86)/emblocks/2.30/share/em_armgcc/bin/../lib/gcc/arm-none-eabi/4.7.3/../../../../arm-none-eabi/lib/armv7e-m/fpu\libm_f.a(lib_a-ef_sqrt.o)
                0x0800f16c                __ieee754_sqrtf
 *fill*         0x0800f214        0x4 
 .text.__kernel_cos
                0x0800f218      0x260 c:/program files (x86)/emblocks/2.30/share/em_armgcc/bin/../lib/gcc/arm-none-eabi/4.7.3/../../../../arm-none-eabi/lib/armv7e-m/fpu\libm_f.a(lib_a-k_cos.o)
                0x0800f218                __kernel_cos
 .text.__kernel_rem_pio2
                0x0800f478      0x768 c:/program files (x86)/emblocks/2.30/share/em_armgcc/bin/../lib/gcc/arm-none-eabi/4.7.3/../../../../arm-none-eabi/lib/armv7e-m/fpu\libm_f.a(lib_a-k_rem_pio2.o)
                0x0800f478                __kernel_rem_pio2
 .text.__kernel_sin
                0x0800fbe0      0x178 c:/program files (x86)/emblocks/2.30/share/em_armgcc/bin/../lib/gcc/arm-none-eabi/4.7.3/../../../../arm-none-eabi/lib/armv7e-m/fpu\libm_f.a(lib_a-k_sin.o)
                0x0800fbe0                __kernel_sin
 .text.__kernel_cosf
                0x0800fd58      0x100 c:/program files (x86)/emblocks/2.30/share/em_armgcc/bin/../lib/gcc/arm-none-eabi/4.7.3/../../../../arm-none-eabi/lib/armv7e-m/fpu\libm_f.a(lib_a-kf_cos.o)
                0x0800fd58                __kernel_cosf
 .text.__kernel_rem_pio2f
                0x0800fe58      0x5e0 c:/program files (x86)/emblocks/2.30/share/em_armgcc/bin/../lib/gcc/arm-none-eabi/4.7.3/../../../../arm-none-eabi/lib/armv7e-m/fpu\libm_f.a(lib_a-kf_rem_pio2.o)
                0x0800fe58                __kernel_rem_pio2f
 .text.__kernel_sinf
                0x08010438       0x90 c:/program files (x86)/emblocks/2.30/share/em_armgcc/bin/../lib/gcc/arm-none-eabi/4.7.3/../../../../arm-none-eabi/lib/armv7e-m/fpu\libm_f.a(lib_a-kf_sin.o)
                0x08010438                __kernel_sinf
 .text.floor    0x080104c8      0x110 c:/program files (x86)/emblocks/2.30/share/em_armgcc/bin/../lib/gcc/arm-none-eabi/4.7.3/../../../../arm-none-eabi/lib/armv7e-m/fpu\libm_f.a(lib_a-s_floor.o)
                0x080104c8                floor
 .text.__fpclassifyd
                0x080105d8       0x54 c:/program files (x86)/emblocks/2.30/share/em_armgcc/bin/../lib/gcc/arm-none-eabi/4.7.3/../../../../arm-none-eabi/lib/armv7e-m/fpu\libm_f.a(lib_a-s_fpclassify.o)
                0x080105d8                __fpclassifyd
 .text.matherr  0x0801062c        0x4 c:/program files (x86)/emblocks/2.30/share/em_armgcc/bin/../lib/gcc/arm-none-eabi/4.7.3/../../../../arm-none-eabi/lib/armv7e-m/fpu\libm_f.a(lib_a-s_matherr.o)
                0x0801062c                matherr
 .text.scalbn   0x08010630      0x110 c:/program files (x86)/emblocks/2.30/share/em_armgcc/bin/../lib/gcc/arm-none-eabi/4.7.3/../../../../arm-none-eabi/lib/armv7e-m/fpu\libm_f.a(lib_a-s_scalbn.o)
                0x08010630                scalbn
 .text.floorf   0x08010740       0x84 c:/program files (x86)/emblocks/2.30/share/em_armgcc/bin/../lib/gcc/arm-none-eabi/4.7.3/../../../../arm-none-eabi/lib/armv7e-m/fpu\libm_f.a(lib_a-sf_floor.o)
                0x08010740                floorf
 .text.__fpclassifyf
                0x080107c4       0x38 c:/program files (x86)/emblocks/2.30/share/em_armgcc/bin/../lib/gcc/arm-none-eabi/4.7.3/../../../../arm-none-eabi/lib/armv7e-m/fpu\libm_f.a(lib_a-sf_fpclassify.o)
                0x080107c4                __fpclassifyf
 .text.scalbnf  0x080107fc       0xcc c:/program files (x86)/emblocks/2.30/share/em_armgcc/bin/../lib/gcc/arm-none-eabi/4.7.3/../../../../arm-none-eabi/lib/armv7e-m/fpu\libm_f.a(lib_a-sf_scalbn.o)
                0x080107fc                scalbnf
 .text.copysign
                0x080108c8       0x24 c:/program files (x86)/emblocks/2.30/share/em_armgcc/bin/../lib/gcc/arm-none-eabi/4.7.3/../../../../arm-none-eabi/lib/armv7e-m/fpu\libm_f.a(lib_a-s_copysign.o)
                0x080108c8                copysign
 .text.copysignf
                0x080108ec       0x18 c:/program files (x86)/emblocks/2.30/share/em_armgcc/bin/../lib/gcc/arm-none-eabi/4.7.3/../../../../arm-none-eabi/lib/armv7e-m/fpu\libm_f.a(lib_a-sf_copysign.o)
                0x080108ec                copysignf
 .text._exit    0x08010904        0x4 c:/program files (x86)/emblocks/2.30/share/em_armgcc/bin/../lib/gcc/arm-none-eabi/4.7.3/../../../../arm-none-eabi/lib/armv7e-m/fpu\libnosys_f.a(_exit.o)
                0x08010904                _exit
 *(.init)
 .init          0x08010908        0x4 c:/program files (x86)/emblocks/2.30/share/em_armgcc/bin/../lib/gcc/arm-none-eabi/4.7.3/armv7e-m/fpu/crti.o
                0x08010908                _init
 .init          0x0801090c        0x8 c:/program files (x86)/emblocks/2.30/share/em_armgcc/bin/../lib/gcc/arm-none-eabi/4.7.3/armv7e-m/fpu/crtn.o
 *(.fini)
 .fini          0x08010914        0x4 c:/program files (x86)/emblocks/2.30/share/em_armgcc/bin/../lib/gcc/arm-none-eabi/4.7.3/armv7e-m/fpu/crti.o
                0x08010914                _fini
 .fini          0x08010918        0x8 c:/program files (x86)/emblocks/2.30/share/em_armgcc/bin/../lib/gcc/arm-none-eabi/4.7.3/armv7e-m/fpu/crtn.o
 *crtbegin.o(.ctors)
 *crtbegin?.o(.ctors)
 *(EXCLUDE_FILE(*crtend.o *crtend?.o) .ctors)
 *(SORT(.ctors.*))
 *(.ctors)
 *crtbegin.o(.dtors)
 *crtbegin?.o(.dtors)
 *(EXCLUDE_FILE(*crtend.o *crtend?.o) .dtors)
 *(SORT(.dtors.*))
 *(.dtors)
 *(.rodata*)
 .rodata        0x08010920       0xa0 obj\debug\robot\regulator.o
 .rodata        0x080109c0       0x18 obj\debug\robot\robot.o
 .rodata        0x080109d8       0x78 obj\debug\usb app\usbd_desc.o
 .rodata.str1.1
                0x08010a50        0x4 c:/program files (x86)/emblocks/2.30/share/em_armgcc/bin/../lib/gcc/arm-none-eabi/4.7.3/../../../../arm-none-eabi/lib/armv7e-m/fpu\librdimon.a(rdimon-syscalls.o)
 .rodata.str1.4
                0x08010a54        0x2 c:/program files (x86)/emblocks/2.30/share/em_armgcc/bin/../lib/gcc/arm-none-eabi/4.7.3/../../../../arm-none-eabi/lib/armv7e-m/fpu\libc_f.a(lib_a-impure.o)
                                  0x4 (size before relaxing)
 *fill*         0x08010a56        0x2 
 .rodata._global_impure_ptr
                0x08010a58        0x4 c:/program files (x86)/emblocks/2.30/share/em_armgcc/bin/../lib/gcc/arm-none-eabi/4.7.3/../../../../arm-none-eabi/lib/armv7e-m/fpu\libc_f.a(lib_a-impure.o)
                0x08010a58                _global_impure_ptr
 *fill*         0x08010a5c        0x4 
 .rodata.atanlo
                0x08010a60       0x20 c:/program files (x86)/emblocks/2.30/share/em_armgcc/bin/../lib/gcc/arm-none-eabi/4.7.3/../../../../arm-none-eabi/lib/armv7e-m/fpu\libm_f.a(lib_a-s_atan.o)
 .rodata.atanhi
                0x08010a80       0x20 c:/program files (x86)/emblocks/2.30/share/em_armgcc/bin/../lib/gcc/arm-none-eabi/4.7.3/../../../../arm-none-eabi/lib/armv7e-m/fpu\libm_f.a(lib_a-s_atan.o)
 .rodata.str1.4
                0x08010aa0        0x5 c:/program files (x86)/emblocks/2.30/share/em_armgcc/bin/../lib/gcc/arm-none-eabi/4.7.3/../../../../arm-none-eabi/lib/armv7e-m/fpu\libm_f.a(lib_a-w_fmod.o)
                                  0x8 (size before relaxing)
 *fill*         0x08010aa5        0x3 
 .rodata.str1.4
                0x08010aa8        0x5 c:/program files (x86)/emblocks/2.30/share/em_armgcc/bin/../lib/gcc/arm-none-eabi/4.7.3/../../../../arm-none-eabi/lib/armv7e-m/fpu\libm_f.a(lib_a-w_sqrt.o)
                                  0x8 (size before relaxing)
 *fill*         0x08010aad        0x3 
 .rodata.str1.4
                0x08010ab0        0x8 c:/program files (x86)/emblocks/2.30/share/em_armgcc/bin/../lib/gcc/arm-none-eabi/4.7.3/../../../../arm-none-eabi/lib/armv7e-m/fpu\libm_f.a(lib_a-wf_sqrt.o)
 .rodata.Zero   0x08010ab8       0x10 c:/program files (x86)/emblocks/2.30/share/em_armgcc/bin/../lib/gcc/arm-none-eabi/4.7.3/../../../../arm-none-eabi/lib/armv7e-m/fpu\libm_f.a(lib_a-e_fmod.o)
 .rodata.npio2_hw
                0x08010ac8       0x80 c:/program files (x86)/emblocks/2.30/share/em_armgcc/bin/../lib/gcc/arm-none-eabi/4.7.3/../../../../arm-none-eabi/lib/armv7e-m/fpu\libm_f.a(lib_a-e_rem_pio2.o)
 .rodata.two_over_pi
                0x08010b48      0x108 c:/program files (x86)/emblocks/2.30/share/em_armgcc/bin/../lib/gcc/arm-none-eabi/4.7.3/../../../../arm-none-eabi/lib/armv7e-m/fpu\libm_f.a(lib_a-e_rem_pio2.o)
 .rodata.npio2_hw
                0x08010c50       0x80 c:/program files (x86)/emblocks/2.30/share/em_armgcc/bin/../lib/gcc/arm-none-eabi/4.7.3/../../../../arm-none-eabi/lib/armv7e-m/fpu\libm_f.a(lib_a-ef_rem_pio2.o)
 .rodata.two_over_pi
                0x08010cd0      0x318 c:/program files (x86)/emblocks/2.30/share/em_armgcc/bin/../lib/gcc/arm-none-eabi/4.7.3/../../../../arm-none-eabi/lib/armv7e-m/fpu\libm_f.a(lib_a-ef_rem_pio2.o)
 .rodata.init_jk
                0x08010fe8       0x10 c:/program files (x86)/emblocks/2.30/share/em_armgcc/bin/../lib/gcc/arm-none-eabi/4.7.3/../../../../arm-none-eabi/lib/armv7e-m/fpu\libm_f.a(lib_a-k_rem_pio2.o)
 .rodata.PIo2   0x08010ff8       0x40 c:/program files (x86)/emblocks/2.30/share/em_armgcc/bin/../lib/gcc/arm-none-eabi/4.7.3/../../../../arm-none-eabi/lib/armv7e-m/fpu\libm_f.a(lib_a-k_rem_pio2.o)
 .rodata.init_jk
                0x08011038        0xc c:/program files (x86)/emblocks/2.30/share/em_armgcc/bin/../lib/gcc/arm-none-eabi/4.7.3/../../../../arm-none-eabi/lib/armv7e-m/fpu\libm_f.a(lib_a-kf_rem_pio2.o)
 .rodata.PIo2   0x08011044       0x2c c:/program files (x86)/emblocks/2.30/share/em_armgcc/bin/../lib/gcc/arm-none-eabi/4.7.3/../../../../arm-none-eabi/lib/armv7e-m/fpu\libm_f.a(lib_a-kf_rem_pio2.o)
 *(.eh_frame*)
 .eh_frame      0x08011070        0x0 c:/program files (x86)/emblocks/2.30/share/em_armgcc/bin/../lib/gcc/arm-none-eabi/4.7.3/armv7e-m/fpu/crtbegin.o
 .eh_frame      0x08011070        0x4 c:/program files (x86)/emblocks/2.30/share/em_armgcc/bin/../lib/gcc/arm-none-eabi/4.7.3/armv7e-m/fpu/crtend.o

.glue_7         0x08011074        0x0
 .glue_7        0x00000000        0x0 linker stubs

.glue_7t        0x08011074        0x0
 .glue_7t       0x00000000        0x0 linker stubs

.vfp11_veneer   0x08011074        0x0
 .vfp11_veneer  0x00000000        0x0 linker stubs

.v4_bx          0x08011074        0x0
 .v4_bx         0x00000000        0x0 linker stubs

.iplt           0x08011074        0x0
 .iplt          0x00000000        0x0 c:/program files (x86)/emblocks/2.30/share/em_armgcc/bin/../lib/gcc/arm-none-eabi/4.7.3/armv7e-m/fpu/crtbegin.o

.ARM.extab
 *(.ARM.extab* .gnu.linkonce.armextab.*)
                0x08011074                __exidx_start = .

.ARM.exidx      0x08011074        0x8
 *(.ARM.exidx* .gnu.linkonce.armexidx.*)
 .ARM.exidx     0x08011074        0x8 c:/program files (x86)/emblocks/2.30/share/em_armgcc/bin/../lib/gcc/arm-none-eabi/4.7.3/../../../../arm-none-eabi/lib/armv7e-m/fpu/rdimon-crt0.o
                0x0801107c                __exidx_end = .
                0x0801107c                __etext = .

.rel.dyn        0x0801107c        0x0
 .rel.iplt      0x00000000        0x0 c:/program files (x86)/emblocks/2.30/share/em_armgcc/bin/../lib/gcc/arm-none-eabi/4.7.3/armv7e-m/fpu/crtbegin.o

.data           0x20000000      0xb5c load address 0x0801107c
                0x20000000                __data_start__ = .
 *(vtable)
 *(.data*)
 .data          0x20000000      0x110 c:/program files (x86)/emblocks/2.30/share/em_armgcc/bin/../lib/gcc/arm-none-eabi/4.7.3/../../../../arm-none-eabi/lib/armv7e-m/fpu/rdimon-crt0.o
                0x20000008                __stack_base__
 .data.dmaData  0x20000110       0x24 obj\debug\board\usart.o
                0x20000110                dmaData
 .data.encData  0x20000134       0x1c obj\debug\board\usart.o
                0x20000134                encData
 .data.usbd_cdc_CfgDesc
                0x20000150       0x44 obj\debug\library\cdc\src\usbd_cdc_core.o
                0x20000150                usbd_cdc_CfgDesc
 .data.cdcCmd   0x20000194        0x4 obj\debug\library\cdc\src\usbd_cdc_core.o
 .data.USBD_CDC_cb
                0x20000198       0x2c obj\debug\library\cdc\src\usbd_cdc_core.o
                0x20000198                USBD_CDC_cb
 .data.USBD_DCD_INT_cb
                0x200001c4       0x2c obj\debug\library\core\src\usbd_core.o
                0x200001c4                USBD_DCD_INT_cb
 .data.USBD_DCD_INT_fops
                0x200001f0        0x4 obj\debug\library\core\src\usbd_core.o
                0x200001f0                USBD_DCD_INT_fops
 .data.receiveBufferStart
                0x200001f4        0x4 obj\debug\robot\dynamixel_control.o
                0x200001f4                receiveBufferStart
 .data.receiveBufferEnd
                0x200001f8        0x4 obj\debug\robot\dynamixel_control.o
                0x200001f8                receiveBufferEnd
 .data.points   0x200001fc      0x320 obj\debug\robot\regulator.o
                0x200001fc                points
 .data.normalVel
                0x2000051c       0x14 obj\debug\robot\regulator.o
                0x2000051c                normalVel
 .data.stopVel  0x20000530       0x14 obj\debug\robot\regulator.o
                0x20000530                stopVel
 .data.standVel
                0x20000544       0x14 obj\debug\robot\regulator.o
                0x20000544                standVel
 .data.normalRot
                0x20000558       0x14 obj\debug\robot\regulator.o
                0x20000558                normalRot
 .data.stopRot  0x2000056c       0x14 obj\debug\robot\regulator.o
                0x2000056c                stopRot
 .data.standRot
                0x20000580       0x14 obj\debug\robot\regulator.o
                0x20000580                standRot
 .data.speedType
                0x20000594        0xc obj\debug\robot\regulator.o
                0x20000594                speedType
 .data.rotType  0x200005a0        0xc obj\debug\robot\regulator.o
                0x200005a0                rotType
 .data.curState
                0x200005ac        0x4 obj\debug\robot\robot.o
                0x200005ac                curState
 .data.inCommand
                0x200005b0        0x8 obj\debug\robot\robot.o
                0x200005b0                inCommand
 .data.PWM_CCR  0x200005b8       0x28 obj\debug\robot\robot.o
                0x200005b8                PWM_CCR
 .data.PWM_DIR  0x200005e0       0x28 obj\debug\robot\robot.o
                0x200005e0                PWM_DIR
 .data.GENERAL_PIN
                0x20000608       0x28 obj\debug\robot\robot.o
                0x20000608                GENERAL_PIN
 .data.EXTI_PIN
                0x20000630       0x28 obj\debug\robot\robot.o
                0x20000630                EXTI_PIN
 .data.V12_PIN  0x20000658       0x18 obj\debug\robot\robot.o
                0x20000658                V12_PIN
 .data.encCnt   0x20000670       0x10 obj\debug\robot\robot.o
                0x20000670                encCnt
 .data.WHEELS   0x20000680        0x4 obj\debug\robot\robot.o
                0x20000680                WHEELS
 .data.linecoding
                0x20000684        0x8 obj\debug\usb app\usbd_cdc_vcp.o
                0x20000684                linecoding
 .data.VCP_fops
                0x2000068c       0x14 obj\debug\usb app\usbd_cdc_vcp.o
                0x2000068c                VCP_fops
 .data.USR_desc
                0x200006a0       0x1c obj\debug\usb app\usbd_desc.o
                0x200006a0                USR_desc
 .data.USBD_DeviceDesc
                0x200006bc       0x14 obj\debug\usb app\usbd_desc.o
                0x200006bc                USBD_DeviceDesc
 .data.USBD_LangIDDesc
                0x200006d0        0x4 obj\debug\usb app\usbd_desc.o
                0x200006d0                USBD_LangIDDesc
 .data.USBD_StringSerial
                0x200006d4       0x1c obj\debug\usb app\usbd_desc.o
                0x200006d4                USBD_StringSerial
 .data.USR_cb   0x200006f0       0x1c obj\debug\usb app\usbd_usr.o
                0x200006f0                USR_cb
 .data.APBAHBPrescTable
                0x2000070c       0x10 obj\debug\spl\src\stm32f4xx_rcc.o
 *fill*         0x2000071c        0x4 
 .data.impure_data
                0x20000720      0x428 c:/program files (x86)/emblocks/2.30/share/em_armgcc/bin/../lib/gcc/arm-none-eabi/4.7.3/../../../../arm-none-eabi/lib/armv7e-m/fpu\libc_f.a(lib_a-impure.o)
 .data._impure_ptr
                0x20000b48        0x4 c:/program files (x86)/emblocks/2.30/share/em_armgcc/bin/../lib/gcc/arm-none-eabi/4.7.3/../../../../arm-none-eabi/lib/armv7e-m/fpu\libc_f.a(lib_a-impure.o)
                0x20000b48                _impure_ptr
 .data.__fdlib_version
                0x20000b4c        0x1 c:/program files (x86)/emblocks/2.30/share/em_armgcc/bin/../lib/gcc/arm-none-eabi/4.7.3/../../../../arm-none-eabi/lib/armv7e-m/fpu\libm_f.a(lib_a-s_lib_ver.o)
                0x20000b4c                __fdlib_version
                0x20000b50                . = ALIGN (0x4)
 *fill*         0x20000b4d        0x3 
                0x20000b50                PROVIDE (__preinit_array_start, .)
 *(.preinit_array)
                0x20000b50                PROVIDE (__preinit_array_end, .)
                0x20000b50                . = ALIGN (0x4)
                0x20000b50                PROVIDE (__init_array_start, .)
 *(SORT(.init_array.*))
 .init_array.00000
                0x20000b50        0x4 c:/program files (x86)/emblocks/2.30/share/em_armgcc/bin/../lib/gcc/arm-none-eabi/4.7.3/../../../../arm-none-eabi/lib/armv7e-m/fpu\libc_f.a(lib_a-__call_atexit.o)
 *(.init_array)
 .init_array    0x20000b54        0x4 c:/program files (x86)/emblocks/2.30/share/em_armgcc/bin/../lib/gcc/arm-none-eabi/4.7.3/armv7e-m/fpu/crtbegin.o
                0x20000b58                PROVIDE (__init_array_end, .)
                0x20000b58                . = ALIGN (0x4)
                0x20000b58                PROVIDE (__fini_array_start, .)
 *(SORT(.fini_array.*))
 *(.fini_array)
 .fini_array    0x20000b58        0x4 c:/program files (x86)/emblocks/2.30/share/em_armgcc/bin/../lib/gcc/arm-none-eabi/4.7.3/armv7e-m/fpu/crtbegin.o
                0x20000b5c                PROVIDE (__fini_array_end, .)
                0x20000b5c                . = ALIGN (0x4)
                0x20000b5c                __data_end__ = .

.jcr            0x20000b5c        0x0 load address 0x08011bd8
 .jcr           0x20000b5c        0x0 c:/program files (x86)/emblocks/2.30/share/em_armgcc/bin/../lib/gcc/arm-none-eabi/4.7.3/armv7e-m/fpu/crtbegin.o

.igot.plt       0x20000b5c        0x0 load address 0x08011bd8
 .igot.plt      0x00000000        0x0 c:/program files (x86)/emblocks/2.30/share/em_armgcc/bin/../lib/gcc/arm-none-eabi/4.7.3/armv7e-m/fpu/crtbegin.o

.bss            0x20000b5c     0x1490 load address 0x08011bd8
                0x20000b5c                __bss_start__ = .
 *(.bss*)
 .bss           0x20000b5c       0x1c c:/program files (x86)/emblocks/2.30/share/em_armgcc/bin/../lib/gcc/arm-none-eabi/4.7.3/armv7e-m/fpu/crtbegin.o
 .bss.int_cnt   0x20000b78        0x2 obj\debug\board\interrupts.o
                0x20000b78                int_cnt
 *fill*         0x20000b7a        0x2 
 .bss.usbd_cdc_AltSet
                0x20000b7c        0x4 obj\debug\library\cdc\src\usbd_cdc_core.o
 .bss.APP_Rx_ptr_in
                0x20000b80        0x4 obj\debug\library\cdc\src\usbd_cdc_core.o
                0x20000b80                APP_Rx_ptr_in
 .bss.APP_Rx_ptr_out
                0x20000b84        0x4 obj\debug\library\cdc\src\usbd_cdc_core.o
                0x20000b84                APP_Rx_ptr_out
 .bss.APP_Rx_length
                0x20000b88        0x4 obj\debug\library\cdc\src\usbd_cdc_core.o
                0x20000b88                APP_Rx_length
 .bss.USB_Tx_State
                0x20000b8c        0x1 obj\debug\library\cdc\src\usbd_cdc_core.o
                0x20000b8c                USB_Tx_State
 *fill*         0x20000b8d        0x3 
 .bss.cdcLen    0x20000b90        0x4 obj\debug\library\cdc\src\usbd_cdc_core.o
 .bss.FrameCount.8664
                0x20000b94        0x4 obj\debug\library\cdc\src\usbd_cdc_core.o
 .bss.USBD_ep_status
                0x20000b98        0x4 obj\debug\library\core\src\usbd_req.o
                0x20000b98                USBD_ep_status
 .bss.USBD_default_cfg
                0x20000b9c        0x4 obj\debug\library\core\src\usbd_req.o
                0x20000b9c                USBD_default_cfg
 .bss.USBD_cfg_status
                0x20000ba0        0x4 obj\debug\library\core\src\usbd_req.o
                0x20000ba0                USBD_cfg_status
 .bss.cfgidx.8673
                0x20000ba4        0x1 obj\debug\library\core\src\usbd_req.o
 .bss.servoErrorCode
                0x20000ba5        0x1 obj\debug\robot\dynamixel_control.o
                0x20000ba5                servoErrorCode
 *fill*         0x20000ba6        0x2 
 .bss.regulatorOut
                0x20000ba8       0x10 obj\debug\robot\regulator.o
                0x20000ba8                regulatorOut
 .bss.vTargetGlob
                0x20000bb8        0xc obj\debug\robot\regulator.o
                0x20000bb8                vTargetGlob
 .bss.totalPointComplite
                0x20000bc4        0x2 obj\debug\robot\regulator.o
                0x20000bc4                totalPointComplite
 .bss.lastPoint
                0x20000bc6        0x1 obj\debug\robot\regulator.o
                0x20000bc6                lastPoint
 *fill*         0x20000bc7        0x1 
 .bss.robotCoordTarget
                0x20000bc8        0xc obj\debug\robot\robot.o
                0x20000bc8                robotCoordTarget
 .bss.motorCoord
                0x20000bd4       0x10 obj\debug\robot\robot.o
                0x20000bd4                motorCoord
 .bss.robotCoord
                0x20000be4        0xc obj\debug\robot\robot.o
                0x20000be4                robotCoord
 .bss.robotSpeed
                0x20000bf0        0xc obj\debug\robot\robot.o
                0x20000bf0                robotSpeed
 .bss.command   0x20000bfc        0x1 obj\debug\src\main.o
                0x20000bfc                command
 *fill*         0x20000bfd        0x3 
 .bss.monitor_stdout
                0x20000c00        0x4 c:/program files (x86)/emblocks/2.30/share/em_armgcc/bin/../lib/gcc/arm-none-eabi/4.7.3/../../../../arm-none-eabi/lib/armv7e-m/fpu\librdimon.a(rdimon-syscalls.o)
 .bss.monitor_stdin
                0x20000c04        0x4 c:/program files (x86)/emblocks/2.30/share/em_armgcc/bin/../lib/gcc/arm-none-eabi/4.7.3/../../../../arm-none-eabi/lib/armv7e-m/fpu\librdimon.a(rdimon-syscalls.o)
 .bss.monitor_stderr
                0x20000c08        0x4 c:/program files (x86)/emblocks/2.30/share/em_armgcc/bin/../lib/gcc/arm-none-eabi/4.7.3/../../../../arm-none-eabi/lib/armv7e-m/fpu\librdimon.a(rdimon-syscalls.o)
 .bss.openfiles
                0x20000c0c       0xa0 c:/program files (x86)/emblocks/2.30/share/em_armgcc/bin/../lib/gcc/arm-none-eabi/4.7.3/../../../../arm-none-eabi/lib/armv7e-m/fpu\librdimon.a(rdimon-syscalls.o)
 *(COMMON)
 COMMON         0x20000cac        0x3 obj\debug\board\interrupts.o
                0x20000cac                traceFlag
                0x20000cad                endFlag
                0x20000cae                movFlag
 *fill*         0x20000caf        0x1 
 COMMON         0x20000cb0       0xce obj\debug\board\usart.o
                0x20000cb0                Buffer
                0x20000d78                usart3Data
 *fill*         0x20000d7e        0x2 
 COMMON         0x20000d80      0x88c obj\debug\library\cdc\src\usbd_cdc_core.o
                0x20000d80                usbd_cdc_OtherCfgDesc
                0x20000dc4                USB_Rx_Buffer
                0x20000e04                CmdBuff
                0x20000e0c                APP_Rx_Buffer
 COMMON         0x2000160c        0x4 obj\debug\library\core\src\usbd_core.o
                0x2000160c                SET_TEST_MODE
 COMMON         0x20001610       0x40 obj\debug\robot\dynamixel_control.o
                0x20001610                response
                0x20001630                receiveBuffer
 COMMON         0x20001650      0x1bc obj\debug\robot\regulator.o
                0x20001650                curPath
                0x2000168c                ortoPos
                0x200016cc                wheelsPidStruct
                0x200017cc                radSpeed
 COMMON         0x2000180c       0xd8 obj\debug\robot\robot.o
                0x2000180c                param
                0x2000182a                extiFlag
                0x2000182c                motorSpeed
                0x2000183c                dataIndex
                0x20001840                outData
                0x20001860                pinType
                0x2000186c                inData
                0x200018ac                extiType
                0x200018b8                outEnc
                0x200018d0                adcData
 COMMON         0x200018e4       0x10 obj\debug\usb app\usbd_cdc_vcp.o
                0x200018e4                USART_InitStructure
 COMMON         0x200018f4       0xff obj\debug\usb app\usbd_desc.o
                0x200018f4                USBD_StrDesc
 *fill*         0x200019f3        0x1 
 COMMON         0x200019f4      0x5f8 obj\debug\src\main.o
                0x200019f4                mode
                0x200019f8                USB_OTG_dev
                0x20001fec                __bss_end__ = .

.heap           0x20001ff0        0x0
                0x20001ff0                __end__ = .
                0x20001ff0                end = __end__
 *(.heap*)
 .heap          0x20001ff0        0x0 obj\debug\src\startup_stm32f4xx.o
                0x20001ff0                __HeapLimit = .

.stack_dummy    0x20001ff0      0x100
 *(.stack)
 .stack         0x20001ff0      0x100 obj\debug\src\startup_stm32f4xx.o
                0x20020000                __StackTop = (ORIGIN (RAM) + 0x20000)
                0x2001ff00                __StackLimit = (__StackTop - SIZEOF (.stack_dummy))
                0x20020000                PROVIDE (__stack, __StackTop)
                0x00000001                ASSERT ((__StackLimit >= __HeapLimit), region RAM overflowed with stack)
LOAD obj\debug\board\adc.o
LOAD obj\debug\board\interrupts.o
LOAD obj\debug\board\init.o
LOAD obj\debug\board\tim.o
LOAD obj\debug\board\usart.o
LOAD obj\debug\library\cdc\src\usbd_cdc_core.o
LOAD obj\debug\library\core\src\usb_core.o
LOAD obj\debug\library\core\src\usb_dcd.o
LOAD obj\debug\library\core\src\usb_dcd_int.o
LOAD obj\debug\library\core\src\usbd_core.o
LOAD obj\debug\library\core\src\usbd_ioreq.o
LOAD obj\debug\library\core\src\usbd_req.o
LOAD obj\debug\robot\dynamixel_control.o
LOAD obj\debug\robot\path.o
LOAD obj\debug\robot\regulator.o
LOAD obj\debug\robot\matrix.o
LOAD obj\debug\robot\robot.o
LOAD obj\debug\usb app\stm32fxxx_it.o
LOAD obj\debug\usb app\usb_bsp.o
LOAD obj\debug\usb app\usbd_cdc_vcp.o
LOAD obj\debug\usb app\usbd_desc.o
LOAD obj\debug\usb app\usbd_usr.o
LOAD obj\debug\spl\src\misc.o
LOAD obj\debug\spl\src\stm32f4xx_adc.o
LOAD obj\debug\spl\src\stm32f4xx_can.o
LOAD obj\debug\spl\src\stm32f4xx_cec.o
LOAD obj\debug\spl\src\stm32f4xx_crc.o
LOAD obj\debug\spl\src\stm32f4xx_cryp.o
LOAD obj\debug\spl\src\stm32f4xx_cryp_aes.o
LOAD obj\debug\spl\src\stm32f4xx_cryp_des.o
LOAD obj\debug\spl\src\stm32f4xx_cryp_tdes.o
LOAD obj\debug\spl\src\stm32f4xx_dac.o
LOAD obj\debug\spl\src\stm32f4xx_dbgmcu.o
LOAD obj\debug\spl\src\stm32f4xx_dcmi.o
LOAD obj\debug\spl\src\stm32f4xx_dma.o
LOAD obj\debug\spl\src\stm32f4xx_dma2d.o
LOAD obj\debug\spl\src\stm32f4xx_dsi.o
LOAD obj\debug\spl\src\stm32f4xx_exti.o
LOAD obj\debug\spl\src\stm32f4xx_gpio.o
LOAD obj\debug\spl\src\stm32f4xx_hash.o
LOAD obj\debug\spl\src\stm32f4xx_hash_md5.o
LOAD obj\debug\spl\src\stm32f4xx_hash_sha1.o
LOAD obj\debug\spl\src\stm32f4xx_i2c.o
LOAD obj\debug\spl\src\stm32f4xx_iwdg.o
LOAD obj\debug\spl\src\stm32f4xx_lptim.o
LOAD obj\debug\spl\src\stm32f4xx_ltdc.o
LOAD obj\debug\spl\src\stm32f4xx_pwr.o
LOAD obj\debug\spl\src\stm32f4xx_qspi.o
LOAD obj\debug\spl\src\stm32f4xx_rcc.o
LOAD obj\debug\spl\src\stm32f4xx_rng.o
LOAD obj\debug\spl\src\stm32f4xx_rtc.o
LOAD obj\debug\spl\src\stm32f4xx_sai.o
LOAD obj\debug\spl\src\stm32f4xx_sdio.o
LOAD obj\debug\spl\src\stm32f4xx_spdifrx.o
LOAD obj\debug\spl\src\stm32f4xx_spi.o
LOAD obj\debug\spl\src\stm32f4xx_syscfg.o
LOAD obj\debug\spl\src\stm32f4xx_tim.o
LOAD obj\debug\spl\src\stm32f4xx_usart.o
LOAD obj\debug\spl\src\stm32f4xx_wwdg.o
LOAD obj\debug\src\main.o
LOAD obj\debug\src\startup_stm32f4xx.o
LOAD obj\debug\src\system_stm32f4xx.o
LOAD c:/program files (x86)/emblocks/2.30/share/em_armgcc/bin/../lib/gcc/arm-none-eabi/4.7.3/../../../../arm-none-eabi/lib/armv7e-m/fpu\librdimon.a
START GROUP
LOAD c:/program files (x86)/emblocks/2.30/share/em_armgcc/bin/../lib/gcc/arm-none-eabi/4.7.3/armv7e-m/fpu\libgcc.a
LOAD c:/program files (x86)/emblocks/2.30/share/em_armgcc/bin/../lib/gcc/arm-none-eabi/4.7.3/../../../../arm-none-eabi/lib/armv7e-m/fpu\libc_f.a
LOAD c:/program files (x86)/emblocks/2.30/share/em_armgcc/bin/../lib/gcc/arm-none-eabi/4.7.3/../../../../arm-none-eabi/lib/armv7e-m/fpu\libg_f.a
LOAD c:/program files (x86)/emblocks/2.30/share/em_armgcc/bin/../lib/gcc/arm-none-eabi/4.7.3/../../../../arm-none-eabi/lib/armv7e-m/fpu\libm_f.a
LOAD c:/program files (x86)/emblocks/2.30/share/em_armgcc/bin/../lib/gcc/arm-none-eabi/4.7.3/../../../../arm-none-eabi/lib/armv7e-m/fpu\libnosys_f.a
END GROUP
LOAD c:/program files (x86)/emblocks/2.30/share/em_armgcc/bin/../lib/gcc/arm-none-eabi/4.7.3/armv7e-m/fpu/crtend.o
LOAD c:/program files (x86)/emblocks/2.30/share/em_armgcc/bin/../lib/gcc/arm-none-eabi/4.7.3/armv7e-m/fpu/crtn.o
OUTPUT(bin\Debug\Robot V2.elf elf32-littlearm)

.ARM.attributes
                0x00000000       0x30
 .ARM.attributes
                0x00000000       0x22 c:/program files (x86)/emblocks/2.30/share/em_armgcc/bin/../lib/gcc/arm-none-eabi/4.7.3/armv7e-m/fpu/crti.o
 .ARM.attributes
                0x00000022       0x34 c:/program files (x86)/emblocks/2.30/share/em_armgcc/bin/../lib/gcc/arm-none-eabi/4.7.3/armv7e-m/fpu/crtbegin.o
 .ARM.attributes
                0x00000056       0x20 c:/program files (x86)/emblocks/2.30/share/em_armgcc/bin/../lib/gcc/arm-none-eabi/4.7.3/../../../../arm-none-eabi/lib/armv7e-m/fpu/rdimon-crt0.o
 .ARM.attributes
                0x00000076       0x39 obj\debug\board\adc.o
 .ARM.attributes
                0x000000af       0x39 obj\debug\board\interrupts.o
 .ARM.attributes
                0x000000e8       0x39 obj\debug\board\init.o
 .ARM.attributes
                0x00000121       0x39 obj\debug\board\tim.o
 .ARM.attributes
                0x0000015a       0x39 obj\debug\board\usart.o
 .ARM.attributes
                0x00000193       0x39 obj\debug\library\cdc\src\usbd_cdc_core.o
 .ARM.attributes
                0x000001cc       0x39 obj\debug\library\core\src\usb_core.o
 .ARM.attributes
                0x00000205       0x39 obj\debug\library\core\src\usb_dcd.o
 .ARM.attributes
                0x0000023e       0x39 obj\debug\library\core\src\usb_dcd_int.o
 .ARM.attributes
                0x00000277       0x39 obj\debug\library\core\src\usbd_core.o
 .ARM.attributes
                0x000002b0       0x39 obj\debug\library\core\src\usbd_ioreq.o
 .ARM.attributes
                0x000002e9       0x39 obj\debug\library\core\src\usbd_req.o
 .ARM.attributes
                0x00000322       0x39 obj\debug\robot\dynamixel_control.o
 .ARM.attributes
                0x0000035b       0x39 obj\debug\robot\regulator.o
 .ARM.attributes
                0x00000394       0x39 obj\debug\robot\matrix.o
 .ARM.attributes
                0x000003cd       0x39 obj\debug\robot\robot.o
 .ARM.attributes
                0x00000406       0x39 obj\debug\usb app\stm32fxxx_it.o
 .ARM.attributes
                0x0000043f       0x39 obj\debug\usb app\usb_bsp.o
 .ARM.attributes
                0x00000478       0x39 obj\debug\usb app\usbd_cdc_vcp.o
 .ARM.attributes
                0x000004b1       0x39 obj\debug\usb app\usbd_desc.o
 .ARM.attributes
                0x000004ea       0x39 obj\debug\usb app\usbd_usr.o
 .ARM.attributes
                0x00000523       0x39 obj\debug\spl\src\misc.o
 .ARM.attributes
                0x0000055c       0x39 obj\debug\spl\src\stm32f4xx_gpio.o
 .ARM.attributes
                0x00000595       0x39 obj\debug\spl\src\stm32f4xx_rcc.o
 .ARM.attributes
                0x000005ce       0x39 obj\debug\spl\src\stm32f4xx_usart.o
 .ARM.attributes
                0x00000607       0x39 obj\debug\src\main.o
 .ARM.attributes
                0x00000640       0x1f obj\debug\src\startup_stm32f4xx.o
 .ARM.attributes
                0x0000065f       0x39 obj\debug\src\system_stm32f4xx.o
 .ARM.attributes
                0x00000698       0x34 c:/program files (x86)/emblocks/2.30/share/em_armgcc/bin/../lib/gcc/arm-none-eabi/4.7.3/../../../../arm-none-eabi/lib/armv7e-m/fpu\librdimon.a(rdimon-syscalls.o)
 .ARM.attributes
                0x000006cc       0x22 c:/program files (x86)/emblocks/2.30/share/em_armgcc/bin/../lib/gcc/arm-none-eabi/4.7.3/armv7e-m/fpu\libgcc.a(_arm_addsubdf3.o)
 .ARM.attributes
                0x000006ee       0x22 c:/program files (x86)/emblocks/2.30/share/em_armgcc/bin/../lib/gcc/arm-none-eabi/4.7.3/armv7e-m/fpu\libgcc.a(_arm_muldivdf3.o)
 .ARM.attributes
                0x00000710       0x22 c:/program files (x86)/emblocks/2.30/share/em_armgcc/bin/../lib/gcc/arm-none-eabi/4.7.3/armv7e-m/fpu\libgcc.a(_arm_cmpdf2.o)
 .ARM.attributes
                0x00000732       0x22 c:/program files (x86)/emblocks/2.30/share/em_armgcc/bin/../lib/gcc/arm-none-eabi/4.7.3/armv7e-m/fpu\libgcc.a(_arm_fixdfsi.o)
 .ARM.attributes
                0x00000754       0x22 c:/program files (x86)/emblocks/2.30/share/em_armgcc/bin/../lib/gcc/arm-none-eabi/4.7.3/armv7e-m/fpu\libgcc.a(_arm_truncdfsf2.o)
 .ARM.attributes
                0x00000776       0x30 c:/program files (x86)/emblocks/2.30/share/em_armgcc/bin/../lib/gcc/arm-none-eabi/4.7.3/../../../../arm-none-eabi/lib/armv7e-m/fpu\libc_f.a(lib_a-errno.o)
 .ARM.attributes
                0x000007a6       0x30 c:/program files (x86)/emblocks/2.30/share/em_armgcc/bin/../lib/gcc/arm-none-eabi/4.7.3/../../../../arm-none-eabi/lib/armv7e-m/fpu\libc_f.a(lib_a-exit.o)
 .ARM.attributes
                0x000007d6       0x30 c:/program files (x86)/emblocks/2.30/share/em_armgcc/bin/../lib/gcc/arm-none-eabi/4.7.3/../../../../arm-none-eabi/lib/armv7e-m/fpu\libc_f.a(lib_a-impure.o)
 .ARM.attributes
                0x00000806       0x30 c:/program files (x86)/emblocks/2.30/share/em_armgcc/bin/../lib/gcc/arm-none-eabi/4.7.3/../../../../arm-none-eabi/lib/armv7e-m/fpu\libc_f.a(lib_a-init.o)
 .ARM.attributes
                0x00000836       0x20 c:/program files (x86)/emblocks/2.30/share/em_armgcc/bin/../lib/gcc/arm-none-eabi/4.7.3/../../../../arm-none-eabi/lib/armv7e-m/fpu\libc_f.a(lib_a-memcpy.o)
 .ARM.attributes
                0x00000856       0x30 c:/program files (x86)/emblocks/2.30/share/em_armgcc/bin/../lib/gcc/arm-none-eabi/4.7.3/../../../../arm-none-eabi/lib/armv7e-m/fpu\libc_f.a(lib_a-memset.o)
 .ARM.attributes
                0x00000886       0x30 c:/program files (x86)/emblocks/2.30/share/em_armgcc/bin/../lib/gcc/arm-none-eabi/4.7.3/../../../../arm-none-eabi/lib/armv7e-m/fpu\libc_f.a(lib_a-strlen.o)
 .ARM.attributes
                0x000008b6       0x30 c:/program files (x86)/emblocks/2.30/share/em_armgcc/bin/../lib/gcc/arm-none-eabi/4.7.3/../../../../arm-none-eabi/lib/armv7e-m/fpu\libc_f.a(lib_a-__call_atexit.o)
 .ARM.attributes
                0x000008e6       0x30 c:/program files (x86)/emblocks/2.30/share/em_armgcc/bin/../lib/gcc/arm-none-eabi/4.7.3/../../../../arm-none-eabi/lib/armv7e-m/fpu\libc_f.a(lib_a-atexit.o)
 .ARM.attributes
                0x00000916       0x30 c:/program files (x86)/emblocks/2.30/share/em_armgcc/bin/../lib/gcc/arm-none-eabi/4.7.3/../../../../arm-none-eabi/lib/armv7e-m/fpu\libc_f.a(lib_a-fini.o)
 .ARM.attributes
                0x00000946       0x30 c:/program files (x86)/emblocks/2.30/share/em_armgcc/bin/../lib/gcc/arm-none-eabi/4.7.3/../../../../arm-none-eabi/lib/armv7e-m/fpu\libc_f.a(lib_a-__atexit.o)
 .ARM.attributes
                0x00000976       0x30 c:/program files (x86)/emblocks/2.30/share/em_armgcc/bin/../lib/gcc/arm-none-eabi/4.7.3/../../../../arm-none-eabi/lib/armv7e-m/fpu\libm_f.a(lib_a-s_atan.o)
 .ARM.attributes
                0x000009a6       0x30 c:/program files (x86)/emblocks/2.30/share/em_armgcc/bin/../lib/gcc/arm-none-eabi/4.7.3/../../../../arm-none-eabi/lib/armv7e-m/fpu\libm_f.a(lib_a-s_cos.o)
 .ARM.attributes
                0x000009d6       0x30 c:/program files (x86)/emblocks/2.30/share/em_armgcc/bin/../lib/gcc/arm-none-eabi/4.7.3/../../../../arm-none-eabi/lib/armv7e-m/fpu\libm_f.a(lib_a-s_fabs.o)
 .ARM.attributes
                0x00000a06       0x30 c:/program files (x86)/emblocks/2.30/share/em_armgcc/bin/../lib/gcc/arm-none-eabi/4.7.3/../../../../arm-none-eabi/lib/armv7e-m/fpu\libm_f.a(lib_a-s_sin.o)
 .ARM.attributes
                0x00000a36       0x30 c:/program files (x86)/emblocks/2.30/share/em_armgcc/bin/../lib/gcc/arm-none-eabi/4.7.3/../../../../arm-none-eabi/lib/armv7e-m/fpu\libm_f.a(lib_a-sf_cos.o)
 .ARM.attributes
                0x00000a66       0x30 c:/program files (x86)/emblocks/2.30/share/em_armgcc/bin/../lib/gcc/arm-none-eabi/4.7.3/../../../../arm-none-eabi/lib/armv7e-m/fpu\libm_f.a(lib_a-sf_fabs.o)
 .ARM.attributes
                0x00000a96       0x30 c:/program files (x86)/emblocks/2.30/share/em_armgcc/bin/../lib/gcc/arm-none-eabi/4.7.3/../../../../arm-none-eabi/lib/armv7e-m/fpu\libm_f.a(lib_a-sf_sin.o)
 .ARM.attributes
                0x00000ac6       0x30 c:/program files (x86)/emblocks/2.30/share/em_armgcc/bin/../lib/gcc/arm-none-eabi/4.7.3/../../../../arm-none-eabi/lib/armv7e-m/fpu\libm_f.a(lib_a-w_fmod.o)
 .ARM.attributes
                0x00000af6       0x30 c:/program files (x86)/emblocks/2.30/share/em_armgcc/bin/../lib/gcc/arm-none-eabi/4.7.3/../../../../arm-none-eabi/lib/armv7e-m/fpu\libm_f.a(lib_a-w_sqrt.o)
 .ARM.attributes
                0x00000b26       0x30 c:/program files (x86)/emblocks/2.30/share/em_armgcc/bin/../lib/gcc/arm-none-eabi/4.7.3/../../../../arm-none-eabi/lib/armv7e-m/fpu\libm_f.a(lib_a-wf_sqrt.o)
 .ARM.attributes
                0x00000b56       0x30 c:/program files (x86)/emblocks/2.30/share/em_armgcc/bin/../lib/gcc/arm-none-eabi/4.7.3/../../../../arm-none-eabi/lib/armv7e-m/fpu\libm_f.a(lib_a-e_fmod.o)
 .ARM.attributes
                0x00000b86       0x30 c:/program files (x86)/emblocks/2.30/share/em_armgcc/bin/../lib/gcc/arm-none-eabi/4.7.3/../../../../arm-none-eabi/lib/armv7e-m/fpu\libm_f.a(lib_a-e_rem_pio2.o)
 .ARM.attributes
                0x00000bb6       0x30 c:/program files (x86)/emblocks/2.30/share/em_armgcc/bin/../lib/gcc/arm-none-eabi/4.7.3/../../../../arm-none-eabi/lib/armv7e-m/fpu\libm_f.a(lib_a-e_sqrt.o)
 .ARM.attributes
                0x00000be6       0x30 c:/program files (x86)/emblocks/2.30/share/em_armgcc/bin/../lib/gcc/arm-none-eabi/4.7.3/../../../../arm-none-eabi/lib/armv7e-m/fpu\libm_f.a(lib_a-ef_rem_pio2.o)
 .ARM.attributes
                0x00000c16       0x30 c:/program files (x86)/emblocks/2.30/share/em_armgcc/bin/../lib/gcc/arm-none-eabi/4.7.3/../../../../arm-none-eabi/lib/armv7e-m/fpu\libm_f.a(lib_a-ef_sqrt.o)
 .ARM.attributes
                0x00000c46       0x30 c:/program files (x86)/emblocks/2.30/share/em_armgcc/bin/../lib/gcc/arm-none-eabi/4.7.3/../../../../arm-none-eabi/lib/armv7e-m/fpu\libm_f.a(lib_a-k_cos.o)
 .ARM.attributes
                0x00000c76       0x30 c:/program files (x86)/emblocks/2.30/share/em_armgcc/bin/../lib/gcc/arm-none-eabi/4.7.3/../../../../arm-none-eabi/lib/armv7e-m/fpu\libm_f.a(lib_a-k_rem_pio2.o)
 .ARM.attributes
                0x00000ca6       0x30 c:/program files (x86)/emblocks/2.30/share/em_armgcc/bin/../lib/gcc/arm-none-eabi/4.7.3/../../../../arm-none-eabi/lib/armv7e-m/fpu\libm_f.a(lib_a-k_sin.o)
 .ARM.attributes
                0x00000cd6       0x30 c:/program files (x86)/emblocks/2.30/share/em_armgcc/bin/../lib/gcc/arm-none-eabi/4.7.3/../../../../arm-none-eabi/lib/armv7e-m/fpu\libm_f.a(lib_a-kf_cos.o)
 .ARM.attributes
                0x00000d06       0x30 c:/program files (x86)/emblocks/2.30/share/em_armgcc/bin/../lib/gcc/arm-none-eabi/4.7.3/../../../../arm-none-eabi/lib/armv7e-m/fpu\libm_f.a(lib_a-kf_rem_pio2.o)
 .ARM.attributes
                0x00000d36       0x30 c:/program files (x86)/emblocks/2.30/share/em_armgcc/bin/../lib/gcc/arm-none-eabi/4.7.3/../../../../arm-none-eabi/lib/armv7e-m/fpu\libm_f.a(lib_a-kf_sin.o)
 .ARM.attributes
                0x00000d66       0x30 c:/program files (x86)/emblocks/2.30/share/em_armgcc/bin/../lib/gcc/arm-none-eabi/4.7.3/../../../../arm-none-eabi/lib/armv7e-m/fpu\libm_f.a(lib_a-s_floor.o)
 .ARM.attributes
                0x00000d96       0x30 c:/program files (x86)/emblocks/2.30/share/em_armgcc/bin/../lib/gcc/arm-none-eabi/4.7.3/../../../../arm-none-eabi/lib/armv7e-m/fpu\libm_f.a(lib_a-s_fpclassify.o)
 .ARM.attributes
                0x00000dc6       0x30 c:/program files (x86)/emblocks/2.30/share/em_armgcc/bin/../lib/gcc/arm-none-eabi/4.7.3/../../../../arm-none-eabi/lib/armv7e-m/fpu\libm_f.a(lib_a-s_lib_ver.o)
 .ARM.attributes
                0x00000df6       0x30 c:/program files (x86)/emblocks/2.30/share/em_armgcc/bin/../lib/gcc/arm-none-eabi/4.7.3/../../../../arm-none-eabi/lib/armv7e-m/fpu\libm_f.a(lib_a-s_matherr.o)
 .ARM.attributes
                0x00000e26       0x30 c:/program files (x86)/emblocks/2.30/share/em_armgcc/bin/../lib/gcc/arm-none-eabi/4.7.3/../../../../arm-none-eabi/lib/armv7e-m/fpu\libm_f.a(lib_a-s_scalbn.o)
 .ARM.attributes
                0x00000e56       0x30 c:/program files (x86)/emblocks/2.30/share/em_armgcc/bin/../lib/gcc/arm-none-eabi/4.7.3/../../../../arm-none-eabi/lib/armv7e-m/fpu\libm_f.a(lib_a-sf_floor.o)
 .ARM.attributes
                0x00000e86       0x30 c:/program files (x86)/emblocks/2.30/share/em_armgcc/bin/../lib/gcc/arm-none-eabi/4.7.3/../../../../arm-none-eabi/lib/armv7e-m/fpu\libm_f.a(lib_a-sf_fpclassify.o)
 .ARM.attributes
                0x00000eb6       0x30 c:/program files (x86)/emblocks/2.30/share/em_armgcc/bin/../lib/gcc/arm-none-eabi/4.7.3/../../../../arm-none-eabi/lib/armv7e-m/fpu\libm_f.a(lib_a-sf_scalbn.o)
 .ARM.attributes
                0x00000ee6       0x30 c:/program files (x86)/emblocks/2.30/share/em_armgcc/bin/../lib/gcc/arm-none-eabi/4.7.3/../../../../arm-none-eabi/lib/armv7e-m/fpu\libm_f.a(lib_a-s_copysign.o)
 .ARM.attributes
                0x00000f16       0x30 c:/program files (x86)/emblocks/2.30/share/em_armgcc/bin/../lib/gcc/arm-none-eabi/4.7.3/../../../../arm-none-eabi/lib/armv7e-m/fpu\libm_f.a(lib_a-sf_copysign.o)
 .ARM.attributes
                0x00000f46       0x30 c:/program files (x86)/emblocks/2.30/share/em_armgcc/bin/../lib/gcc/arm-none-eabi/4.7.3/../../../../arm-none-eabi/lib/armv7e-m/fpu\libnosys_f.a(_exit.o)
 .ARM.attributes
                0x00000f76       0x34 c:/program files (x86)/emblocks/2.30/share/em_armgcc/bin/../lib/gcc/arm-none-eabi/4.7.3/armv7e-m/fpu/crtend.o
 .ARM.attributes
                0x00000faa       0x22 c:/program files (x86)/emblocks/2.30/share/em_armgcc/bin/../lib/gcc/arm-none-eabi/4.7.3/armv7e-m/fpu/crtn.o

.comment        0x00000000       0x38
 .comment       0x00000000       0x38 obj\debug\board\adc.o
                                 0x39 (size before relaxing)
 .comment       0x00000000       0x39 obj\debug\board\interrupts.o
 .comment       0x00000000       0x39 obj\debug\board\init.o
 .comment       0x00000000       0x39 obj\debug\board\tim.o
 .comment       0x00000000       0x39 obj\debug\board\usart.o
 .comment       0x00000000       0x39 obj\debug\library\cdc\src\usbd_cdc_core.o
 .comment       0x00000000       0x39 obj\debug\library\core\src\usb_core.o
 .comment       0x00000000       0x39 obj\debug\library\core\src\usb_dcd.o
 .comment       0x00000000       0x39 obj\debug\library\core\src\usb_dcd_int.o
 .comment       0x00000000       0x39 obj\debug\library\core\src\usbd_core.o
 .comment       0x00000000       0x39 obj\debug\library\core\src\usbd_ioreq.o
 .comment       0x00000000       0x39 obj\debug\library\core\src\usbd_req.o
 .comment       0x00000000       0x39 obj\debug\robot\dynamixel_control.o
 .comment       0x00000000       0x39 obj\debug\robot\regulator.o
 .comment       0x00000000       0x39 obj\debug\robot\matrix.o
 .comment       0x00000000       0x39 obj\debug\robot\robot.o
 .comment       0x00000000       0x39 obj\debug\usb app\stm32fxxx_it.o
 .comment       0x00000000       0x39 obj\debug\usb app\usb_bsp.o
 .comment       0x00000000       0x39 obj\debug\usb app\usbd_cdc_vcp.o
 .comment       0x00000000       0x39 obj\debug\usb app\usbd_desc.o
 .comment       0x00000000       0x39 obj\debug\usb app\usbd_usr.o
 .comment       0x00000000       0x39 obj\debug\spl\src\misc.o
 .comment       0x00000000       0x39 obj\debug\spl\src\stm32f4xx_gpio.o
 .comment       0x00000000       0x39 obj\debug\spl\src\stm32f4xx_rcc.o
 .comment       0x00000000       0x39 obj\debug\spl\src\stm32f4xx_usart.o
 .comment       0x00000000       0x39 obj\debug\src\main.o
 .comment       0x00000000       0x39 obj\debug\src\system_stm32f4xx.o

.debug_info     0x00000000    0x16161
 .debug_info    0x00000000      0x31a obj\debug\board\adc.o
 .debug_info    0x0000031a      0xcab obj\debug\board\interrupts.o
 .debug_info    0x00000fc5      0x9c4 obj\debug\board\init.o
 .debug_info    0x00001989      0x418 obj\debug\board\tim.o
 .debug_info    0x00001da1      0xb05 obj\debug\board\usart.o
 .debug_info    0x000028a6     0x1077 obj\debug\library\cdc\src\usbd_cdc_core.o
 .debug_info    0x0000391d     0x27a9 obj\debug\library\core\src\usb_core.o
 .debug_info    0x000060c6     0x11df obj\debug\library\core\src\usb_dcd.o
 .debug_info    0x000072a5     0x224f obj\debug\library\core\src\usb_dcd_int.o
 .debug_info    0x000094f4     0x11e8 obj\debug\library\core\src\usbd_core.o
 .debug_info    0x0000a6dc      0xe37 obj\debug\library\core\src\usbd_ioreq.o
 .debug_info    0x0000b513     0x1150 obj\debug\library\core\src\usbd_req.o
 .debug_info    0x0000c663     0x1062 obj\debug\robot\dynamixel_control.o
 .debug_info    0x0000d6c5      0xf04 obj\debug\robot\regulator.o
 .debug_info    0x0000e5c9      0x66f obj\debug\robot\matrix.o
 .debug_info    0x0000ec38     0x11c4 obj\debug\robot\robot.o
 .debug_info    0x0000fdfc      0xce7 obj\debug\usb app\stm32fxxx_it.o
 .debug_info    0x00010ae3     0x1142 obj\debug\usb app\usb_bsp.o
 .debug_info    0x00011c25      0x437 obj\debug\usb app\usbd_cdc_vcp.o
 .debug_info    0x0001205c      0x488 obj\debug\usb app\usbd_desc.o
 .debug_info    0x000124e4      0x20d obj\debug\usb app\usbd_usr.o
 .debug_info    0x000126f1      0x5bb obj\debug\spl\src\misc.o
 .debug_info    0x00012cac      0x677 obj\debug\spl\src\stm32f4xx_gpio.o
 .debug_info    0x00013323      0xfab obj\debug\spl\src\stm32f4xx_rcc.o
 .debug_info    0x000142ce      0xa99 obj\debug\spl\src\stm32f4xx_usart.o
 .debug_info    0x00014d67      0xd0f obj\debug\src\main.o
 .debug_info    0x00015a76       0x73 obj\debug\src\startup_stm32f4xx.o
 .debug_info    0x00015ae9      0x678 obj\debug\src\system_stm32f4xx.o

.debug_abbrev   0x00000000     0x2dc8
 .debug_abbrev  0x00000000      0x10e obj\debug\board\adc.o
 .debug_abbrev  0x0000010e      0x1ed obj\debug\board\interrupts.o
 .debug_abbrev  0x000002fb      0x17f obj\debug\board\init.o
 .debug_abbrev  0x0000047a       0xcd obj\debug\board\tim.o
 .debug_abbrev  0x00000547      0x223 obj\debug\board\usart.o
 .debug_abbrev  0x0000076a      0x1e2 obj\debug\library\cdc\src\usbd_cdc_core.o
 .debug_abbrev  0x0000094c      0x2c1 obj\debug\library\core\src\usb_core.o
 .debug_abbrev  0x00000c0d      0x233 obj\debug\library\core\src\usb_dcd.o
 .debug_abbrev  0x00000e40      0x242 obj\debug\library\core\src\usb_dcd_int.o
 .debug_abbrev  0x00001082      0x24f obj\debug\library\core\src\usbd_core.o
 .debug_abbrev  0x000012d1      0x189 obj\debug\library\core\src\usbd_ioreq.o
 .debug_abbrev  0x0000145a      0x27e obj\debug\library\core\src\usbd_req.o
 .debug_abbrev  0x000016d8      0x251 obj\debug\robot\dynamixel_control.o
 .debug_abbrev  0x00001929      0x1fe obj\debug\robot\regulator.o
 .debug_abbrev  0x00001b27       0xdd obj\debug\robot\matrix.o
 .debug_abbrev  0x00001c04      0x1cf obj\debug\robot\robot.o
 .debug_abbrev  0x00001dd3      0x14f obj\debug\usb app\stm32fxxx_it.o
 .debug_abbrev  0x00001f22      0x1eb obj\debug\usb app\usb_bsp.o
 .debug_abbrev  0x0000210d      0x1a5 obj\debug\usb app\usbd_cdc_vcp.o
 .debug_abbrev  0x000022b2      0x17f obj\debug\usb app\usbd_desc.o
 .debug_abbrev  0x00002431       0xe4 obj\debug\usb app\usbd_usr.o
 .debug_abbrev  0x00002515      0x12e obj\debug\spl\src\misc.o
 .debug_abbrev  0x00002643      0x1aa obj\debug\spl\src\stm32f4xx_gpio.o
 .debug_abbrev  0x000027ed      0x1c1 obj\debug\spl\src\stm32f4xx_rcc.o
 .debug_abbrev  0x000029ae      0x15c obj\debug\spl\src\stm32f4xx_usart.o