Archive member included because of file (symbol)

c:/program files (x86)/emblocks/2.30/share/em_armgcc/bin/../lib/gcc/arm-none-eabi/4.7.3/armv7e-m/fpu\libgcc.a(_arm_addsubdf3.o)
                              obj\release\board\interrupts.o (__aeabi_dsub)
c:/program files (x86)/emblocks/2.30/share/em_armgcc/bin/../lib/gcc/arm-none-eabi/4.7.3/armv7e-m/fpu\libgcc.a(_arm_muldivdf3.o)
                              obj\release\robot\dynamixel_control.o (__aeabi_dmul)
c:/program files (x86)/emblocks/2.30/share/em_armgcc/bin/../lib/gcc/arm-none-eabi/4.7.3/armv7e-m/fpu\libgcc.a(_arm_cmpdf2.o)
                              obj\release\board\interrupts.o (__aeabi_dcmplt)
c:/program files (x86)/emblocks/2.30/share/em_armgcc/bin/../lib/gcc/arm-none-eabi/4.7.3/armv7e-m/fpu\libgcc.a(_arm_fixdfsi.o)
                              obj\release\robot\robot.o (__aeabi_d2iz)
c:/program files (x86)/emblocks/2.30/share/em_armgcc/bin/../lib/gcc/arm-none-eabi/4.7.3/armv7e-m/fpu\libgcc.a(_arm_fixunsdfsi.o)
                              obj\release\robot\dynamixel_control.o (__aeabi_d2uiz)
c:/program files (x86)/emblocks/2.30/share/em_armgcc/bin/../lib/gcc/arm-none-eabi/4.7.3/armv7e-m/fpu\libgcc.a(_arm_truncdfsf2.o)
                              obj\release\robot\dynamixel_control.o (__aeabi_d2f)
c:/program files (x86)/emblocks/2.30/share/em_armgcc/bin/../lib/gcc/arm-none-eabi/4.7.3/../../../../arm-none-eabi/lib/armv7e-m/fpu\libc_f.a(lib_a-exit.o)
                              c:/program files (x86)/emblocks/2.30/share/em_armgcc/bin/../lib/gcc/arm-none-eabi/4.7.3/../../../../arm-none-eabi/lib/armv7e-m/fpu/crt0.o (exit)
c:/program files (x86)/emblocks/2.30/share/em_armgcc/bin/../lib/gcc/arm-none-eabi/4.7.3/../../../../arm-none-eabi/lib/armv7e-m/fpu\libc_f.a(lib_a-impure.o)
                              c:/program files (x86)/emblocks/2.30/share/em_armgcc/bin/../lib/gcc/arm-none-eabi/4.7.3/../../../../arm-none-eabi/lib/armv7e-m/fpu\libc_f.a(lib_a-exit.o) (_global_impure_ptr)
c:/program files (x86)/emblocks/2.30/share/em_armgcc/bin/../lib/gcc/arm-none-eabi/4.7.3/../../../../arm-none-eabi/lib/armv7e-m/fpu\libc_f.a(lib_a-init.o)
                              c:/program files (x86)/emblocks/2.30/share/em_armgcc/bin/../lib/gcc/arm-none-eabi/4.7.3/../../../../arm-none-eabi/lib/armv7e-m/fpu/crt0.o (__libc_init_array)
c:/program files (x86)/emblocks/2.30/share/em_armgcc/bin/../lib/gcc/arm-none-eabi/4.7.3/../../../../arm-none-eabi/lib/armv7e-m/fpu\libc_f.a(lib_a-memcpy.o)
                              obj\release\robot\robot.o (memcpy)
c:/program files (x86)/emblocks/2.30/share/em_armgcc/bin/../lib/gcc/arm-none-eabi/4.7.3/../../../../arm-none-eabi/lib/armv7e-m/fpu\libc_f.a(lib_a-memset.o)
                              c:/program files (x86)/emblocks/2.30/share/em_armgcc/bin/../lib/gcc/arm-none-eabi/4.7.3/../../../../arm-none-eabi/lib/armv7e-m/fpu/crt0.o (memset)
c:/program files (x86)/emblocks/2.30/share/em_armgcc/bin/../lib/gcc/arm-none-eabi/4.7.3/../../../../arm-none-eabi/lib/armv7e-m/fpu\libc_f.a(lib_a-strlen.o)
                              obj\release\robot\robot.o (strlen)
c:/program files (x86)/emblocks/2.30/share/em_armgcc/bin/../lib/gcc/arm-none-eabi/4.7.3/../../../../arm-none-eabi/lib/armv7e-m/fpu\libc_f.a(lib_a-__call_atexit.o)
                              c:/program files (x86)/emblocks/2.30/share/em_armgcc/bin/../lib/gcc/arm-none-eabi/4.7.3/../../../../arm-none-eabi/lib/armv7e-m/fpu\libc_f.a(lib_a-exit.o) (__call_exitprocs)
c:/program files (x86)/emblocks/2.30/share/em_armgcc/bin/../lib/gcc/arm-none-eabi/4.7.3/../../../../arm-none-eabi/lib/armv7e-m/fpu\libc_f.a(lib_a-atexit.o)
                              c:/program files (x86)/emblocks/2.30/share/em_armgcc/bin/../lib/gcc/arm-none-eabi/4.7.3/../../../../arm-none-eabi/lib/armv7e-m/fpu\libc_f.a(lib_a-__call_atexit.o) (atexit)
c:/program files (x86)/emblocks/2.30/share/em_armgcc/bin/../lib/gcc/arm-none-eabi/4.7.3/../../../../arm-none-eabi/lib/armv7e-m/fpu\libc_f.a(lib_a-fini.o)
                              c:/program files (x86)/emblocks/2.30/share/em_armgcc/bin/../lib/gcc/arm-none-eabi/4.7.3/../../../../arm-none-eabi/lib/armv7e-m/fpu\libc_f.a(lib_a-__call_atexit.o) (__libc_fini_array)
c:/program files (x86)/emblocks/2.30/share/em_armgcc/bin/../lib/gcc/arm-none-eabi/4.7.3/../../../../arm-none-eabi/lib/armv7e-m/fpu\libc_f.a(lib_a-__atexit.o)
                              c:/program files (x86)/emblocks/2.30/share/em_armgcc/bin/../lib/gcc/arm-none-eabi/4.7.3/../../../../arm-none-eabi/lib/armv7e-m/fpu\libc_f.a(lib_a-atexit.o) (__register_exitproc)
c:/program files (x86)/emblocks/2.30/share/em_armgcc/bin/../lib/gcc/arm-none-eabi/4.7.3/../../../../arm-none-eabi/lib/armv7e-m/fpu\libm_f.a(lib_a-s_atan.o)
                              obj\release\robot\regulator.o (atan)
c:/program files (x86)/emblocks/2.30/share/em_armgcc/bin/../lib/gcc/arm-none-eabi/4.7.3/../../../../arm-none-eabi/lib/armv7e-m/fpu\libm_f.a(lib_a-s_cos.o)
                              obj\release\robot\regulator.o (cos)
[...]
Memory Configuration

Name             Origin             Length             Attributes
ROM              0x08000000         0x00100000         xr
RAM              0x20000000         0x00020000         xrw
CCRAM            0x10000000         0x00010000         xrw
*default*        0x00000000         0xffffffff

Linker script and memory map

LOAD c:/program files (x86)/emblocks/2.30/share/em_armgcc/bin/../lib/gcc/arm-none-eabi/4.7.3/armv7e-m/fpu/crti.o
LOAD c:/program files (x86)/emblocks/2.30/share/em_armgcc/bin/../lib/gcc/arm-none-eabi/4.7.3/armv7e-m/fpu/crtbegin.o
LOAD c:/program files (x86)/emblocks/2.30/share/em_armgcc/bin/../lib/gcc/arm-none-eabi/4.7.3/../../../../arm-none-eabi/lib/armv7e-m/fpu/crt0.o
                0x00000000                __HEAP_SIZE = 0x0
                0x00000100                __STACK_SIZE = 0x100

.text           0x08000000    0x1135c
 *(.isr_vector)
 .isr_vector    0x08000000      0x188 obj\release\src\startup_stm32f4xx.o
                0x08000000                __isr_vector
 *(.text*)
 .text          0x08000188       0x54 c:/program files (x86)/emblocks/2.30/share/em_armgcc/bin/../lib/gcc/arm-none-eabi/4.7.3/armv7e-m/fpu/crtbegin.o
 .text          0x080001dc       0x74 c:/program files (x86)/emblocks/2.30/share/em_armgcc/bin/../lib/gcc/arm-none-eabi/4.7.3/../../../../arm-none-eabi/lib/armv7e-m/fpu/crt0.o
                0x080001dc                _start
                0x080001dc                _mainCRTStartup
 .text.adcConfig
                0x08000250      0x1e0 obj\release\board\adc.o
                0x08000250                adcConfig
 .text.NVIC_EnableIRQ
                0x08000430       0x38 obj\release\board\interrupts.o
 .text.NVIC_DisableIRQ
                0x08000468       0x3c obj\release\board\interrupts.o
 .text.TIM2_IRQHandler
                0x080004a4        0xc obj\release\board\interrupts.o
                0x080004a4                TIM2_IRQHandler
 .text.TIM6_DAC_IRQHandler
                0x080004b0       0x2c obj\release\board\interrupts.o
                0x080004b0                TIM6_DAC_IRQHandler
 .text.TIM7_IRQHandler
                0x080004dc       0x18 obj\release\board\interrupts.o
                0x080004dc                TIM7_IRQHandler
 *fill*         0x080004f4        0x4 
 .text.TIM8_UP_TIM13_IRQHandler
                0x080004f8      0x2b8 obj\release\board\interrupts.o
                0x080004f8                TIM8_UP_TIM13_IRQHandler
 .text.EXTI0_IRQHandler
                0x080007b0       0x50 obj\release\board\interrupts.o
                0x080007b0                EXTI0_IRQHandler
 .text.EXTI1_IRQHandler
                0x08000800       0x50 obj\release\board\interrupts.o
                0x08000800                EXTI1_IRQHandler
 .text.EXTI2_IRQHandler
                0x08000850       0x50 obj\release\board\interrupts.o
                0x08000850                EXTI2_IRQHandler
 .text.EXTI3_IRQHandler
                0x080008a0       0x50 obj\release\board\interrupts.o
                0x080008a0                EXTI3_IRQHandler
 .text.EXTI4_IRQHandler
                0x080008f0       0x50 obj\release\board\interrupts.o
                0x080008f0                EXTI4_IRQHandler
 .text.EXTI9_5_IRQHandler
                0x08000940       0xb8 obj\release\board\interrupts.o
                0x08000940                EXTI9_5_IRQHandler
 .text.EXTI15_10_IRQHandler
                0x080009f8      0x124 obj\release\board\interrupts.o
                0x080009f8                EXTI15_10_IRQHandler
 .text.DMA2_Stream0_IRQHandler
                0x08000b1c       0x24 obj\release\board\interrupts.o
                0x08000b1c                DMA2_Stream0_IRQHandler
 .text.NVIC_EnableIRQ
                0x08000b40       0x38 obj\release\board\init.o
 .text.add_ext_interrupt
                0x08000b78      0x180 obj\release\board\init.o
                0x08000b78                add_ext_interrupt
 .text.clear_ext_interrupt
                0x08000cf8       0x90 obj\release\board\init.o
                0x08000cf8                clear_ext_interrupt
 .text.initAll  0x08000d88     0x1cac obj\release\board\init.o
                0x08000d88                initAll
 .text.timEncoderConfigure
                0x08002a34       0x44 obj\release\board\tim.o
                0x08002a34                timEncoderConfigure
 .text.timPWMConfigure
                0x08002a78       0xfc obj\release\board\tim.o
                0x08002a78                timPWMConfigure
 .text.timPIDConfigure
                0x08002b74       0x48 obj\release\board\tim.o
                0x08002b74                timPIDConfigure
 .text.NVIC_EnableIRQ
                0x08002bbc       0x38 obj\release\board\usart.o
 .text.sendPacket
                0x08002bf4       0x4c obj\release\board\usart.o
                0x08002bf4                sendPacket
 .text.packetCheck
                0x08002c40       0x5c obj\release\board\usart.o
                0x08002c40                packetCheck
 .text.DMA1_Stream5_IRQHandler
                0x08002c9c       0x18 obj\release\board\usart.o
                0x08002c9c                DMA1_Stream5_IRQHandler
 .text.uartInit
                0x08002cb4      0x138 obj\release\board\usart.o
                0x08002cb4                uartInit
 .text.configUsart1TXDMA
                0x08002dec      0x148 obj\release\board\usart.o
                0x08002dec                configUsart1TXDMA
 .text.configUsart1RXDMA
                0x08002f34      0x114 obj\release\board\usart.o
                0x08002f34                configUsart1RXDMA
 .text.putchar  0x08003048      0x2f0 obj\release\board\usart.o
                0x08003048                putchar
 .text.DMA1_Stream3_IRQHandler
                0x08003338      0x324 obj\release\board\usart.o
                0x08003338                DMA1_Stream3_IRQHandler
 .text.USART1_IRQHandler
                0x0800365c      0x140 obj\release\board\usart.o
                0x0800365c                USART1_IRQHandler
 .text.DMA2_Stream2_IRQHandler
                0x0800379c      0x11c obj\release\board\usart.o
                0x0800379c                DMA2_Stream2_IRQHandler
 .text.usbd_cdc_Init
                0x080038b8       0x94 obj\release\library\cdc\src\usbd_cdc_core.o
                0x080038b8                usbd_cdc_Init
 .text.usbd_cdc_DeInit
                0x0800394c       0x44 obj\release\library\cdc\src\usbd_cdc_core.o
                0x0800394c                usbd_cdc_DeInit
 .text.usbd_cdc_Setup
                0x08003990      0x130 obj\release\library\cdc\src\usbd_cdc_core.o
                0x08003990                usbd_cdc_Setup
 .text.usbd_cdc_EP0_RxReady
                0x08003ac0       0x60 obj\release\library\cdc\src\usbd_cdc_core.o
                0x08003ac0                usbd_cdc_EP0_RxReady
 .text.usbd_cdc_DataIn
                0x08003b20      0x140 obj\release\library\cdc\src\usbd_cdc_core.o
                0x08003b20                usbd_cdc_DataIn
 .text.usbd_cdc_DataOut
                0x08003c60       0x64 obj\release\library\cdc\src\usbd_cdc_core.o
                0x08003c60                usbd_cdc_DataOut
 .text.usbd_cdc_SOF
                0x08003cc4       0x50 obj\release\library\cdc\src\usbd_cdc_core.o
                0x08003cc4                usbd_cdc_SOF
 .text.Handle_USBAsynchXfer
                0x08003d14      0x19c obj\release\library\cdc\src\usbd_cdc_core.o
 .text.USBD_cdc_GetCfgDesc
                0x08003eb0       0x28 obj\release\library\cdc\src\usbd_cdc_core.o
 .text.USB_OTG_EnableCommonInt
                0x08003ed8       0x44 obj\release\library\core\src\usb_core.o
 .text.USB_OTG_CoreReset
                0x08003f1c       0xa8 obj\release\library\core\src\usb_core.o
 .text.USB_OTG_WritePacket
                0x08003fc4       0x88 obj\release\library\core\src\usb_core.o
                0x08003fc4                USB_OTG_WritePacket
 .text.USB_OTG_ReadPacket
                0x0800404c       0x68 obj\release\library\core\src\usb_core.o
                0x0800404c                USB_OTG_ReadPacket
 .text.USB_OTG_SelectCore
                0x080040b4      0x1b4 obj\release\library\core\src\usb_core.o
                0x080040b4                USB_OTG_SelectCore
 .text.USB_OTG_CoreInit
                0x08004268      0x148 obj\release\library\core\src\usb_core.o
                0x08004268                USB_OTG_CoreInit
 .text.USB_OTG_EnableGlobalInt
                0x080043b0       0x3c obj\release\library\core\src\usb_core.o
                0x080043b0                USB_OTG_EnableGlobalInt
 .text.USB_OTG_DisableGlobalInt
                0x080043ec       0x40 obj\release\library\core\src\usb_core.o
                0x080043ec                USB_OTG_DisableGlobalInt
 .text.USB_OTG_FlushTxFifo
                0x0800442c       0x80 obj\release\library\core\src\usb_core.o
                0x0800442c                USB_OTG_FlushTxFifo
 .text.USB_OTG_FlushRxFifo
                0x080044ac       0x6c obj\release\library\core\src\usb_core.o
                0x080044ac                USB_OTG_FlushRxFifo
 .text.USB_OTG_SetCurrentMode
                0x08004518       0x64 obj\release\library\core\src\usb_core.o
                0x08004518                USB_OTG_SetCurrentMode
 .text.USB_OTG_GetMode
                0x0800457c       0x20 obj\release\library\core\src\usb_core.o
                0x0800457c                USB_OTG_GetMode
 .text.USB_OTG_IsDeviceMode
                0x0800459c       0x24 obj\release\library\core\src\usb_core.o
                0x0800459c                USB_OTG_IsDeviceMode
 .text.USB_OTG_ReadCoreItr
                0x080045c0       0x30 obj\release\library\core\src\usb_core.o
                0x080045c0                USB_OTG_ReadCoreItr
 .text.USB_OTG_InitDevSpeed
                0x080045f0       0x38 obj\release\library\core\src\usb_core.o
                0x080045f0                USB_OTG_InitDevSpeed
 .text.USB_OTG_CoreInitDev
                0x08004628      0x2d8 obj\release\library\core\src\usb_core.o
                0x08004628                USB_OTG_CoreInitDev
 .text.USB_OTG_EnableDevInt
                0x08004900       0xb4 obj\release\library\core\src\usb_core.o
                0x08004900                USB_OTG_EnableDevInt
 .text.USB_OTG_GetDeviceSpeed
                0x080049b4       0x68 obj\release\library\core\src\usb_core.o
                0x080049b4                USB_OTG_GetDeviceSpeed
 .text.USB_OTG_EP0Activate
                0x08004a1c       0xa0 obj\release\library\core\src\usb_core.o
                0x08004a1c                USB_OTG_EP0Activate
 .text.USB_OTG_EPActivate
                0x08004abc       0xf8 obj\release\library\core\src\usb_core.o
                0x08004abc                USB_OTG_EPActivate
 .text.USB_OTG_EPDeactivate
                0x08004bb4       0xa4 obj\release\library\core\src\usb_core.o
                0x08004bb4                USB_OTG_EPDeactivate
 .text.USB_OTG_EPStartXfer
                0x08004c58      0x2dc obj\release\library\core\src\usb_core.o
                0x08004c58                USB_OTG_EPStartXfer
 .text.USB_OTG_EP0StartXfer
                0x08004f34      0x1ec obj\release\library\core\src\usb_core.o
                0x08004f34                USB_OTG_EP0StartXfer
 .text.USB_OTG_EPSetStall
                0x08005120       0x94 obj\release\library\core\src\usb_core.o
                0x08005120                USB_OTG_EPSetStall
 .text.USB_OTG_EPClearStall
                0x080051b4       0x84 obj\release\library\core\src\usb_core.o
                0x080051b4                USB_OTG_EPClearStall
 .text.USB_OTG_ReadDevAllOutEp_itr
                0x08005238       0x30 obj\release\library\core\src\usb_core.o
                0x08005238                USB_OTG_ReadDevAllOutEp_itr
 .text.USB_OTG_ReadDevOutEP_itr
                0x08005268       0x3c obj\release\library\core\src\usb_core.o
                0x08005268                USB_OTG_ReadDevOutEP_itr
 .text.USB_OTG_ReadDevAllInEPItr
                0x080052a4       0x34 obj\release\library\core\src\usb_core.o
                0x080052a4                USB_OTG_ReadDevAllInEPItr
 .text.USB_OTG_EP0_OutStart
                0x080052d8       0x74 obj\release\library\core\src\usb_core.o
                0x080052d8                USB_OTG_EP0_OutStart
 .text.DCD_Init
                0x0800534c      0x134 obj\release\library\core\src\usb_dcd.o
                0x0800534c                DCD_Init
 .text.DCD_EP_Open
                0x08005480       0xb4 obj\release\library\core\src\usb_dcd.o
                0x08005480                DCD_EP_Open
 .text.DCD_EP_Close
                0x08005534       0x88 obj\release\library\core\src\usb_dcd.o
                0x08005534                DCD_EP_Close
 .text.DCD_EP_PrepareRx
                0x080055bc       0x90 obj\release\library\core\src\usb_dcd.o
                0x080055bc                DCD_EP_PrepareRx
 .text.DCD_EP_Tx
                0x0800564c       0x88 obj\release\library\core\src\usb_dcd.o
                0x0800564c                DCD_EP_Tx
 .text.DCD_EP_Stall
                0x080056d4       0x8c obj\release\library\core\src\usb_dcd.o
                0x080056d4                DCD_EP_Stall
 .text.DCD_EP_ClrStall
                0x08005760       0x8c obj\release\library\core\src\usb_dcd.o
                0x08005760                DCD_EP_ClrStall
 .text.DCD_EP_SetAddress
                0x080057ec       0x3c obj\release\library\core\src\usb_dcd.o
                0x080057ec                DCD_EP_SetAddress
 .text.USBD_OTG_ISR_Handler
                0x08005828      0x198 obj\release\library\core\src\usb_dcd_int.o
                0x08005828                USBD_OTG_ISR_Handler
 .text.DCD_SessionRequest_ISR
                0x080059c0       0x3c obj\release\library\core\src\usb_dcd_int.o
 .text.DCD_OTG_ISR
                0x080059fc       0x44 obj\release\library\core\src\usb_dcd_int.o
 .text.DCD_HandleResume_ISR
                0x08005a40       0x8c obj\release\library\core\src\usb_dcd_int.o
 .text.DCD_HandleUSBSuspend_ISR
                0x08005acc       0xd0 obj\release\library\core\src\usb_dcd_int.o
 .text.DCD_HandleInEP_ISR
                0x08005b9c      0x1b0 obj\release\library\core\src\usb_dcd_int.o
 .text.DCD_HandleOutEP_ISR
                0x08005d4c      0x184 obj\release\library\core\src\usb_dcd_int.o
 .text.DCD_HandleSof_ISR
                0x08005ed0       0x3c obj\release\library\core\src\usb_dcd_int.o
 .text.DCD_HandleRxStatusQueueLevel_ISR
                0x08005f0c      0x118 obj\release\library\core\src\usb_dcd_int.o
 .text.DCD_WriteEmptyTxFifo
                0x08006024      0x130 obj\release\library\core\src\usb_dcd_int.o
 .text.DCD_HandleUsbReset_ISR
                0x08006154      0x158 obj\release\library\core\src\usb_dcd_int.o
 .text.DCD_HandleEnumDone_ISR
                0x080062ac      0x22c obj\release\library\core\src\usb_dcd_int.o
 .text.DCD_IsoINIncomplete_ISR
                0x080064d8       0x3c obj\release\library\core\src\usb_dcd_int.o
 .text.DCD_IsoOUTIncomplete_ISR
                0x08006514       0x3c obj\release\library\core\src\usb_dcd_int.o
 .text.DCD_ReadDevInEP
                0x08006550       0x58 obj\release\library\core\src\usb_dcd_int.o
 .text.USBD_Init
                0x080065a8       0x58 obj\release\library\core\src\usbd_core.o
                0x080065a8                USBD_Init
 .text.USBD_DeInit
                0x08006600       0x18 obj\release\library\core\src\usbd_core.o
                0x08006600                USBD_DeInit
 .text.USBD_SetupStage
                0x08006618       0x70 obj\release\library\core\src\usbd_core.o
 .text.USBD_DataOutStage
                0x08006688       0xd4 obj\release\library\core\src\usbd_core.o
 .text.USBD_DataInStage
                0x0800675c      0x150 obj\release\library\core\src\usbd_core.o
 .text.USBD_RunTestMode
                0x080068ac       0x28 obj\release\library\core\src\usbd_core.o
 .text.USBD_Reset
                0x080068d4       0x54 obj\release\library\core\src\usbd_core.o
 .text.USBD_Resume
                0x08006928       0x38 obj\release\library\core\src\usbd_core.o
 .text.USBD_Suspend
                0x08006960       0x38 obj\release\library\core\src\usbd_core.o
 .text.USBD_SOF
                0x08006998       0x30 obj\release\library\core\src\usbd_core.o
 .text.USBD_SetCfg
                0x080069c8       0x34 obj\release\library\core\src\usbd_core.o
                0x080069c8                USBD_SetCfg
 .text.USBD_ClrCfg
                0x080069fc       0x2c obj\release\library\core\src\usbd_core.o
                0x080069fc                USBD_ClrCfg
 .text.USBD_IsoINIncomplete
                0x08006a28       0x24 obj\release\library\core\src\usbd_core.o
 .text.USBD_IsoOUTIncomplete
                0x08006a4c       0x24 obj\release\library\core\src\usbd_core.o
 .text.USBD_DevConnected
                0x08006a70       0x2c obj\release\library\core\src\usbd_core.o
 .text.USBD_DevDisconnected
                0x08006a9c       0x3c obj\release\library\core\src\usbd_core.o
 .text.USBD_CtlSendData
                0x08006ad8       0x48 obj\release\library\core\src\usbd_ioreq.o
                0x08006ad8                USBD_CtlSendData
 .text.USBD_CtlContinueSendData
                0x08006b20       0x30 obj\release\library\core\src\usbd_ioreq.o
                0x08006b20                USBD_CtlContinueSendData
 .text.USBD_CtlPrepareRx
                0x08006b50       0x48 obj\release\library\core\src\usbd_ioreq.o
                0x08006b50                USBD_CtlPrepareRx
 .text.USBD_CtlContinueRx
                0x08006b98       0x30 obj\release\library\core\src\usbd_ioreq.o
                0x08006b98                USBD_CtlContinueRx
 .text.USBD_CtlSendStatus
                0x08006bc8       0x3c obj\release\library\core\src\usbd_ioreq.o
                0x08006bc8                USBD_CtlSendStatus
 .text.USBD_CtlReceiveStatus
                0x08006c04       0x3c obj\release\library\core\src\usbd_ioreq.o
                0x08006c04                USBD_CtlReceiveStatus
 .text.USBD_StdDevReq
                0x08006c40       0xa4 obj\release\library\core\src\usbd_req.o
                0x08006c40                USBD_StdDevReq
 .text.USBD_StdItfReq
                0x08006ce4       0x6c obj\release\library\core\src\usbd_req.o
                0x08006ce4                USBD_StdItfReq
 .text.USBD_StdEPReq
                0x08006d50      0x200 obj\release\library\core\src\usbd_req.o
                0x08006d50                USBD_StdEPReq
 .text.USBD_GetDescriptor
                0x08006f50      0x1b0 obj\release\library\core\src\usbd_req.o
 .text.USBD_SetAddress
                0x08007100       0x80 obj\release\library\core\src\usbd_req.o
 .text.USBD_SetConfig
                0x08007180      0x134 obj\release\library\core\src\usbd_req.o
 .text.USBD_GetConfig
                0x080072b4       0x68 obj\release\library\core\src\usbd_req.o
 .text.USBD_GetStatus
                0x0800731c       0x70 obj\release\library\core\src\usbd_req.o
 .text.USBD_SetFeature
                0x0800738c       0xfc obj\release\library\core\src\usbd_req.o
 .text.USBD_ClrFeature
                0x08007488       0x58 obj\release\library\core\src\usbd_req.o
 .text.USBD_ParseSetupRequest
                0x080074e0       0x94 obj\release\library\core\src\usbd_req.o
                0x080074e0                USBD_ParseSetupRequest
 .text.USBD_CtlError
                0x08007574       0x2c obj\release\library\core\src\usbd_req.o
                0x08007574                USBD_CtlError
 .text.USBD_GetString
                0x080075a0       0x9c obj\release\library\core\src\usbd_req.o
                0x080075a0                USBD_GetString
 .text.USBD_GetLen
                0x0800763c       0x38 obj\release\library\core\src\usbd_req.o
 .text.sendServoCommand
                0x08007674       0xa4 obj\release\robot\dynamixel_control.o
                0x08007674                sendServoCommand
 .text.getServoResponse
                0x08007718      0x190 obj\release\robot\dynamixel_control.o
                0x08007718                getServoResponse
 .text.getAndCheckResponse
                0x080078a8       0x58 obj\release\robot\dynamixel_control.o
                0x080078a8                getAndCheckResponse
 .text.setServoMovingSpeed
                0x08007900       0x88 obj\release\robot\dynamixel_control.o
                0x08007900                setServoMovingSpeed
 .text.setServoCWAngleLimit
                0x08007988       0x78 obj\release\robot\dynamixel_control.o
                0x08007988                setServoCWAngleLimit
 .text.setServoCCWAngleLimit
                0x08007a00       0x78 obj\release\robot\dynamixel_control.o
                0x08007a00                setServoCCWAngleLimit
 .text.sendServoByte
                0x08007a78       0x3c obj\release\robot\dynamixel_control.o
                0x08007a78                sendServoByte
 .text.clearServoReceiveBuffer
                0x08007ab4       0x20 obj\release\robot\dynamixel_control.o
                0x08007ab4                clearServoReceiveBuffer
 .text.getServoBytesAvailable
                0x08007ad4       0x44 obj\release\robot\dynamixel_control.o
                0x08007ad4                getServoBytesAvailable
 .text.getServoByte
                0x08007b18       0x58 obj\release\robot\dynamixel_control.o
                0x08007b18                getServoByte
 .text.USART3_IRQHandler
                0x08007b70       0x80 obj\release\robot\dynamixel_control.o
                0x08007b70                USART3_IRQHandler
 .text.removePoint
                0x08007bf0       0xcc obj\release\robot\regulator.o
                0x08007bf0                removePoint
 .text.addPointInFrontOfQueue
                0x08007cbc      0x124 obj\release\robot\regulator.o
                0x08007cbc                addPointInFrontOfQueue
 .text.initRegulators
                0x08007de0      0x1e4 obj\release\robot\regulator.o
                0x08007de0                initRegulators
 .text.MaxValue
                0x08007fc4       0x80 obj\release\robot\regulator.o
                0x08007fc4                MaxValue
 *fill*         0x08008044        0x4 
 .text.FunctionalRegulator
                0x08008048      0x278 obj\release\robot\regulator.o
                0x08008048                FunctionalRegulator
 .text.Regulate
                0x080082c0      0x1b8 obj\release\robot\regulator.o
                0x080082c0                Regulate
 .text.TrackRegulator
                0x08008478      0x1d8 obj\release\robot\regulator.o
                0x08008478                TrackRegulator
 .text.rangeAngle
                0x08008650       0xf8 obj\release\robot\regulator.o
                0x08008650                rangeAngle
 .text.RotMoving
                0x08008748      0x13c obj\release\robot\regulator.o
                0x08008748                RotMoving
 .text.Moving   0x08008884       0xd4 obj\release\robot\regulator.o
                0x08008884                Moving
 .text.pidCalc  0x08008958      0x1e8 obj\release\robot\regulator.o
                0x08008958                pidCalc
 .text.GetDataForRegulators
                0x08008b40      0x3d0 obj\release\robot\regulator.o
                0x08008b40                GetDataForRegulators
 .text.pidLowLevel
                0x08008f10       0xc8 obj\release\robot\regulator.o
                0x08008f10                pidLowLevel
 .text.CreatePath
                0x08008fd8      0x200 obj\release\robot\regulator.o
                0x08008fd8                CreatePath
 .text.matrixCopy
                0x080091d8       0x7c obj\release\robot\matrix.o
                0x080091d8                matrixCopy
 .text.matrixMultiplyM2M
                0x08009254       0xe4 obj\release\robot\matrix.o
                0x08009254                matrixMultiplyM2M
 .text.matrixMultiplyS2M
                0x08009338       0x8c obj\release\robot\matrix.o
                0x08009338                matrixMultiplyS2M
 .text.matrixPlusMinus
                0x080093c4      0x128 obj\release\robot\matrix.o
                0x080093c4                matrixPlusMinus
 .text.matrixTranspose
                0x080094ec       0x7c obj\release\robot\matrix.o
                0x080094ec                matrixTranspose
 .text.setVoltage
                0x08009568      0x174 obj\release\robot\robot.o
                0x08009568                setVoltage
 .text.setPWM   0x080096dc       0x84 obj\release\robot\robot.o
                0x080096dc                setPWM
 .text.pushByte
                0x08009760      0x1b0 obj\release\robot\robot.o
                0x08009760                pushByte
 .text.sendAnswer
                0x08009910      0x1b8 obj\release\robot\robot.o
                0x08009910                sendAnswer
 .text.execCommand
                0x08009ac8     0x23f8 obj\release\robot\robot.o
                0x08009ac8                execCommand
 .text.NMI_Handler
                0x0800bec0        0xc obj\release\usb app\stm32fxxx_it.o
                0x0800bec0                NMI_Handler
 .text.HardFault_Handler
                0x0800becc        0x8 obj\release\usb app\stm32fxxx_it.o
                0x0800becc                HardFault_Handler
 .text.MemManage_Handler
                0x0800bed4        0x8 obj\release\usb app\stm32fxxx_it.o
                0x0800bed4                MemManage_Handler
 .text.BusFault_Handler
                0x0800bedc        0x8 obj\release\usb app\stm32fxxx_it.o
                0x0800bedc                BusFault_Handler
 .text.UsageFault_Handler
                0x0800bee4        0x8 obj\release\usb app\stm32fxxx_it.o
                0x0800bee4                UsageFault_Handler
 .text.SVC_Handler
                0x0800beec        0xc obj\release\usb app\stm32fxxx_it.o
                0x0800beec                SVC_Handler
 .text.DebugMon_Handler
                0x0800bef8        0xc obj\release\usb app\stm32fxxx_it.o
                0x0800bef8                DebugMon_Handler
 .text.PendSV_Handler
                0x0800bf04        0xc obj\release\usb app\stm32fxxx_it.o
                0x0800bf04                PendSV_Handler
 .text.SysTick_Handler
                0x0800bf10        0xc obj\release\usb app\stm32fxxx_it.o
                0x0800bf10                SysTick_Handler
 .text.OTG_FS_IRQHandler
                0x0800bf1c       0x14 obj\release\usb app\stm32fxxx_it.o
                0x0800bf1c                OTG_FS_IRQHandler
 .text.USB_OTG_BSP_Init
                0x0800bf30      0x110 obj\release\usb app\usb_bsp.o
                0x0800bf30                USB_OTG_BSP_Init
 .text.USB_OTG_BSP_EnableInterrupt
                0x0800c040       0x3c obj\release\usb app\usb_bsp.o
                0x0800c040                USB_OTG_BSP_EnableInterrupt
 .text.USB_OTG_BSP_uDelay
                0x0800c07c       0x58 obj\release\usb app\usb_bsp.o
                0x0800c07c                USB_OTG_BSP_uDelay
 .text.USB_OTG_BSP_mDelay
                0x0800c0d4       0x20 obj\release\usb app\usb_bsp.o
                0x0800c0d4                USB_OTG_BSP_mDelay
 .text.VCP_Init
                0x0800c0f4       0x18 obj\release\usb app\usbd_cdc_vcp.o
 .text.VCP_DeInit
                0x0800c10c       0x10 obj\release\usb app\usbd_cdc_vcp.o
 .text.VCP_Ctrl
                0x0800c11c      0x1bc obj\release\usb app\usbd_cdc_vcp.o
 .text.VCP_DataTx
                0x0800c2d8       0x10 obj\release\usb app\usbd_cdc_vcp.o
 .text.VCP_DataRx
                0x0800c2e8       0x40 obj\release\usb app\usbd_cdc_vcp.o
 .text.VCP_COMConfig
                0x0800c328      0x150 obj\release\usb app\usbd_cdc_vcp.o
 .text.USBD_USR_DeviceDescriptor
                0x0800c478       0x28 obj\release\usb app\usbd_desc.o
                0x0800c478                USBD_USR_DeviceDescriptor
 .text.USBD_USR_LangIDStrDescriptor
                0x0800c4a0       0x28 obj\release\usb app\usbd_desc.o
                0x0800c4a0                USBD_USR_LangIDStrDescriptor
 .text.USBD_USR_ProductStrDescriptor
                0x0800c4c8       0x54 obj\release\usb app\usbd_desc.o
                0x0800c4c8                USBD_USR_ProductStrDescriptor
 .text.USBD_USR_ManufacturerStrDescriptor
                0x0800c51c       0x34 obj\release\usb app\usbd_desc.o
                0x0800c51c                USBD_USR_ManufacturerStrDescriptor
 .text.USBD_USR_SerialStrDescriptor
                0x0800c550       0x2c obj\release\usb app\usbd_desc.o
                0x0800c550                USBD_USR_SerialStrDescriptor
 .text.USBD_USR_ConfigStrDescriptor
                0x0800c57c       0x54 obj\release\usb app\usbd_desc.o
                0x0800c57c                USBD_USR_ConfigStrDescriptor
 .text.USBD_USR_InterfaceStrDescriptor
                0x0800c5d0       0x54 obj\release\usb app\usbd_desc.o
                0x0800c5d0                USBD_USR_InterfaceStrDescriptor
 .text.Get_SerialNum
                0x0800c624       0x60 obj\release\usb app\usbd_desc.o
 .text.IntToUnicode
                0x0800c684       0x94 obj\release\usb app\usbd_desc.o
 .text.USBD_USR_Init
                0x0800c718        0xc obj\release\usb app\usbd_usr.o
                0x0800c718                USBD_USR_Init
 .text.USBD_USR_DeviceReset
                0x0800c724       0x14 obj\release\usb app\usbd_usr.o
                0x0800c724                USBD_USR_DeviceReset
 .text.USBD_USR_DeviceConfigured
                0x0800c738        0xc obj\release\usb app\usbd_usr.o
                0x0800c738                USBD_USR_DeviceConfigured
 .text.USBD_USR_DeviceSuspended
                0x0800c744        0xc obj\release\usb app\usbd_usr.o
                0x0800c744                USBD_USR_DeviceSuspended
 .text.USBD_USR_DeviceResumed
                0x0800c750        0xc obj\release\usb app\usbd_usr.o
                0x0800c750                USBD_USR_DeviceResumed
 .text.USBD_USR_DeviceConnected
                0x0800c75c        0xc obj\release\usb app\usbd_usr.o
                0x0800c75c                USBD_USR_DeviceConnected
 .text.USBD_USR_DeviceDisconnected
                0x0800c768        0xc obj\release\usb app\usbd_usr.o
                0x0800c768                USBD_USR_DeviceDisconnected
 .text.NVIC_PriorityGroupConfig
                0x0800c774       0x28 obj\release\spl\src\misc.o
                0x0800c774                NVIC_PriorityGroupConfig
 .text.NVIC_Init
                0x0800c79c       0xe4 obj\release\spl\src\misc.o
                0x0800c79c                NVIC_Init
 .text.GPIO_Init
                0x0800c880      0x144 obj\release\spl\src\stm32f4xx_gpio.o
                0x0800c880                GPIO_Init
 .text.GPIO_PinAFConfig
                0x0800c9c4       0xa8 obj\release\spl\src\stm32f4xx_gpio.o
                0x0800c9c4                GPIO_PinAFConfig
 .text.RCC_GetClocksFreq
                0x0800ca6c      0x1cc obj\release\spl\src\stm32f4xx_rcc.o
                0x0800ca6c                RCC_GetClocksFreq
 .text.RCC_AHB1PeriphClockCmd
                0x0800cc38       0x54 obj\release\spl\src\stm32f4xx_rcc.o
                0x0800cc38                RCC_AHB1PeriphClockCmd
 .text.RCC_AHB2PeriphClockCmd
                0x0800cc8c       0x54 obj\release\spl\src\stm32f4xx_rcc.o
                0x0800cc8c                RCC_AHB2PeriphClockCmd
 .text.RCC_APB1PeriphClockCmd
                0x0800cce0       0x54 obj\release\spl\src\stm32f4xx_rcc.o
                0x0800cce0                RCC_APB1PeriphClockCmd
 .text.RCC_APB2PeriphClockCmd
                0x0800cd34       0x54 obj\release\spl\src\stm32f4xx_rcc.o
                0x0800cd34                RCC_APB2PeriphClockCmd
 .text.USART_SendData
                0x0800cd88       0x28 obj\release\spl\src\stm32f4xx_usart.o
                0x0800cd88                USART_SendData
 .text.USART_ReceiveData
                0x0800cdb0       0x24 obj\release\spl\src\stm32f4xx_usart.o
                0x0800cdb0                USART_ReceiveData
 .text.USART_GetFlagStatus
                0x0800cdd4       0x40 obj\release\spl\src\stm32f4xx_usart.o
                0x0800cdd4                USART_GetFlagStatus
 .text.USART_GetITStatus
                0x0800ce14       0xc4 obj\release\spl\src\stm32f4xx_usart.o
                0x0800ce14                USART_GetITStatus
 .text.main     0x0800ced8       0xa0 obj\release\src\main.o
                0x0800ced8                main
 .text          0x0800cf78      0x108 obj\release\src\startup_stm32f4xx.o
                0x0800cf78                Reset_Handler
                0x0800cfd0                Default_Handler
                0x0800cfd2                WWDG_IRQHandler
                0x0800cfd4                PVD_IRQHandler
                0x0800cfd6                TAMP_STAMP_IRQHandler
                0x0800cfd8                RTC_WKUP_IRQHandler
                0x0800cfda                FLASH_IRQHandler
                0x0800cfdc                RCC_IRQHandler
                0x0800cfe8                DMA1_Stream0_IRQHandler
                0x0800cfea                DMA1_Stream1_IRQHandler
                0x0800cfec                DMA1_Stream2_IRQHandler
                0x0800cff0                DMA1_Stream4_IRQHandler
                0x0800cff4                DMA1_Stream6_IRQHandler
                0x0800cff6                ADC_IRQHandler
                0x0800cff8                CAN1_TX_IRQHandler
                0x0800cffa                CAN1_RX0_IRQHandler
                0x0800cffc                CAN1_RX1_IRQHandler
                0x0800cffe                CAN1_SCE_IRQHandler
                0x0800d002                TIM1_BRK_TIM9_IRQHandler
                0x0800d004                TIM1_UP_TIM10_IRQHandler
                0x0800d006                TIM1_TRG_COM_TIM11_IRQHandler
                0x0800d008                TIM1_CC_IRQHandler
                0x0800d00c                TIM3_IRQHandler
                0x0800d00e                TIM4_IRQHandler
                0x0800d010                I2C1_EV_IRQHandler
                0x0800d012                I2C1_ER_IRQHandler
                0x0800d014                I2C2_EV_IRQHandler
                0x0800d016                I2C2_ER_IRQHandler
                0x0800d018                SPI1_IRQHandler
                0x0800d01a                SPI2_IRQHandler
                0x0800d01e                USART2_IRQHandler
                0x0800d024                RTC_Alarm_IRQHandler
                0x0800d026                OTG_FS_WKUP_IRQHandler
                0x0800d028                TIM8_BRK_TIM12_IRQHandler
                0x0800d02c                TIM8_TRG_COM_TIM14_IRQHandler
                0x0800d02e                TIM8_CC_IRQHandler
                0x0800d030                DMA1_Stream7_IRQHandler
                0x0800d032                FSMC_IRQHandler
                0x0800d034                SDIO_IRQHandler
                0x0800d036                TIM5_IRQHandler
                0x0800d038                SPI3_IRQHandler
                0x0800d03a                UART4_IRQHandler
                0x0800d03c                UART5_IRQHandler
                0x0800d044                DMA2_Stream1_IRQHandler
                0x0800d048                DMA2_Stream3_IRQHandler
                0x0800d04a                DMA2_Stream4_IRQHandler
                0x0800d04c                ETH_IRQHandler
                0x0800d04e                ETH_WKUP_IRQHandler
                0x0800d050                CAN2_TX_IRQHandler
                0x0800d052                CAN2_RX0_IRQHandler
                0x0800d054                CAN2_RX1_IRQHandler
                0x0800d056                CAN2_SCE_IRQHandler
                0x0800d05a                DMA2_Stream5_IRQHandler
                0x0800d05c                DMA2_Stream6_IRQHandler
                0x0800d05e                DMA2_Stream7_IRQHandler
                0x0800d060                USART6_IRQHandler
                0x0800d062                I2C3_EV_IRQHandler
                0x0800d064                I2C3_ER_IRQHandler
                0x0800d066                OTG_HS_EP1_OUT_IRQHandler
                0x0800d068                OTG_HS_EP1_IN_IRQHandler
                0x0800d06a                OTG_HS_WKUP_IRQHandler
                0x0800d06c                OTG_HS_IRQHandler
                0x0800d06e                DCMI_IRQHandler
                0x0800d070                CRYP_IRQHandler
                0x0800d072                HASH_RNG_IRQHandler
                0x0800d074                FPU_IRQHandler
 .text.SystemInit
                0x0800d080       0xb0 obj\release\src\system_stm32f4xx.o
                0x0800d080                SystemInit
 .text.SetSysClock
                0x0800d130      0x188 obj\release\src\system_stm32f4xx.o
 .text          0x0800d2b8      0x370 c:/program files (x86)/emblocks/2.30/share/em_armgcc/bin/../lib/gcc/arm-none-eabi/4.7.3/armv7e-m/fpu\libgcc.a(_arm_addsubdf3.o)
                0x0800d2b8                __aeabi_drsub
                0x0800d2c0                __aeabi_dsub
                0x0800d2c0                __subdf3
                0x0800d2c4                __aeabi_dadd
                0x0800d2c4                __adddf3
                0x0800d53c                __floatunsidf
                0x0800d53c                __aeabi_ui2d
                0x0800d55c                __floatsidf
                0x0800d55c                __aeabi_i2d
                0x0800d580                __aeabi_f2d
                0x0800d580                __extendsfdf2
                0x0800d5bc                __floatundidf
                0x0800d5bc                __aeabi_ul2d
                0x0800d5cc                __floatdidf
                0x0800d5cc                __aeabi_l2d
 .text          0x0800d628      0x424 c:/program files (x86)/emblocks/2.30/share/em_armgcc/bin/../lib/gcc/arm-none-eabi/4.7.3/armv7e-m/fpu\libgcc.a(_arm_muldivdf3.o)
                0x0800d628                __aeabi_dmul
                0x0800d628                __muldf3
                0x0800d87c                __divdf3
                0x0800d87c                __aeabi_ddiv
 .text          0x0800da4c      0x110 c:/program files (x86)/emblocks/2.30/share/em_armgcc/bin/../lib/gcc/arm-none-eabi/4.7.3/armv7e-m/fpu\libgcc.a(_arm_cmpdf2.o)
                0x0800da4c                __gtdf2
                0x0800da4c                __gedf2
                0x0800da54                __ltdf2
                0x0800da54                __ledf2
                0x0800da5c                __nedf2
                0x0800da5c                __eqdf2
                0x0800da5c                __cmpdf2
                0x0800dad8                __aeabi_cdrcmple
                0x0800dae8                __aeabi_cdcmpeq
                0x0800dae8                __aeabi_cdcmple
                0x0800daf8                __aeabi_dcmpeq
                0x0800db0c                __aeabi_dcmplt
                0x0800db20                __aeabi_dcmple
                0x0800db34                __aeabi_dcmpge
                0x0800db48                __aeabi_dcmpgt
 .text          0x0800db5c       0x50 c:/program files (x86)/emblocks/2.30/share/em_armgcc/bin/../lib/gcc/arm-none-eabi/4.7.3/armv7e-m/fpu\libgcc.a(_arm_fixdfsi.o)
                0x0800db5c                __aeabi_d2iz
                0x0800db5c                __fixdfsi
 .text          0x0800dbac       0xa0 c:/program files (x86)/emblocks/2.30/share/em_armgcc/bin/../lib/gcc/arm-none-eabi/4.7.3/armv7e-m/fpu\libgcc.a(_arm_truncdfsf2.o)
                0x0800dbac                __truncdfsf2
                0x0800dbac                __aeabi_d2f
 .text.exit     0x0800dc4c       0x20 c:/program files (x86)/emblocks/2.30/share/em_armgcc/bin/../lib/gcc/arm-none-eabi/4.7.3/../../../../arm-none-eabi/lib/armv7e-m/fpu\libc_f.a(lib_a-exit.o)
                0x0800dc4c                exit
 .text.__libc_init_array
                0x0800dc6c       0x50 c:/program files (x86)/emblocks/2.30/share/em_armgcc/bin/../lib/gcc/arm-none-eabi/4.7.3/../../../../arm-none-eabi/lib/armv7e-m/fpu\libc_f.a(lib_a-init.o)
                0x0800dc6c                __libc_init_array
 .text          0x0800dcbc      0x134 c:/program files (x86)/emblocks/2.30/share/em_armgcc/bin/../lib/gcc/arm-none-eabi/4.7.3/../../../../arm-none-eabi/lib/armv7e-m/fpu\libc_f.a(lib_a-memcpy.o)
                0x0800dcbc                memcpy
 .text.memset   0x0800ddf0       0x98 c:/program files (x86)/emblocks/2.30/share/em_armgcc/bin/../lib/gcc/arm-none-eabi/4.7.3/../../../../arm-none-eabi/lib/armv7e-m/fpu\libc_f.a(lib_a-memset.o)
                0x0800ddf0                memset
 .text.strlen   0x0800de88       0x60 c:/program files (x86)/emblocks/2.30/share/em_armgcc/bin/../lib/gcc/arm-none-eabi/4.7.3/../../../../arm-none-eabi/lib/armv7e-m/fpu\libc_f.a(lib_a-strlen.o)
                0x0800de88                strlen
 .text.startup.register_fini
                0x0800dee8       0x14 c:/program files (x86)/emblocks/2.30/share/em_armgcc/bin/../lib/gcc/arm-none-eabi/4.7.3/../../../../arm-none-eabi/lib/armv7e-m/fpu\libc_f.a(lib_a-__call_atexit.o)
 .text.__call_exitprocs
                0x0800defc      0x164 c:/program files (x86)/emblocks/2.30/share/em_armgcc/bin/../lib/gcc/arm-none-eabi/4.7.3/../../../../arm-none-eabi/lib/armv7e-m/fpu\libc_f.a(lib_a-__call_atexit.o)
                0x0800defc                __call_exitprocs
 .text.atexit   0x0800e060        0xc c:/program files (x86)/emblocks/2.30/share/em_armgcc/bin/../lib/gcc/arm-none-eabi/4.7.3/../../../../arm-none-eabi/lib/armv7e-m/fpu\libc_f.a(lib_a-atexit.o)
                0x0800e060                atexit
 .text.__libc_fini_array
                0x0800e06c       0x2c c:/program files (x86)/emblocks/2.30/share/em_armgcc/bin/../lib/gcc/arm-none-eabi/4.7.3/../../../../arm-none-eabi/lib/armv7e-m/fpu\libc_f.a(lib_a-fini.o)
                0x0800e06c                __libc_fini_array
 .text.__register_exitproc
                0x0800e098       0xb0 c:/program files (x86)/emblocks/2.30/share/em_armgcc/bin/../lib/gcc/arm-none-eabi/4.7.3/../../../../arm-none-eabi/lib/armv7e-m/fpu\libc_f.a(lib_a-__atexit.o)
                0x0800e098                __register_exitproc
 .text.atan     0x0800e148      0x3b0 c:/program files (x86)/emblocks/2.30/share/em_armgcc/bin/../lib/gcc/arm-none-eabi/4.7.3/../../../../arm-none-eabi/lib/armv7e-m/fpu\libm_f.a(lib_a-s_atan.o)
                0x0800e148                atan
 .text.cos      0x0800e4f8       0xb0 c:/program files (x86)/emblocks/2.30/share/em_armgcc/bin/../lib/gcc/arm-none-eabi/4.7.3/../../../../arm-none-eabi/lib/armv7e-m/fpu\libm_f.a(lib_a-s_cos.o)
                0x0800e4f8                cos
 .text.fabs     0x0800e5a8       0x14 c:/program files (x86)/emblocks/2.30/share/em_armgcc/bin/../lib/gcc/arm-none-eabi/4.7.3/../../../../arm-none-eabi/lib/armv7e-m/fpu\libm_f.a(lib_a-s_fabs.o)
                0x0800e5a8                fabs
 *fill*         0x0800e5bc        0x4 
 .text.sin      0x0800e5c0       0xb0 c:/program files (x86)/emblocks/2.30/share/em_armgcc/bin/../lib/gcc/arm-none-eabi/4.7.3/../../../../arm-none-eabi/lib/armv7e-m/fpu\libm_f.a(lib_a-s_sin.o)
                0x0800e5c0                sin
 .text.cosf     0x0800e670       0x74 c:/program files (x86)/emblocks/2.30/share/em_armgcc/bin/../lib/gcc/arm-none-eabi/4.7.3/../../../../arm-none-eabi/lib/armv7e-m/fpu\libm_f.a(lib_a-sf_cos.o)
                0x0800e670                cosf
 .text.fabsf    0x0800e6e4       0x10 c:/program files (x86)/emblocks/2.30/share/em_armgcc/bin/../lib/gcc/arm-none-eabi/4.7.3/../../../../arm-none-eabi/lib/armv7e-m/fpu\libm_f.a(lib_a-sf_fabs.o)
                0x0800e6e4                fabsf
 .text.sinf     0x0800e6f4       0x78 c:/program files (x86)/emblocks/2.30/share/em_armgcc/bin/../lib/gcc/arm-none-eabi/4.7.3/../../../../arm-none-eabi/lib/armv7e-m/fpu\libm_f.a(lib_a-sf_sin.o)
                0x0800e6f4                sinf
 .text.fmod     0x0800e76c       0xd4 c:/program files (x86)/emblocks/2.30/share/em_armgcc/bin/../lib/gcc/arm-none-eabi/4.7.3/../../../../arm-none-eabi/lib/armv7e-m/fpu\libm_f.a(lib_a-w_fmod.o)
                0x0800e76c                fmod
 .text.sqrt     0x0800e840       0xb4 c:/program files (x86)/emblocks/2.30/share/em_armgcc/bin/../lib/gcc/arm-none-eabi/4.7.3/../../../../arm-none-eabi/lib/armv7e-m/fpu\libm_f.a(lib_a-w_sqrt.o)
                0x0800e840                sqrt
 .text.sqrtf    0x0800e8f4       0xb0 c:/program files (x86)/emblocks/2.30/share/em_armgcc/bin/../lib/gcc/arm-none-eabi/4.7.3/../../../../arm-none-eabi/lib/armv7e-m/fpu\libm_f.a(lib_a-wf_sqrt.o)
                0x0800e8f4                sqrtf
 *fill*         0x0800e9a4        0x4 
 .text.__ieee754_fmod
                0x0800e9a8      0x298 c:/program files (x86)/emblocks/2.30/share/em_armgcc/bin/../lib/gcc/arm-none-eabi/4.7.3/../../../../arm-none-eabi/lib/armv7e-m/fpu\libm_f.a(lib_a-e_fmod.o)
                0x0800e9a8                __ieee754_fmod
 .text.__ieee754_rem_pio2
                0x0800ec40      0x408 c:/program files (x86)/emblocks/2.30/share/em_armgcc/bin/../lib/gcc/arm-none-eabi/4.7.3/../../../../arm-none-eabi/lib/armv7e-m/fpu\libm_f.a(lib_a-e_rem_pio2.o)
                0x0800ec40                __ieee754_rem_pio2
 .text.__ieee754_sqrt
                0x0800f048      0x1a8 c:/program files (x86)/emblocks/2.30/share/em_armgcc/bin/../lib/gcc/arm-none-eabi/4.7.3/../../../../arm-none-eabi/lib/armv7e-m/fpu\libm_f.a(lib_a-e_sqrt.o)
                0x0800f048                __ieee754_sqrt
 .text.__ieee754_rem_pio2f
                0x0800f1f0      0x25c c:/program files (x86)/emblocks/2.30/share/em_armgcc/bin/../lib/gcc/arm-none-eabi/4.7.3/../../../../arm-none-eabi/lib/armv7e-m/fpu\libm_f.a(lib_a-ef_rem_pio2.o)
                0x0800f1f0                __ieee754_rem_pio2f
 .text.__ieee754_sqrtf
                0x0800f44c       0xa8 c:/program files (x86)/emblocks/2.30/share/em_armgcc/bin/../lib/gcc/arm-none-eabi/4.7.3/../../../../arm-none-eabi/lib/armv7e-m/fpu\libm_f.a(lib_a-ef_sqrt.o)
                0x0800f44c                __ieee754_sqrtf
 *fill*         0x0800f4f4        0x4 
 .text.__kernel_cos
                0x0800f4f8      0x260 c:/program files (x86)/emblocks/2.30/share/em_armgcc/bin/../lib/gcc/arm-none-eabi/4.7.3/../../../../arm-none-eabi/lib/armv7e-m/fpu\libm_f.a(lib_a-k_cos.o)
                0x0800f4f8                __kernel_cos
 .text.__kernel_rem_pio2
                0x0800f758      0x768 c:/program files (x86)/emblocks/2.30/share/em_armgcc/bin/../lib/gcc/arm-none-eabi/4.7.3/../../../../arm-none-eabi/lib/armv7e-m/fpu\libm_f.a(lib_a-k_rem_pio2.o)
                0x0800f758                __kernel_rem_pio2
 .text.__kernel_sin
                0x0800fec0      0x178 c:/program files (x86)/emblocks/2.30/share/em_armgcc/bin/../lib/gcc/arm-none-eabi/4.7.3/../../../../arm-none-eabi/lib/armv7e-m/fpu\libm_f.a(lib_a-k_sin.o)
                0x0800fec0                __kernel_sin
 .text.__kernel_cosf
                0x08010038      0x100 c:/program files (x86)/emblocks/2.30/share/em_armgcc/bin/../lib/gcc/arm-none-eabi/4.7.3/../../../../arm-none-eabi/lib/armv7e-m/fpu\libm_f.a(lib_a-kf_cos.o)
                0x08010038                __kernel_cosf
 .text.__kernel_rem_pio2f
                0x08010138      0x5e0 c:/program files (x86)/emblocks/2.30/share/em_armgcc/bin/../lib/gcc/arm-none-eabi/4.7.3/../../../../arm-none-eabi/lib/armv7e-m/fpu\libm_f.a(lib_a-kf_rem_pio2.o)
                0x08010138                __kernel_rem_pio2f
 .text.__kernel_sinf
                0x08010718       0x90 c:/program files (x86)/emblocks/2.30/share/em_armgcc/bin/../lib/gcc/arm-none-eabi/4.7.3/../../../../arm-none-eabi/lib/armv7e-m/fpu\libm_f.a(lib_a-kf_sin.o)
                0x08010718                __kernel_sinf
 .text.floor    0x080107a8      0x110 c:/program files (x86)/emblocks/2.30/share/em_armgcc/bin/../lib/gcc/arm-none-eabi/4.7.3/../../../../arm-none-eabi/lib/armv7e-m/fpu\libm_f.a(lib_a-s_floor.o)
                0x080107a8                floor
 .text.__fpclassifyd
                0x080108b8       0x54 c:/program files (x86)/emblocks/2.30/share/em_armgcc/bin/../lib/gcc/arm-none-eabi/4.7.3/../../../../arm-none-eabi/lib/armv7e-m/fpu\libm_f.a(lib_a-s_fpclassify.o)
                0x080108b8                __fpclassifyd
 .text.matherr  0x0801090c        0x4 c:/program files (x86)/emblocks/2.30/share/em_armgcc/bin/../lib/gcc/arm-none-eabi/4.7.3/../../../../arm-none-eabi/lib/armv7e-m/fpu\libm_f.a(lib_a-s_matherr.o)
                0x0801090c                matherr
 .text.scalbn   0x08010910      0x110 c:/program files (x86)/emblocks/2.30/share/em_armgcc/bin/../lib/gcc/arm-none-eabi/4.7.3/../../../../arm-none-eabi/lib/armv7e-m/fpu\libm_f.a(lib_a-s_scalbn.o)
                0x08010910                scalbn
 .text.floorf   0x08010a20       0x84 c:/program files (x86)/emblocks/2.30/share/em_armgcc/bin/../lib/gcc/arm-none-eabi/4.7.3/../../../../arm-none-eabi/lib/armv7e-m/fpu\libm_f.a(lib_a-sf_floor.o)
                0x08010a20                floorf
 .text.__fpclassifyf
                0x08010aa4       0x38 c:/program files (x86)/emblocks/2.30/share/em_armgcc/bin/../lib/gcc/arm-none-eabi/4.7.3/../../../../arm-none-eabi/lib/armv7e-m/fpu\libm_f.a(lib_a-sf_fpclassify.o)
                0x08010aa4                __fpclassifyf
 .text.scalbnf  0x08010adc       0xcc c:/program files (x86)/emblocks/2.30/share/em_armgcc/bin/../lib/gcc/arm-none-eabi/4.7.3/../../../../arm-none-eabi/lib/armv7e-m/fpu\libm_f.a(lib_a-sf_scalbn.o)
                0x08010adc                scalbnf
 .text.copysign
                0x08010ba8       0x24 c:/program files (x86)/emblocks/2.30/share/em_armgcc/bin/../lib/gcc/arm-none-eabi/4.7.3/../../../../arm-none-eabi/lib/armv7e-m/fpu\libm_f.a(lib_a-s_copysign.o)
                0x08010ba8                copysign
 .text.copysignf
                0x08010bcc       0x18 c:/program files (x86)/emblocks/2.30/share/em_armgcc/bin/../lib/gcc/arm-none-eabi/4.7.3/../../../../arm-none-eabi/lib/armv7e-m/fpu\libm_f.a(lib_a-sf_copysign.o)
                0x08010bcc                copysignf
 .text._exit    0x08010be4        0x4 c:/program files (x86)/emblocks/2.30/share/em_armgcc/bin/../lib/gcc/arm-none-eabi/4.7.3/../../../../arm-none-eabi/lib/armv7e-m/fpu\libnosys_f.a(_exit.o)
                0x08010be4                _exit
 .text.__errno  0x08010be8        0xc c:/program files (x86)/emblocks/2.30/share/em_armgcc/bin/../lib/gcc/arm-none-eabi/4.7.3/../../../../arm-none-eabi/lib/armv7e-m/fpu\libc_f.a(lib_a-errno.o)
                0x08010be8                __errno
 *(.init)
 .init          0x08010bf4        0x4 c:/program files (x86)/emblocks/2.30/share/em_armgcc/bin/../lib/gcc/arm-none-eabi/4.7.3/armv7e-m/fpu/crti.o
                0x08010bf4                _init
 .init          0x08010bf8        0x8 c:/program files (x86)/emblocks/2.30/share/em_armgcc/bin/../lib/gcc/arm-none-eabi/4.7.3/armv7e-m/fpu/crtn.o
 *(.fini)
 .fini          0x08010c00        0x4 c:/program files (x86)/emblocks/2.30/share/em_armgcc/bin/../lib/gcc/arm-none-eabi/4.7.3/armv7e-m/fpu/crti.o
                0x08010c00                _fini
 .fini          0x08010c04        0x8 c:/program files (x86)/emblocks/2.30/share/em_armgcc/bin/../lib/gcc/arm-none-eabi/4.7.3/armv7e-m/fpu/crtn.o
 *crtbegin.o(.ctors)
 *crtbegin?.o(.ctors)
 *(EXCLUDE_FILE(*crtend.o *crtend?.o) .ctors)
 *(SORT(.ctors.*))
 *(.ctors)
 *crtbegin.o(.dtors)
 *crtbegin?.o(.dtors)
 *(EXCLUDE_FILE(*crtend.o *crtend?.o) .dtors)
 *(SORT(.dtors.*))
 *(.dtors)
 *(.rodata*)
 .rodata        0x08010c0c       0xa0 obj\release\robot\regulator.o
 .rodata        0x08010cac       0x18 obj\release\robot\robot.o
 .rodata        0x08010cc4       0x78 obj\release\usb app\usbd_desc.o
 .rodata.str1.4
                0x08010d3c        0x2 c:/program files (x86)/emblocks/2.30/share/em_armgcc/bin/../lib/gcc/arm-none-eabi/4.7.3/../../../../arm-none-eabi/lib/armv7e-m/fpu\libc_f.a(lib_a-impure.o)
                                  0x4 (size before relaxing)
 *fill*         0x08010d3e        0x2 
 .rodata._global_impure_ptr
                0x08010d40        0x4 c:/program files (x86)/emblocks/2.30/share/em_armgcc/bin/../lib/gcc/arm-none-eabi/4.7.3/../../../../arm-none-eabi/lib/armv7e-m/fpu\libc_f.a(lib_a-impure.o)
                0x08010d40                _global_impure_ptr
 *fill*         0x08010d44        0x4 
 .rodata.atanlo
                0x08010d48       0x20 c:/program files (x86)/emblocks/2.30/share/em_armgcc/bin/../lib/gcc/arm-none-eabi/4.7.3/../../../../arm-none-eabi/lib/armv7e-m/fpu\libm_f.a(lib_a-s_atan.o)
 .rodata.atanhi
                0x08010d68       0x20 c:/program files (x86)/emblocks/2.30/share/em_armgcc/bin/../lib/gcc/arm-none-eabi/4.7.3/../../../../arm-none-eabi/lib/armv7e-m/fpu\libm_f.a(lib_a-s_atan.o)
 .rodata.str1.4
                0x08010d88        0x5 c:/program files (x86)/emblocks/2.30/share/em_armgcc/bin/../lib/gcc/arm-none-eabi/4.7.3/../../../../arm-none-eabi/lib/armv7e-m/fpu\libm_f.a(lib_a-w_fmod.o)
                                  0x8 (size before relaxing)
 *fill*         0x08010d8d        0x3 
 .rodata.str1.4
                0x08010d90        0x5 c:/program files (x86)/emblocks/2.30/share/em_armgcc/bin/../lib/gcc/arm-none-eabi/4.7.3/../../../../arm-none-eabi/lib/armv7e-m/fpu\libm_f.a(lib_a-w_sqrt.o)
                                  0x8 (size before relaxing)
 *fill*         0x08010d95        0x3 
 .rodata.str1.4
                0x08010d98        0x8 c:/program files (x86)/emblocks/2.30/share/em_armgcc/bin/../lib/gcc/arm-none-eabi/4.7.3/../../../../arm-none-eabi/lib/armv7e-m/fpu\libm_f.a(lib_a-wf_sqrt.o)
 .rodata.Zero   0x08010da0       0x10 c:/program files (x86)/emblocks/2.30/share/em_armgcc/bin/../lib/gcc/arm-none-eabi/4.7.3/../../../../arm-none-eabi/lib/armv7e-m/fpu\libm_f.a(lib_a-e_fmod.o)
 .rodata.npio2_hw
                0x08010db0       0x80 c:/program files (x86)/emblocks/2.30/share/em_armgcc/bin/../lib/gcc/arm-none-eabi/4.7.3/../../../../arm-none-eabi/lib/armv7e-m/fpu\libm_f.a(lib_a-e_rem_pio2.o)
 .rodata.two_over_pi
                0x08010e30      0x108 c:/program files (x86)/emblocks/2.30/share/em_armgcc/bin/../lib/gcc/arm-none-eabi/4.7.3/../../../../arm-none-eabi/lib/armv7e-m/fpu\libm_f.a(lib_a-e_rem_pio2.o)
 .rodata.npio2_hw
                0x08010f38       0x80 c:/program files (x86)/emblocks/2.30/share/em_armgcc/bin/../lib/gcc/arm-none-eabi/4.7.3/../../../../arm-none-eabi/lib/armv7e-m/fpu\libm_f.a(lib_a-ef_rem_pio2.o)
 .rodata.two_over_pi
                0x08010fb8      0x318 c:/program files (x86)/emblocks/2.30/share/em_armgcc/bin/../lib/gcc/arm-none-eabi/4.7.3/../../../../arm-none-eabi/lib/armv7e-m/fpu\libm_f.a(lib_a-ef_rem_pio2.o)
 .rodata.init_jk
                0x080112d0       0x10 c:/program files (x86)/emblocks/2.30/share/em_armgcc/bin/../lib/gcc/arm-none-eabi/4.7.3/../../../../arm-none-eabi/lib/armv7e-m/fpu\libm_f.a(lib_a-k_rem_pio2.o)
 .rodata.PIo2   0x080112e0       0x40 c:/program files (x86)/emblocks/2.30/share/em_armgcc/bin/../lib/gcc/arm-none-eabi/4.7.3/../../../../arm-none-eabi/lib/armv7e-m/fpu\libm_f.a(lib_a-k_rem_pio2.o)
 .rodata.init_jk
                0x08011320        0xc c:/program files (x86)/emblocks/2.30/share/em_armgcc/bin/../lib/gcc/arm-none-eabi/4.7.3/../../../../arm-none-eabi/lib/armv7e-m/fpu\libm_f.a(lib_a-kf_rem_pio2.o)
 .rodata.PIo2   0x0801132c       0x2c c:/program files (x86)/emblocks/2.30/share/em_armgcc/bin/../lib/gcc/arm-none-eabi/4.7.3/../../../../arm-none-eabi/lib/armv7e-m/fpu\libm_f.a(lib_a-kf_rem_pio2.o)
 *(.eh_frame*)
 .eh_frame      0x08011358        0x0 c:/program files (x86)/emblocks/2.30/share/em_armgcc/bin/../lib/gcc/arm-none-eabi/4.7.3/armv7e-m/fpu/crtbegin.o
 .eh_frame      0x08011358        0x4 c:/program files (x86)/emblocks/2.30/share/em_armgcc/bin/../lib/gcc/arm-none-eabi/4.7.3/armv7e-m/fpu/crtend.o

.glue_7         0x0801135c        0x0
 .glue_7        0x00000000        0x0 linker stubs

.glue_7t        0x0801135c        0x0
 .glue_7t       0x00000000        0x0 linker stubs

.vfp11_veneer   0x0801135c        0x0
 .vfp11_veneer  0x00000000        0x0 linker stubs

.v4_bx          0x0801135c        0x0
 .v4_bx         0x00000000        0x0 linker stubs

.iplt           0x0801135c        0x0
 .iplt          0x00000000        0x0 c:/program files (x86)/emblocks/2.30/share/em_armgcc/bin/../lib/gcc/arm-none-eabi/4.7.3/armv7e-m/fpu/crtbegin.o

.ARM.extab
 *(.ARM.extab* .gnu.linkonce.armextab.*)
                0x0801135c                __exidx_start = .

.ARM.exidx      0x0801135c        0x8
 *(.ARM.exidx* .gnu.linkonce.armexidx.*)
 .ARM.exidx     0x0801135c        0x8 c:/program files (x86)/emblocks/2.30/share/em_armgcc/bin/../lib/gcc/arm-none-eabi/4.7.3/../../../../arm-none-eabi/lib/armv7e-m/fpu/crt0.o
                0x08011364                __exidx_end = .
                0x08011364                __etext = .

.rel.dyn        0x08011364        0x0
 .rel.iplt      0x00000000        0x0 c:/program files (x86)/emblocks/2.30/share/em_armgcc/bin/../lib/gcc/arm-none-eabi/4.7.3/armv7e-m/fpu/crtbegin.o

.data           0x20000000      0xbdc load address 0x08011364
                0x20000000                __data_start__ = .
 *(vtable)
 *(.data*)
 .data.dmaData  0x20000000       0x24 obj\release\board\usart.o
                0x20000000                dmaData
 .data.encData  0x20000024       0x1c obj\release\board\usart.o
                0x20000024                encData
 .data.usbd_cdc_CfgDesc
                0x20000040       0x44 obj\release\library\cdc\src\usbd_cdc_core.o
                0x20000040                usbd_cdc_CfgDesc
 .data.cdcCmd   0x20000084        0x4 obj\release\library\cdc\src\usbd_cdc_core.o
 .data.USBD_CDC_cb
                0x20000088       0x2c obj\release\library\cdc\src\usbd_cdc_core.o
                0x20000088                USBD_CDC_cb
 .data.USBD_DCD_INT_cb
                0x200000b4       0x2c obj\release\library\core\src\usbd_core.o
                0x200000b4                USBD_DCD_INT_cb
 .data.USBD_DCD_INT_fops
                0x200000e0        0x4 obj\release\library\core\src\usbd_core.o
                0x200000e0                USBD_DCD_INT_fops
 .data.receiveBufferStart
                0x200000e4        0x4 obj\release\robot\dynamixel_control.o
                0x200000e4                receiveBufferStart
 .data.receiveBufferEnd
                0x200000e8        0x4 obj\release\robot\dynamixel_control.o
                0x200000e8                receiveBufferEnd
 .data.points   0x200000ec      0x4b0 obj\release\robot\regulator.o
                0x200000ec                points
 .data.lastPoint
                0x2000059c        0x1 obj\release\robot\regulator.o
                0x2000059c                lastPoint
 *fill*         0x2000059d        0x3 
 .data.normalVel
                0x200005a0       0x14 obj\release\robot\regulator.o
                0x200005a0                normalVel
 .data.stopVel  0x200005b4       0x14 obj\release\robot\regulator.o
                0x200005b4                stopVel
 .data.standVel
                0x200005c8       0x14 obj\release\robot\regulator.o
                0x200005c8                standVel
 .data.normalRot
                0x200005dc       0x14 obj\release\robot\regulator.o
                0x200005dc                normalRot
 .data.stopRot  0x200005f0       0x14 obj\release\robot\regulator.o
                0x200005f0                stopRot
 .data.standRot
                0x20000604       0x14 obj\release\robot\regulator.o
                0x20000604                standRot
 .data.speedType
                0x20000618        0xc obj\release\robot\regulator.o
                0x20000618                speedType
 .data.rotType  0x20000624        0xc obj\release\robot\regulator.o
                0x20000624                rotType
 .data.curState
                0x20000630        0x4 obj\release\robot\robot.o
                0x20000630                curState
 .data.inCommand
                0x20000634        0x8 obj\release\robot\robot.o
                0x20000634                inCommand
 .data.PWM_CCR  0x2000063c       0x28 obj\release\robot\robot.o
                0x2000063c                PWM_CCR
 .data.PWM_DIR  0x20000664       0x28 obj\release\robot\robot.o
                0x20000664                PWM_DIR
 .data.GENERAL_PIN
                0x2000068c       0x28 obj\release\robot\robot.o
                0x2000068c                GENERAL_PIN
 .data.EXTI_PIN
                0x200006b4       0x28 obj\release\robot\robot.o
                0x200006b4                EXTI_PIN
 .data.V12_PIN  0x200006dc       0x18 obj\release\robot\robot.o
                0x200006dc                V12_PIN
 .data.encCnt   0x200006f4       0x10 obj\release\robot\robot.o
                0x200006f4                encCnt
 .data.WHEELS   0x20000704        0x4 obj\release\robot\robot.o
                0x20000704                WHEELS
 .data.linecoding
                0x20000708        0x8 obj\release\usb app\usbd_cdc_vcp.o
                0x20000708                linecoding
 .data.VCP_fops
                0x20000710       0x14 obj\release\usb app\usbd_cdc_vcp.o
                0x20000710                VCP_fops
 .data.USR_desc
                0x20000724       0x1c obj\release\usb app\usbd_desc.o
                0x20000724                USR_desc
 .data.USBD_DeviceDesc
                0x20000740       0x14 obj\release\usb app\usbd_desc.o
                0x20000740                USBD_DeviceDesc
 .data.USBD_LangIDDesc
                0x20000754        0x4 obj\release\usb app\usbd_desc.o
                0x20000754                USBD_LangIDDesc
 .data.USBD_StringSerial
                0x20000758       0x1c obj\release\usb app\usbd_desc.o
                0x20000758                USBD_StringSerial
 .data.USR_cb   0x20000774       0x1c obj\release\usb app\usbd_usr.o
                0x20000774                USR_cb
 .data.APBAHBPrescTable
                0x20000790       0x10 obj\release\spl\src\stm32f4xx_rcc.o
 .data.impure_data
                0x200007a0      0x428 c:/program files (x86)/emblocks/2.30/share/em_armgcc/bin/../lib/gcc/arm-none-eabi/4.7.3/../../../../arm-none-eabi/lib/armv7e-m/fpu\libc_f.a(lib_a-impure.o)
 .data._impure_ptr
                0x20000bc8        0x4 c:/program files (x86)/emblocks/2.30/share/em_armgcc/bin/../lib/gcc/arm-none-eabi/4.7.3/../../../../arm-none-eabi/lib/armv7e-m/fpu\libc_f.a(lib_a-impure.o)
                0x20000bc8                _impure_ptr
 .data.__fdlib_version
                0x20000bcc        0x1 c:/program files (x86)/emblocks/2.30/share/em_armgcc/bin/../lib/gcc/arm-none-eabi/4.7.3/../../../../arm-none-eabi/lib/armv7e-m/fpu\libm_f.a(lib_a-s_lib_ver.o)
                0x20000bcc                __fdlib_version
                0x20000bd0                . = ALIGN (0x4)
 *fill*         0x20000bcd        0x3 
                0x20000bd0                PROVIDE (__preinit_array_start, .)
 *(.preinit_array)
                0x20000bd0                PROVIDE (__preinit_array_end, .)
                0x20000bd0                . = ALIGN (0x4)
                0x20000bd0                PROVIDE (__init_array_start, .)
 *(SORT(.init_array.*))
 .init_array.00000
                0x20000bd0        0x4 c:/program files (x86)/emblocks/2.30/share/em_armgcc/bin/../lib/gcc/arm-none-eabi/4.7.3/../../../../arm-none-eabi/lib/armv7e-m/fpu\libc_f.a(lib_a-__call_atexit.o)
 *(.init_array)
 .init_array    0x20000bd4        0x4 c:/program files (x86)/emblocks/2.30/share/em_armgcc/bin/../lib/gcc/arm-none-eabi/4.7.3/armv7e-m/fpu/crtbegin.o
                0x20000bd8                PROVIDE (__init_array_end, .)
                0x20000bd8                . = ALIGN (0x4)
                0x20000bd8                PROVIDE (__fini_array_start, .)
 *(SORT(.fini_array.*))
 *(.fini_array)
 .fini_array    0x20000bd8        0x4 c:/program files (x86)/emblocks/2.30/share/em_armgcc/bin/../lib/gcc/arm-none-eabi/4.7.3/armv7e-m/fpu/crtbegin.o
                0x20000bdc                PROVIDE (__fini_array_end, .)
                0x20000bdc                . = ALIGN (0x4)
                0x20000bdc                __data_end__ = .

.jcr            0x20000bdc        0x0 load address 0x08011f40
 .jcr           0x20000bdc        0x0 c:/program files (x86)/emblocks/2.30/share/em_armgcc/bin/../lib/gcc/arm-none-eabi/4.7.3/armv7e-m/fpu/crtbegin.o

.igot.plt       0x20000bdc        0x0 load address 0x08011f40
 .igot.plt      0x00000000        0x0 c:/program files (x86)/emblocks/2.30/share/em_armgcc/bin/../lib/gcc/arm-none-eabi/4.7.3/armv7e-m/fpu/crtbegin.o

.bss            0x20000bdc     0x13e0 load address 0x08011f40
                0x20000bdc                __bss_start__ = .
 *(.bss*)
 .bss           0x20000bdc       0x1c c:/program files (x86)/emblocks/2.30/share/em_armgcc/bin/../lib/gcc/arm-none-eabi/4.7.3/armv7e-m/fpu/crtbegin.o
 .bss.int_cnt   0x20000bf8        0x2 obj\release\board\interrupts.o
                0x20000bf8                int_cnt
 *fill*         0x20000bfa        0x2 
 .bss.usbd_cdc_AltSet
                0x20000bfc        0x4 obj\release\library\cdc\src\usbd_cdc_core.o
 .bss.APP_Rx_ptr_in
                0x20000c00        0x4 obj\release\library\cdc\src\usbd_cdc_core.o
                0x20000c00                APP_Rx_ptr_in
 .bss.APP_Rx_ptr_out
                0x20000c04        0x4 obj\release\library\cdc\src\usbd_cdc_core.o
                0x20000c04                APP_Rx_ptr_out
 .bss.APP_Rx_length
                0x20000c08        0x4 obj\release\library\cdc\src\usbd_cdc_core.o
                0x20000c08                APP_Rx_length
 .bss.USB_Tx_State
                0x20000c0c        0x1 obj\release\library\cdc\src\usbd_cdc_core.o
                0x20000c0c                USB_Tx_State
 *fill*         0x20000c0d        0x3 
 .bss.cdcLen    0x20000c10        0x4 obj\release\library\cdc\src\usbd_cdc_core.o
 .bss.FrameCount.8664
                0x20000c14        0x4 obj\release\library\cdc\src\usbd_cdc_core.o
 .bss.USBD_ep_status
                0x20000c18        0x4 obj\release\library\core\src\usbd_req.o
                0x20000c18                USBD_ep_status
 .bss.USBD_default_cfg
                0x20000c1c        0x4 obj\release\library\core\src\usbd_req.o
                0x20000c1c                USBD_default_cfg
 .bss.USBD_cfg_status
                0x20000c20        0x4 obj\release\library\core\src\usbd_req.o
                0x20000c20                USBD_cfg_status
 .bss.cfgidx.8673
                0x20000c24        0x1 obj\release\library\core\src\usbd_req.o
 .bss.servoErrorCode
                0x20000c25        0x1 obj\release\robot\dynamixel_control.o
                0x20000c25                servoErrorCode
 *fill*         0x20000c26        0x2 
 .bss.regulatorOut
                0x20000c28       0x10 obj\release\robot\regulator.o
                0x20000c28                regulatorOut
 .bss.vTargetGlob
                0x20000c38        0xc obj\release\robot\regulator.o
                0x20000c38                vTargetGlob
 .bss.totalPointComplite
                0x20000c44        0x2 obj\release\robot\regulator.o
                0x20000c44                totalPointComplite
 *fill*         0x20000c46        0x2 
 .bss.robotCoordTarget
                0x20000c48        0xc obj\release\robot\robot.o
                0x20000c48                robotCoordTarget
 .bss.motorCoord
                0x20000c54       0x10 obj\release\robot\robot.o
                0x20000c54                motorCoord
 .bss.robotCoord
                0x20000c64        0xc obj\release\robot\robot.o
                0x20000c64                robotCoord
 .bss.robotSpeed
                0x20000c70        0xc obj\release\robot\robot.o
                0x20000c70                robotSpeed
 .bss.command   0x20000c7c        0x1 obj\release\src\main.o
                0x20000c7c                command
 *(COMMON)
 COMMON         0x20000c7d        0x3 obj\release\board\interrupts.o
                0x20000c7d                traceFlag
                0x20000c7e                endFlag
                0x20000c7f                movFlag
 COMMON         0x20000c80       0xd0 obj\release\board\usart.o
                0x20000c80                usart1Data
                0x20000c88                Buffer
 COMMON         0x20000d50      0x88c obj\release\library\cdc\src\usbd_cdc_core.o
                0x20000d50                usbd_cdc_OtherCfgDesc
                0x20000d94                USB_Rx_Buffer
                0x20000dd4                CmdBuff
                0x20000ddc                APP_Rx_Buffer
 COMMON         0x200015dc        0x4 obj\release\library\core\src\usbd_core.o
                0x200015dc                SET_TEST_MODE
 COMMON         0x200015e0       0x40 obj\release\robot\dynamixel_control.o
                0x200015e0                response
                0x20001600                receiveBuffer
 COMMON         0x20001620      0x1bc obj\release\robot\regulator.o
                0x20001620                curPath
                0x2000165c                ortoPos
                0x2000169c                wheelsPidStruct
                0x2000179c                radSpeed
 COMMON         0x200017dc       0xd8 obj\release\robot\robot.o
                0x200017dc                param
                0x200017fa                extiFlag
                0x200017fc                motorSpeed
                0x2000180c                dataIndex
                0x20001810                outData
                0x20001830                pinType
                0x2000183c                inData
                0x2000187c                extiType
                0x20001888                outEnc
                0x200018a0                adcData
 COMMON         0x200018b4       0x10 obj\release\usb app\usbd_cdc_vcp.o
                0x200018b4                USART_InitStructure
 COMMON         0x200018c4       0xff obj\release\usb app\usbd_desc.o
                0x200018c4                USBD_StrDesc
 *fill*         0x200019c3        0x1 
 COMMON         0x200019c4      0x5f8 obj\release\src\main.o
                0x200019c4                mode
                0x200019c8                USB_OTG_dev
                0x20001fbc                __bss_end__ = .

.heap           0x20001fc0        0x0
                0x20001fc0                __end__ = .
                0x20001fc0                end = __end__
 *(.heap*)
 .heap          0x20001fc0        0x0 obj\release\src\startup_stm32f4xx.o
                0x20001fc0                __HeapLimit = .

.stack_dummy    0x20001fc0      0x100
 *(.stack)
 .stack         0x20001fc0      0x100 obj\release\src\startup_stm32f4xx.o
                0x20020000                __StackTop = (ORIGIN (RAM) + 0x20000)
                0x2001ff00                __StackLimit = (__StackTop - SIZEOF (.stack_dummy))
                0x20020000                PROVIDE (__stack, __StackTop)
                0x00000001                ASSERT ((__StackLimit >= __HeapLimit), region RAM overflowed with stack)
LOAD obj\release\board\adc.o
LOAD obj\release\board\interrupts.o
LOAD obj\release\board\init.o
LOAD obj\release\board\tim.o
LOAD obj\release\board\usart.o
LOAD obj\release\library\cdc\src\usbd_cdc_core.o
LOAD obj\release\library\core\src\usb_core.o
LOAD obj\release\library\core\src\usb_dcd.o
LOAD obj\release\library\core\src\usb_dcd_int.o
LOAD obj\release\library\core\src\usbd_core.o
LOAD obj\release\library\core\src\usbd_ioreq.o
LOAD obj\release\library\core\src\usbd_req.o
LOAD obj\release\robot\dynamixel_control.o
LOAD obj\release\robot\manipulators.o
LOAD obj\release\robot\path.o
LOAD obj\release\robot\regulator.o
LOAD obj\release\robot\matrix.o
LOAD obj\release\robot\robot.o
LOAD obj\release\usb app\stm32fxxx_it.o
LOAD obj\release\usb app\usb_bsp.o
LOAD obj\release\usb app\usbd_cdc_vcp.o
LOAD obj\release\usb app\usbd_desc.o
LOAD obj\release\usb app\usbd_usr.o
LOAD obj\release\spl\src\misc.o
LOAD obj\release\spl\src\stm32f4xx_adc.o
LOAD obj\release\spl\src\stm32f4xx_can.o
LOAD obj\release\spl\src\stm32f4xx_cec.o
LOAD obj\release\spl\src\stm32f4xx_crc.o
LOAD obj\release\spl\src\stm32f4xx_cryp.o
LOAD obj\release\spl\src\stm32f4xx_cryp_aes.o
LOAD obj\release\spl\src\stm32f4xx_cryp_des.o
LOAD obj\release\spl\src\stm32f4xx_cryp_tdes.o
LOAD obj\release\spl\src\stm32f4xx_dac.o
LOAD obj\release\spl\src\stm32f4xx_dbgmcu.o
LOAD obj\release\spl\src\stm32f4xx_dcmi.o
LOAD obj\release\spl\src\stm32f4xx_dma.o
LOAD obj\release\spl\src\stm32f4xx_dma2d.o
LOAD obj\release\spl\src\stm32f4xx_dsi.o
LOAD obj\release\spl\src\stm32f4xx_exti.o
LOAD obj\release\spl\src\stm32f4xx_gpio.o
LOAD obj\release\spl\src\stm32f4xx_hash.o
LOAD obj\release\spl\src\stm32f4xx_hash_md5.o
LOAD obj\release\spl\src\stm32f4xx_hash_sha1.o
LOAD obj\release\spl\src\stm32f4xx_i2c.o
LOAD obj\release\spl\src\stm32f4xx_iwdg.o
LOAD obj\release\spl\src\stm32f4xx_lptim.o
LOAD obj\release\spl\src\stm32f4xx_ltdc.o
LOAD obj\release\spl\src\stm32f4xx_pwr.o
LOAD obj\release\spl\src\stm32f4xx_qspi.o
LOAD obj\release\spl\src\stm32f4xx_rcc.o
LOAD obj\release\spl\src\stm32f4xx_rng.o
LOAD obj\release\spl\src\stm32f4xx_rtc.o
LOAD obj\release\spl\src\stm32f4xx_sai.o
LOAD obj\release\spl\src\stm32f4xx_sdio.o
LOAD obj\release\spl\src\stm32f4xx_spdifrx.o
LOAD obj\release\spl\src\stm32f4xx_spi.o
LOAD obj\release\spl\src\stm32f4xx_syscfg.o
LOAD obj\release\spl\src\stm32f4xx_tim.o
LOAD obj\release\spl\src\stm32f4xx_usart.o
LOAD obj\release\spl\src\stm32f4xx_wwdg.o
LOAD obj\release\src\main.o
LOAD obj\release\src\startup_stm32f4xx.o
LOAD obj\release\src\system_stm32f4xx.o
START GROUP
LOAD c:/program files (x86)/emblocks/2.30/share/em_armgcc/bin/../lib/gcc/arm-none-eabi/4.7.3/armv7e-m/fpu\libgcc.a
LOAD c:/program files (x86)/emblocks/2.30/share/em_armgcc/bin/../lib/gcc/arm-none-eabi/4.7.3/../../../../arm-none-eabi/lib/armv7e-m/fpu\libc_f.a
LOAD c:/program files (x86)/emblocks/2.30/share/em_armgcc/bin/../lib/gcc/arm-none-eabi/4.7.3/../../../../arm-none-eabi/lib/armv7e-m/fpu\libg_f.a
LOAD c:/program files (x86)/emblocks/2.30/share/em_armgcc/bin/../lib/gcc/arm-none-eabi/4.7.3/../../../../arm-none-eabi/lib/armv7e-m/fpu\libm_f.a
LOAD c:/program files (x86)/emblocks/2.30/share/em_armgcc/bin/../lib/gcc/arm-none-eabi/4.7.3/../../../../arm-none-eabi/lib/armv7e-m/fpu\libnosys_f.a
END GROUP
LOAD c:/program files (x86)/emblocks/2.30/share/em_armgcc/bin/../lib/gcc/arm-none-eabi/4.7.3/armv7e-m/fpu/crtend.o
LOAD c:/program files (x86)/emblocks/2.30/share/em_armgcc/bin/../lib/gcc/arm-none-eabi/4.7.3/armv7e-m/fpu/crtn.o
OUTPUT(bin\Release\Robot V2.elf elf32-littlearm)

.ARM.attributes
                0x00000000       0x30
 .ARM.attributes
                0x00000000       0x22 c:/program files (x86)/emblocks/2.30/share/em_armgcc/bin/../lib/gcc/arm-none-eabi/4.7.3/armv7e-m/fpu/crti.o
 .ARM.attributes
                0x00000022       0x34 c:/program files (x86)/emblocks/2.30/share/em_armgcc/bin/../lib/gcc/arm-none-eabi/4.7.3/armv7e-m/fpu/crtbegin.o
 .ARM.attributes
                0x00000056       0x20 c:/program files (x86)/emblocks/2.30/share/em_armgcc/bin/../lib/gcc/arm-none-eabi/4.7.3/../../../../arm-none-eabi/lib/armv7e-m/fpu/crt0.o
 .ARM.attributes
                0x00000076       0x39 obj\release\board\adc.o
 .ARM.attributes
                0x000000af       0x39 obj\release\board\interrupts.o
 .ARM.attributes
                0x000000e8       0x39 obj\release\board\init.o
 .ARM.attributes
                0x00000121       0x39 obj\release\board\tim.o
 .ARM.attributes
                0x0000015a       0x39 obj\release\board\usart.o
 .ARM.attributes
                0x00000193       0x39 obj\release\library\cdc\src\usbd_cdc_core.o
 .ARM.attributes
                0x000001cc       0x39 obj\release\library\core\src\usb_core.o
 .ARM.attributes
                0x00000205       0x39 obj\release\library\core\src\usb_dcd.o
 .ARM.attributes
                0x0000023e       0x39 obj\release\library\core\src\usb_dcd_int.o
 .ARM.attributes
                0x00000277       0x39 obj\release\library\core\src\usbd_core.o
 .ARM.attributes
                0x000002b0       0x39 obj\release\library\core\src\usbd_ioreq.o
 .ARM.attributes
                0x000002e9       0x39 obj\release\library\core\src\usbd_req.o
 .ARM.attributes
                0x00000322       0x39 obj\release\robot\dynamixel_control.o
 .ARM.attributes
                0x0000035b       0x39 obj\release\robot\regulator.o
 .ARM.attributes
                0x00000394       0x39 obj\release\robot\matrix.o
 .ARM.attributes
                0x000003cd       0x39 obj\release\robot\robot.o
 .ARM.attributes
                0x00000406       0x39 obj\release\usb app\stm32fxxx_it.o
 .ARM.attributes
                0x0000043f       0x39 obj\release\usb app\usb_bsp.o
 .ARM.attributes
                0x00000478       0x39 obj\release\usb app\usbd_cdc_vcp.o
 .ARM.attributes
                0x000004b1       0x39 obj\release\usb app\usbd_desc.o
 .ARM.attributes
                0x000004ea       0x39 obj\release\usb app\usbd_usr.o
 .ARM.attributes
                0x00000523       0x39 obj\release\spl\src\misc.o
 .ARM.attributes
                0x0000055c       0x39 obj\release\spl\src\stm32f4xx_gpio.o
 .ARM.attributes
                0x00000595       0x39 obj\release\spl\src\stm32f4xx_rcc.o
 .ARM.attributes
                0x000005ce       0x39 obj\release\spl\src\stm32f4xx_usart.o
 .ARM.attributes
                0x00000607       0x39 obj\release\src\main.o
 .ARM.attributes
                0x00000640       0x1f obj\release\src\startup_stm32f4xx.o
 .ARM.attributes
                0x0000065f       0x39 obj\release\src\system_stm32f4xx.o
 .ARM.attributes
                0x00000698       0x22 c:/program files (x86)/emblocks/2.30/share/em_armgcc/bin/../lib/gcc/arm-none-eabi/4.7.3/armv7e-m/fpu\libgcc.a(_arm_addsubdf3.o)
 .ARM.attributes
                0x000006ba       0x22 c:/program files (x86)/emblocks/2.30/share/em_armgcc/bin/../lib/gcc/arm-none-eabi/4.7.3/armv7e-m/fpu\libgcc.a(_arm_muldivdf3.o)
 .ARM.attributes
                0x000006dc       0x22 c:/program files (x86)/emblocks/2.30/share/em_armgcc/bin/../lib/gcc/arm-none-eabi/4.7.3/armv7e-m/fpu\libgcc.a(_arm_cmpdf2.o)
 .ARM.attributes
                0x000006fe       0x22 c:/program files (x86)/emblocks/2.30/share/em_armgcc/bin/../lib/gcc/arm-none-eabi/4.7.3/armv7e-m/fpu\libgcc.a(_arm_fixdfsi.o)
 .ARM.attributes
                0x00000720       0x22 c:/program files (x86)/emblocks/2.30/share/em_armgcc/bin/../lib/gcc/arm-none-eabi/4.7.3/armv7e-m/fpu\libgcc.a(_arm_truncdfsf2.o)
 .ARM.attributes
                0x00000742       0x30 c:/program files (x86)/emblocks/2.30/share/em_armgcc/bin/../lib/gcc/arm-none-eabi/4.7.3/../../../../arm-none-eabi/lib/armv7e-m/fpu\libc_f.a(lib_a-exit.o)
 .ARM.attributes
                0x00000772       0x30 c:/program files (x86)/emblocks/2.30/share/em_armgcc/bin/../lib/gcc/arm-none-eabi/4.7.3/../../../../arm-none-eabi/lib/armv7e-m/fpu\libc_f.a(lib_a-impure.o)
 .ARM.attributes
                0x000007a2       0x30 c:/program files (x86)/emblocks/2.30/share/em_armgcc/bin/../lib/gcc/arm-none-eabi/4.7.3/../../../../arm-none-eabi/lib/armv7e-m/fpu\libc_f.a(lib_a-init.o)
 .ARM.attributes
                0x000007d2       0x20 c:/program files (x86)/emblocks/2.30/share/em_armgcc/bin/../lib/gcc/arm-none-eabi/4.7.3/../../../../arm-none-eabi/lib/armv7e-m/fpu\libc_f.a(lib_a-memcpy.o)
 .ARM.attributes
                0x000007f2       0x30 c:/program files (x86)/emblocks/2.30/share/em_armgcc/bin/../lib/gcc/arm-none-eabi/4.7.3/../../../../arm-none-eabi/lib/armv7e-m/fpu\libc_f.a(lib_a-memset.o)
 .ARM.attributes
                0x00000822       0x30 c:/program files (x86)/emblocks/2.30/share/em_armgcc/bin/../lib/gcc/arm-none-eabi/4.7.3/../../../../arm-none-eabi/lib/armv7e-m/fpu\libc_f.a(lib_a-strlen.o)
 .ARM.attributes
                0x00000852       0x30 c:/program files (x86)/emblocks/2.30/share/em_armgcc/bin/../lib/gcc/arm-none-eabi/4.7.3/../../../../arm-none-eabi/lib/armv7e-m/fpu\libc_f.a(lib_a-__call_atexit.o)
 .ARM.attributes
                0x00000882       0x30 c:/program files (x86)/emblocks/2.30/share/em_armgcc/bin/../lib/gcc/arm-none-eabi/4.7.3/../../../../arm-none-eabi/lib/armv7e-m/fpu\libc_f.a(lib_a-atexit.o)
 .ARM.attributes
                0x000008b2       0x30 c:/program files (x86)/emblocks/2.30/share/em_armgcc/bin/../lib/gcc/arm-none-eabi/4.7.3/../../../../arm-none-eabi/lib/armv7e-m/fpu\libc_f.a(lib_a-fini.o)
 .ARM.attributes
                0x000008e2       0x30 c:/program files (x86)/emblocks/2.30/share/em_armgcc/bin/../lib/gcc/arm-none-eabi/4.7.3/../../../../arm-none-eabi/lib/armv7e-m/fpu\libc_f.a(lib_a-__atexit.o)
 .ARM.attributes
                0x00000912       0x30 c:/program files (x86)/emblocks/2.30/share/em_armgcc/bin/../lib/gcc/arm-none-eabi/4.7.3/../../../../arm-none-eabi/lib/armv7e-m/fpu\libm_f.a(lib_a-s_atan.o)
 .ARM.attributes
                0x00000942       0x30 c:/program files (x86)/emblocks/2.30/share/em_armgcc/bin/../lib/gcc/arm-none-eabi/4.7.3/../../../../arm-none-eabi/lib/armv7e-m/fpu\libm_f.a(lib_a-s_cos.o)
 .ARM.attributes
                0x00000972       0x30 c:/program files (x86)/emblocks/2.30/share/em_armgcc/bin/../lib/gcc/arm-none-eabi/4.7.3/../../../../arm-none-eabi/lib/armv7e-m/fpu\libm_f.a(lib_a-s_fabs.o)
 .ARM.attributes
                0x000009a2       0x30 c:/program files (x86)/emblocks/2.30/share/em_armgcc/bin/../lib/gcc/arm-none-eabi/4.7.3/../../../../arm-none-eabi/lib/armv7e-m/fpu\libm_f.a(lib_a-s_sin.o)
 .ARM.attributes
                0x000009d2       0x30 c:/program files (x86)/emblocks/2.30/share/em_armgcc/bin/../lib/gcc/arm-none-eabi/4.7.3/../../../../arm-none-eabi/lib/armv7e-m/fpu\libm_f.a(lib_a-sf_cos.o)
 .ARM.attributes
                0x00000a02       0x30 c:/program files (x86)/emblocks/2.30/share/em_armgcc/bin/../lib/gcc/arm-none-eabi/4.7.3/../../../../arm-none-eabi/lib/armv7e-m/fpu\libm_f.a(lib_a-sf_fabs.o)
 .ARM.attributes
                0x00000a32       0x30 c:/program files (x86)/emblocks/2.30/share/em_armgcc/bin/../lib/gcc/arm-none-eabi/4.7.3/../../../../arm-none-eabi/lib/armv7e-m/fpu\libm_f.a(lib_a-sf_sin.o)
 .ARM.attributes
                0x00000a62       0x30 c:/program files (x86)/emblocks/2.30/share/em_armgcc/bin/../lib/gcc/arm-none-eabi/4.7.3/../../../../arm-none-eabi/lib/armv7e-m/fpu\libm_f.a(lib_a-w_fmod.o)
 .ARM.attributes
                0x00000a92       0x30 c:/program files (x86)/emblocks/2.30/share/em_armgcc/bin/../lib/gcc/arm-none-eabi/4.7.3/../../../../arm-none-eabi/lib/armv7e-m/fpu\libm_f.a(lib_a-w_sqrt.o)
 .ARM.attributes
                0x00000ac2       0x30 c:/program files (x86)/emblocks/2.30/share/em_armgcc/bin/../lib/gcc/arm-none-eabi/4.7.3/../../../../arm-none-eabi/lib/armv7e-m/fpu\libm_f.a(lib_a-wf_sqrt.o)
 .ARM.attributes
                0x00000af2       0x30 c:/program files (x86)/emblocks/2.30/share/em_armgcc/bin/../lib/gcc/arm-none-eabi/4.7.3/../../../../arm-none-eabi/lib/armv7e-m/fpu\libm_f.a(lib_a-e_fmod.o)
 .ARM.attributes
                0x00000b22       0x30 c:/program files (x86)/emblocks/2.30/share/em_armgcc/bin/../lib/gcc/arm-none-eabi/4.7.3/../../../../arm-none-eabi/lib/armv7e-m/fpu\libm_f.a(lib_a-e_rem_pio2.o)
 .ARM.attributes
                0x00000b52       0x30 c:/program files (x86)/emblocks/2.30/share/em_armgcc/bin/../lib/gcc/arm-none-eabi/4.7.3/../../../../arm-none-eabi/lib/armv7e-m/fpu\libm_f.a(lib_a-e_sqrt.o)
 .ARM.attributes
                0x00000b82       0x30 c:/program files (x86)/emblocks/2.30/share/em_armgcc/bin/../lib/gcc/arm-none-eabi/4.7.3/../../../../arm-none-eabi/lib/armv7e-m/fpu\libm_f.a(lib_a-ef_rem_pio2.o)
 .ARM.attributes
                0x00000bb2       0x30 c:/program files (x86)/emblocks/2.30/share/em_armgcc/bin/../lib/gcc/arm-none-eabi/4.7.3/../../../../arm-none-eabi/lib/armv7e-m/fpu\libm_f.a(lib_a-ef_sqrt.o)
 .ARM.attributes
                0x00000be2       0x30 c:/program files (x86)/emblocks/2.30/share/em_armgcc/bin/../lib/gcc/arm-none-eabi/4.7.3/../../../../arm-none-eabi/lib/armv7e-m/fpu\libm_f.a(lib_a-k_cos.o)
 .ARM.attributes
                0x00000c12       0x30 c:/program files (x86)/emblocks/2.30/share/em_armgcc/bin/../lib/gcc/arm-none-eabi/4.7.3/../../../../arm-none-eabi/lib/armv7e-m/fpu\libm_f.a(lib_a-k_rem_pio2.o)
 .ARM.attributes
                0x00000c42       0x30 c:/program files (x86)/emblocks/2.30/share/em_armgcc/bin/../lib/gcc/arm-none-eabi/4.7.3/../../../../arm-none-eabi/lib/armv7e-m/fpu\libm_f.a(lib_a-k_sin.o)
 .ARM.attributes
                0x00000c72       0x30 c:/program files (x86)/emblocks/2.30/share/em_armgcc/bin/../lib/gcc/arm-none-eabi/4.7.3/../../../../arm-none-eabi/lib/armv7e-m/fpu\libm_f.a(lib_a-kf_cos.o)
 .ARM.attributes
                0x00000ca2       0x30 c:/program files (x86)/emblocks/2.30/share/em_armgcc/bin/../lib/gcc/arm-none-eabi/4.7.3/../../../../arm-none-eabi/lib/armv7e-m/fpu\libm_f.a(lib_a-kf_rem_pio2.o)
 .ARM.attributes
                0x00000cd2       0x30 c:/program files (x86)/emblocks/2.30/share/em_armgcc/bin/../lib/gcc/arm-none-eabi/4.7.3/../../../../arm-none-eabi/lib/armv7e-m/fpu\libm_f.a(lib_a-kf_sin.o)
 .ARM.attributes
                0x00000d02       0x30 c:/program files (x86)/emblocks/2.30/share/em_armgcc/bin/../lib/gcc/arm-none-eabi/4.7.3/../../../../arm-none-eabi/lib/armv7e-m/fpu\libm_f.a(lib_a-s_floor.o)
 .ARM.attributes
                0x00000d32       0x30 c:/program files (x86)/emblocks/2.30/share/em_armgcc/bin/../lib/gcc/arm-none-eabi/4.7.3/../../../../arm-none-eabi/lib/armv7e-m/fpu\libm_f.a(lib_a-s_fpclassify.o)
 .ARM.attributes
                0x00000d62       0x30 c:/program files (x86)/emblocks/2.30/share/em_armgcc/bin/../lib/gcc/arm-none-eabi/4.7.3/../../../../arm-none-eabi/lib/armv7e-m/fpu\libm_f.a(lib_a-s_lib_ver.o)
 .ARM.attributes
                0x00000d92       0x30 c:/program files (x86)/emblocks/2.30/share/em_armgcc/bin/../lib/gcc/arm-none-eabi/4.7.3/../../../../arm-none-eabi/lib/armv7e-m/fpu\libm_f.a(lib_a-s_matherr.o)
 .ARM.attributes
                0x00000dc2       0x30 c:/program files (x86)/emblocks/2.30/share/em_armgcc/bin/../lib/gcc/arm-none-eabi/4.7.3/../../../../arm-none-eabi/lib/armv7e-m/fpu\libm_f.a(lib_a-s_scalbn.o)
 .ARM.attributes
                0x00000df2       0x30 c:/program files (x86)/emblocks/2.30/share/em_armgcc/bin/../lib/gcc/arm-none-eabi/4.7.3/../../../../arm-none-eabi/lib/armv7e-m/fpu\libm_f.a(lib_a-sf_floor.o)
 .ARM.attributes
                0x00000e22       0x30 c:/program files (x86)/emblocks/2.30/share/em_armgcc/bin/../lib/gcc/arm-none-eabi/4.7.3/../../../../arm-none-eabi/lib/armv7e-m/fpu\libm_f.a(lib_a-sf_fpclassify.o)
 .ARM.attributes
                0x00000e52       0x30 c:/program files (x86)/emblocks/2.30/share/em_armgcc/bin/../lib/gcc/arm-none-eabi/4.7.3/../../../../arm-none-eabi/lib/armv7e-m/fpu\libm_f.a(lib_a-sf_scalbn.o)
 .ARM.attributes
                0x00000e82       0x30 c:/program files (x86)/emblocks/2.30/share/em_armgcc/bin/../lib/gcc/arm-none-eabi/4.7.3/../../../../arm-none-eabi/lib/armv7e-m/fpu\libm_f.a(lib_a-s_copysign.o)
 .ARM.attributes
                0x00000eb2       0x30 c:/program files (x86)/emblocks/2.30/share/em_armgcc/bin/../lib/gcc/arm-none-eabi/4.7.3/../../../../arm-none-eabi/lib/armv7e-m/fpu\libm_f.a(lib_a-sf_copysign.o)
 .ARM.attributes
                0x00000ee2       0x30 c:/program files (x86)/emblocks/2.30/share/em_armgcc/bin/../lib/gcc/arm-none-eabi/4.7.3/../../../../arm-none-eabi/lib/armv7e-m/fpu\libnosys_f.a(_exit.o)
 .ARM.attributes
                0x00000f12       0x30 c:/program files (x86)/emblocks/2.30/share/em_armgcc/bin/../lib/gcc/arm-none-eabi/4.7.3/../../../../arm-none-eabi/lib/armv7e-m/fpu\libc_f.a(lib_a-errno.o)
 .ARM.attributes
                0x00000f42       0x34 c:/program files (x86)/emblocks/2.30/share/em_armgcc/bin/../lib/gcc/arm-none-eabi/4.7.3/armv7e-m/fpu/crtend.o
 .ARM.attributes
                0x00000f76       0x22 c:/program files (x86)/emblocks/2.30/share/em_armgcc/bin/../lib/gcc/arm-none-eabi/4.7.3/armv7e-m/fpu/crtn.o

.comment        0x00000000       0x38
 .comment       0x00000000       0x38 obj\release\board\adc.o
                                 0x39 (size before relaxing)
 .comment       0x00000000       0x39 obj\release\board\interrupts.o
 .comment       0x00000000       0x39 obj\release\board\init.o
 .comment       0x00000000       0x39 obj\release\board\tim.o
 .comment       0x00000000       0x39 obj\release\board\usart.o
 .comment       0x00000000       0x39 obj\release\library\cdc\src\usbd_cdc_core.o
 .comment       0x00000000       0x39 obj\release\library\core\src\usb_core.o
 .comment       0x00000000       0x39 obj\release\library\core\src\usb_dcd.o
 .comment       0x00000000       0x39 obj\release\library\core\src\usb_dcd_int.o
 .comment       0x00000000       0x39 obj\release\library\core\src\usbd_core.o
 .comment       0x00000000       0x39 obj\release\library\core\src\usbd_ioreq.o
 .comment       0x00000000       0x39 obj\release\library\core\src\usbd_req.o
 .comment       0x00000000       0x39 obj\release\robot\dynamixel_control.o
 .comment       0x00000000       0x39 obj\release\robot\regulator.o
 .comment       0x00000000       0x39 obj\release\robot\matrix.o
 .comment       0x00000000       0x39 obj\release\robot\robot.o
 .comment       0x00000000       0x39 obj\release\usb app\stm32fxxx_it.o
 .comment       0x00000000       0x39 obj\release\usb app\usb_bsp.o
 .comment       0x00000000       0x39 obj\release\usb app\usbd_cdc_vcp.o
 .comment       0x00000000       0x39 obj\release\usb app\usbd_desc.o
 .comment       0x00000000       0x39 obj\release\usb app\usbd_usr.o
 .comment       0x00000000       0x39 obj\release\spl\src\misc.o
 .comment       0x00000000       0x39 obj\release\spl\src\stm32f4xx_gpio.o
 .comment       0x00000000       0x39 obj\release\spl\src\stm32f4xx_rcc.o
 .comment       0x00000000       0x39 obj\release\spl\src\stm32f4xx_usart.o
 .comment       0x00000000       0x39 obj\release\src\main.o
 .comment       0x00000000       0x39 obj\release\src\system_stm32f4xx.o

.debug_info     0x00000000    0x1661b
 .debug_info    0x00000000      0x2ce obj\release\board\adc.o
 .debug_info    0x000002ce      0xcb5 obj\release\board\interrupts.o
 .debug_info    0x00000f83      0x9c0 obj\release\board\init.o
 .debug_info    0x00001943      0x414 obj\release\board\tim.o
 .debug_info    0x00001d57      0xb2a obj\release\board\usart.o
 .debug_info    0x00002881     0x1073 obj\release\library\cdc\src\usbd_cdc_core.o
 .debug_info    0x000038f4     0x27a5 obj\release\library\core\src\usb_core.o
 .debug_info    0x00006099     0x11db obj\release\library\core\src\usb_dcd.o
 .debug_info    0x00007274     0x224b obj\release\library\core\src\usb_dcd_int.o
 .debug_info    0x000094bf     0x11e4 obj\release\library\core\src\usbd_core.o
 .debug_info    0x0000a6a3      0xe33 obj\release\library\core\src\usbd_ioreq.o
 .debug_info    0x0000b4d6     0x114c obj\release\library\core\src\usbd_req.o
 .debug_info    0x0000c622     0x105c obj\release\robot\dynamixel_control.o
 .debug_info    0x0000d67e     0x1185 obj\release\robot\regulator.o
 .debug_info    0x0000e803      0x828 obj\release\robot\matrix.o
 .debug_info    0x0000f02b     0x12b7 obj\release\robot\robot.o
 .debug_info    0x000102e2      0xce3 obj\release\usb app\stm32fxxx_it.o
 .debug_info    0x00010fc5     0x113e obj\release\usb app\usb_bsp.o
 .debug_info    0x00012103      0x433 obj\release\usb app\usbd_cdc_vcp.o
 .debug_info    0x00012536      0x484 obj\release\usb app\usbd_desc.o
 .debug_info    0x000129ba      0x209 obj\release\usb app\usbd_usr.o
 .debug_info    0x00012bc3      0x5b7 obj\release\spl\src\misc.o
 .debug_info    0x0001317a      0x673 obj\release\spl\src\stm32f4xx_gpio.o
 .debug_info    0x000137ed      0xfa7 obj\release\spl\src\stm32f4xx_rcc.o
 .debug_info    0x00014794      0xa95 obj\release\spl\src\stm32f4xx_usart.o
 .debug_info    0x00015229      0xd0b obj\release\src\main.o
 .debug_info    0x00015f34       0x73 obj\release\src\startup_stm32f4xx.o
 .debug_info    0x00015fa7      0x674 obj\release\src\system_stm32f4xx.o

.debug_abbrev   0x00000000     0x2dbb
 .debug_abbrev  0x00000000       0xc2 obj\release\board\adc.o
 .debug_abbrev  0x000000c2      0x1ea obj\release\board\interrupts.o
 .debug_abbrev  0x000002ac      0x17c obj\release\board\init.o
 .debug_abbrev  0x00000428       0xca obj\release\board\tim.o
 .debug_abbrev  0x000004f2      0x220 obj\release\board\usart.o
 .debug_abbrev  0x00000712      0x1df obj\release\library\cdc\src\usbd_cdc_core.o
 .debug_abbrev  0x000008f1      0x2be obj\release\library\core\src\usb_core.o
 .debug_abbrev  0x00000baf      0x230 obj\release\library\core\src\usb_dcd.o
 .debug_abbrev  0x00000ddf      0x23f obj\release\library\core\src\usb_dcd_int.o
 .debug_abbrev  0x0000101e      0x24c obj\release\library\core\src\usbd_core.o
 .debug_abbrev  0x0000126a      0x186 obj\release\library\core\src\usbd_ioreq.o
 .debug_abbrev  0x000013f0      0x27b obj\release\library\core\src\usbd_req.o
 .debug_abbrev  0x0000166b      0x24e obj\release\robot\dynamixel_control.o
 .debug_abbrev  0x000018b9      0x230 obj\release\robot\regulator.o
 .debug_abbrev  0x00001ae9      0x143 obj\release\robot\matrix.o
 .debug_abbrev  0x00001c2c      0x1bb obj\release\robot\robot.o
 .debug_abbrev  0x00001de7      0x14c obj\release\usb app\stm32fxxx_it.o
 .debug_abbrev  0x00001f33      0x1e8 obj\release\usb app\usb_bsp.o
 .debug_abbrev  0x0000211b      0x1a2 obj\release\usb app\usbd_cdc_vcp.o
 .debug_abbrev  0x000022bd      0x17c obj\release\usb app\usbd_desc.o
 .debug_abbrev  0x00002439       0xe1 obj\release\usb app\usbd_usr.o
 .debug_abbrev  0x0000251a      0x12b obj\release\spl\src\misc.o
 .debug_abbrev  0x00002645      0x1a7 obj\release\spl\src\stm32f4xx_gpio.o
 .debug_abbrev  0x000027ec      0x1be obj\release\spl\src\stm32f4xx_rcc.o
 .debug_abbrev  0x000029aa      0x159 obj\release\spl\src\stm32f4xx_usart.o
 .debug_abbrev  0x00002b03      0x16a obj\release\src\main.o
 .debug_abbrev  0x00002c6d       0x14 obj\release\src\startup_stm32f4xx.o
 .debug_abbrev  0x00002c81      0x13a obj\release\src\system_stm32f4xx.o

.debug_loc      0x00000000     0x4ac0
 .debug_loc     0x00000000       0x2c obj\release\board\adc.o
 .debug_loc     0x0000002c      0x30c obj\release\board\interrupts.o
 .debug_loc     0x00000338       0xe0 obj\release\board\init.o
 .debug_loc     0x00000418       0xa8 obj\release\board\tim.o
 .debug_loc     0x000004c0      0x294 obj\release\board\usart.o
 .debug_loc     0x00000754      0x1f8 obj\release\library\cdc\src\usbd_cdc_core.o
 .debug_loc     0x0000094c      0x7e0 obj\release\library\core\src\usb_core.o
 .debug_loc     0x0000112c      0x2d8 obj\release\library\core\src\usb_dcd.o
 .debug_loc     0x00001404      0x348 obj\release\library\core\src\usb_dcd_int.o
 .debug_loc     0x0000174c      0x380 obj\release\library\core\src\usbd_core.o