Archive member included because of file (symbol)

c:/program files (x86)/emblocks/2.30/share/em_armgcc/bin/../lib/gcc/arm-none-eabi/4.7.3/../../../../arm-none-eabi/lib/armv7e-m/fpu\librdimon.a(rdimon-syscalls.o)
                              c:/program files (x86)/emblocks/2.30/share/em_armgcc/bin/../lib/gcc/arm-none-eabi/4.7.3/../../../../arm-none-eabi/lib/armv7e-m/fpu/rdimon-crt0.o (initialise_monitor_handles)
c:/program files (x86)/emblocks/2.30/share/em_armgcc/bin/../lib/gcc/arm-none-eabi/4.7.3/armv7e-m/fpu\libgcc.a(_arm_addsubdf3.o)
                              obj\debug\board\interrupts.o (__aeabi_dsub)
c:/program files (x86)/emblocks/2.30/share/em_armgcc/bin/../lib/gcc/arm-none-eabi/4.7.3/armv7e-m/fpu\libgcc.a(_arm_muldivdf3.o)
                              obj\debug\board\adc.o (__aeabi_dmul)
c:/program files (x86)/emblocks/2.30/share/em_armgcc/bin/../lib/gcc/arm-none-eabi/4.7.3/armv7e-m/fpu\libgcc.a(_arm_cmpdf2.o)
                              obj\debug\board\adc.o (__aeabi_dcmplt)
c:/program files (x86)/emblocks/2.30/share/em_armgcc/bin/../lib/gcc/arm-none-eabi/4.7.3/armv7e-m/fpu\libgcc.a(_arm_fixdfsi.o)
                              obj\debug\robot\robot.o (__aeabi_d2iz)
c:/program files (x86)/emblocks/2.30/share/em_armgcc/bin/../lib/gcc/arm-none-eabi/4.7.3/armv7e-m/fpu\libgcc.a(_arm_truncdfsf2.o)
                              obj\debug\board\adc.o (__aeabi_d2f)
c:/program files (x86)/emblocks/2.30/share/em_armgcc/bin/../lib/gcc/arm-none-eabi/4.7.3/../../../../arm-none-eabi/lib/armv7e-m/fpu\libc_f.a(lib_a-errno.o)
                              c:/program files (x86)/emblocks/2.30/share/em_armgcc/bin/../lib/gcc/arm-none-eabi/4.7.3/../../../../arm-none-eabi/lib/armv7e-m/fpu\librdimon.a(rdimon-syscalls.o) (__errno)
c:/program files (x86)/emblocks/2.30/share/em_armgcc/bin/../lib/gcc/arm-none-eabi/4.7.3/../../../../arm-none-eabi/lib/armv7e-m/fpu\libc_f.a(lib_a-exit.o)
                              c:/program files (x86)/emblocks/2.30/share/em_armgcc/bin/../lib/gcc/arm-none-eabi/4.7.3/../../../../arm-none-eabi/lib/armv7e-m/fpu/rdimon-crt0.o (exit)
c:/program files (x86)/emblocks/2.30/share/em_armgcc/bin/../lib/gcc/arm-none-eabi/4.7.3/../../../../arm-none-eabi/lib/armv7e-m/fpu\libc_f.a(lib_a-findfp.o)
                              c:/program files (x86)/emblocks/2.30/share/em_armgcc/bin/../lib/gcc/arm-none-eabi/4.7.3/../../../../arm-none-eabi/lib/armv7e-m/fpu\librdimon.a(rdimon-syscalls.o) (__sinit)
c:/program files (x86)/emblocks/2.30/share/em_armgcc/bin/../lib/gcc/arm-none-eabi/4.7.3/../../../../arm-none-eabi/lib/armv7e-m/fpu\libc_f.a(lib_a-fwalk.o)
                              c:/program files (x86)/emblocks/2.30/share/em_armgcc/bin/../lib/gcc/arm-none-eabi/4.7.3/../../../../arm-none-eabi/lib/armv7e-m/fpu\libc_f.a(lib_a-findfp.o) (_fwalk)
c:/program files (x86)/emblocks/2.30/share/em_armgcc/bin/../lib/gcc/arm-none-eabi/4.7.3/../../../../arm-none-eabi/lib/armv7e-m/fpu\libc_f.a(lib_a-impure.o)
                              c:/program files (x86)/emblocks/2.30/share/em_armgcc/bin/../lib/gcc/arm-none-eabi/4.7.3/../../../../arm-none-eabi/lib/armv7e-m/fpu\libc_f.a(lib_a-exit.o) (_global_impure_ptr)
c:/program files (x86)/emblocks/2.30/share/em_armgcc/bin/../lib/gcc/arm-none-eabi/4.7.3/../../../../arm-none-eabi/lib/armv7e-m/fpu\libc_f.a(lib_a-init.o)
                              c:/program files (x86)/emblocks/2.30/share/em_armgcc/bin/../lib/gcc/arm-none-eabi/4.7.3/../../../../arm-none-eabi/lib/armv7e-m/fpu/rdimon-crt0.o (__libc_init_array)
c:/program files (x86)/emblocks/2.30/share/em_armgcc/bin/../lib/gcc/arm-none-eabi/4.7.3/../../../../arm-none-eabi/lib/armv7e-m/fpu\libc_f.a(lib_a-mallocr.o)
                              c:/program files (x86)/emblocks/2.30/share/em_armgcc/bin/../lib/gcc/arm-none-eabi/4.7.3/../../../../arm-none-eabi/lib/armv7e-m/fpu\libc_f.a(lib_a-findfp.o) (_malloc_r)
c:/program files (x86)/emblocks/2.30/share/em_armgcc/bin/../lib/gcc/arm-none-eabi/4.7.3/../../../../arm-none-eabi/lib/armv7e-m/fpu\libc_f.a(lib_a-memcpy.o)
                              obj\debug\robot\robot.o (memcpy)
c:/program files (x86)/emblocks/2.30/share/em_armgcc/bin/../lib/gcc/arm-none-eabi/4.7.3/../../../../arm-none-eabi/lib/armv7e-m/fpu\libc_f.a(lib_a-memset.o)
                              c:/program files (x86)/emblocks/2.30/share/em_armgcc/bin/../lib/gcc/arm-none-eabi/4.7.3/../../../../arm-none-eabi/lib/armv7e-m/fpu/rdimon-crt0.o (memset)
c:/program files (x86)/emblocks/2.30/share/em_armgcc/bin/../lib/gcc/arm-none-eabi/4.7.3/../../../../arm-none-eabi/lib/armv7e-m/fpu\libc_f.a(lib_a-mlock.o)
                              c:/program files (x86)/emblocks/2.30/share/em_armgcc/bin/../lib/gcc/arm-none-eabi/4.7.3/../../../../arm-none-eabi/lib/armv7e-m/fpu\libc_f.a(lib_a-mallocr.o) (__malloc_lock)
c:/program files (x86)/emblocks/2.30/share/em_armgcc/bin/../lib/gcc/arm-none-eabi/4.7.3/../../../../arm-none-eabi/lib/armv7e-m/fpu\libc_f.a(lib_a-sbrkr.o)
[...]
Memory Configuration

Name             Origin             Length             Attributes
ROM              0x08000000         0x00100000         xr
RAM              0x20000000         0x00020000         xrw
CCRAM            0x10000000         0x00010000         xrw
*default*        0x00000000         0xffffffff

Linker script and memory map

LOAD c:/program files (x86)/emblocks/2.30/share/em_armgcc/bin/../lib/gcc/arm-none-eabi/4.7.3/../../../../arm-none-eabi/lib/armv7e-m/fpu\librdimon.a
LOAD c:/program files (x86)/emblocks/2.30/share/em_armgcc/bin/../lib/gcc/arm-none-eabi/4.7.3/armv7e-m/fpu/crti.o
LOAD c:/program files (x86)/emblocks/2.30/share/em_armgcc/bin/../lib/gcc/arm-none-eabi/4.7.3/armv7e-m/fpu/crtbegin.o
LOAD c:/program files (x86)/emblocks/2.30/share/em_armgcc/bin/../lib/gcc/arm-none-eabi/4.7.3/../../../../arm-none-eabi/lib/armv7e-m/fpu/rdimon-crt0.o
                0x00000000                __HEAP_SIZE = 0x0
                0x00000100                __STACK_SIZE = 0x100

.text           0x08000000    0x1020c
 *(.isr_vector)
 .isr_vector    0x08000000      0x188 obj\debug\src\startup_stm32f4xx.o
                0x08000000                __isr_vector
 *(.text*)
 .text          0x08000188       0x54 c:/program files (x86)/emblocks/2.30/share/em_armgcc/bin/../lib/gcc/arm-none-eabi/4.7.3/armv7e-m/fpu/crtbegin.o
 .text          0x080001dc       0xdc c:/program files (x86)/emblocks/2.30/share/em_armgcc/bin/../lib/gcc/arm-none-eabi/4.7.3/../../../../arm-none-eabi/lib/armv7e-m/fpu/rdimon-crt0.o
                0x080001dc                _start
                0x080001dc                _mainCRTStartup
 .text.adcConfig
                0x080002b8      0x1e0 obj\debug\board\adc.o
                0x080002b8                adcConfig
 .text.NVIC_EnableIRQ
                0x08000498       0x38 obj\debug\board\interrupts.o
 .text.NVIC_DisableIRQ
                0x080004d0       0x3c obj\debug\board\interrupts.o
 .text.TIM2_IRQHandler
                0x0800050c        0xc obj\debug\board\interrupts.o
                0x0800050c                TIM2_IRQHandler
 .text.TIM6_DAC_IRQHandler
                0x08000518       0x2c obj\debug\board\interrupts.o
                0x08000518                TIM6_DAC_IRQHandler
 .text.TIM7_IRQHandler
                0x08000544       0x18 obj\debug\board\interrupts.o
                0x08000544                TIM7_IRQHandler
 *fill*         0x0800055c        0x4 
 .text.TIM8_UP_TIM13_IRQHandler
                0x08000560      0x2d8 obj\debug\board\interrupts.o
                0x08000560                TIM8_UP_TIM13_IRQHandler
 .text.EXTI0_IRQHandler
                0x08000838       0x50 obj\debug\board\interrupts.o
                0x08000838                EXTI0_IRQHandler
 .text.EXTI1_IRQHandler
                0x08000888       0x50 obj\debug\board\interrupts.o
                0x08000888                EXTI1_IRQHandler
 .text.EXTI2_IRQHandler
                0x080008d8       0x50 obj\debug\board\interrupts.o
                0x080008d8                EXTI2_IRQHandler
 .text.EXTI3_IRQHandler
                0x08000928       0x50 obj\debug\board\interrupts.o
                0x08000928                EXTI3_IRQHandler
 .text.EXTI4_IRQHandler
                0x08000978       0x50 obj\debug\board\interrupts.o
                0x08000978                EXTI4_IRQHandler
 .text.EXTI9_5_IRQHandler
                0x080009c8       0xb8 obj\debug\board\interrupts.o
                0x080009c8                EXTI9_5_IRQHandler
 .text.EXTI15_10_IRQHandler
                0x08000a80      0x124 obj\debug\board\interrupts.o
                0x08000a80                EXTI15_10_IRQHandler
 .text.DMA2_Stream0_IRQHandler
                0x08000ba4       0x24 obj\debug\board\interrupts.o
                0x08000ba4                DMA2_Stream0_IRQHandler
 .text.NVIC_EnableIRQ
                0x08000bc8       0x38 obj\debug\board\init.o
 .text.add_ext_interrupt
                0x08000c00      0x180 obj\debug\board\init.o
                0x08000c00                add_ext_interrupt
 .text.clear_ext_interrupt
                0x08000d80       0x90 obj\debug\board\init.o
                0x08000d80                clear_ext_interrupt
 .text.initAll  0x08000e10     0x1ca8 obj\debug\board\init.o
                0x08000e10                initAll
 .text.timEncoderConfigure
                0x08002ab8       0x44 obj\debug\board\tim.o
                0x08002ab8                timEncoderConfigure
 .text.timPWMConfigure
                0x08002afc       0xfc obj\debug\board\tim.o
                0x08002afc                timPWMConfigure
 .text.timPIDConfigure
                0x08002bf8       0x48 obj\debug\board\tim.o
                0x08002bf8                timPIDConfigure
 .text.NVIC_EnableIRQ
                0x08002c40       0x38 obj\debug\board\usart.o
 .text.sendPacket
                0x08002c78       0x4c obj\debug\board\usart.o
                0x08002c78                sendPacket
 .text.packetCheck
                0x08002cc4       0x5c obj\debug\board\usart.o
                0x08002cc4                packetCheck
 .text.DMA1_Stream5_IRQHandler
                0x08002d20       0x18 obj\debug\board\usart.o
                0x08002d20                DMA1_Stream5_IRQHandler
 .text.uartInit
                0x08002d38      0x138 obj\debug\board\usart.o
                0x08002d38                uartInit
 .text.configUsart3TXDMA
                0x08002e70      0x148 obj\debug\board\usart.o
                0x08002e70                configUsart3TXDMA
 .text.putchar  0x08002fb8      0x2f0 obj\debug\board\usart.o
                0x08002fb8                putchar
 .text.DMA1_Stream3_IRQHandler
                0x080032a8      0x324 obj\debug\board\usart.o
                0x080032a8                DMA1_Stream3_IRQHandler
 .text.USART3_IRQHandler
                0x080035cc       0xb4 obj\debug\board\usart.o
                0x080035cc                USART3_IRQHandler
 .text.DMA1_Stream1_IRQHandler
                0x08003680      0x11c obj\debug\board\usart.o
                0x08003680                DMA1_Stream1_IRQHandler
 .text.usbd_cdc_Init
                0x0800379c       0x94 obj\debug\library\cdc\src\usbd_cdc_core.o
                0x0800379c                usbd_cdc_Init
 .text.usbd_cdc_DeInit
                0x08003830       0x44 obj\debug\library\cdc\src\usbd_cdc_core.o
                0x08003830                usbd_cdc_DeInit
 .text.usbd_cdc_Setup
                0x08003874      0x130 obj\debug\library\cdc\src\usbd_cdc_core.o
                0x08003874                usbd_cdc_Setup
 .text.usbd_cdc_EP0_RxReady
                0x080039a4       0x60 obj\debug\library\cdc\src\usbd_cdc_core.o
                0x080039a4                usbd_cdc_EP0_RxReady
 .text.usbd_cdc_DataIn
                0x08003a04      0x140 obj\debug\library\cdc\src\usbd_cdc_core.o
                0x08003a04                usbd_cdc_DataIn
 .text.usbd_cdc_DataOut
                0x08003b44       0x64 obj\debug\library\cdc\src\usbd_cdc_core.o
                0x08003b44                usbd_cdc_DataOut
 .text.usbd_cdc_SOF
                0x08003ba8       0x50 obj\debug\library\cdc\src\usbd_cdc_core.o
                0x08003ba8                usbd_cdc_SOF
 .text.Handle_USBAsynchXfer
                0x08003bf8      0x19c obj\debug\library\cdc\src\usbd_cdc_core.o
 .text.USBD_cdc_GetCfgDesc
                0x08003d94       0x28 obj\debug\library\cdc\src\usbd_cdc_core.o
 .text.USB_OTG_EnableCommonInt
                0x08003dbc       0x44 obj\debug\library\core\src\usb_core.o
 .text.USB_OTG_CoreReset
                0x08003e00       0xa8 obj\debug\library\core\src\usb_core.o
 .text.USB_OTG_WritePacket
                0x08003ea8       0x88 obj\debug\library\core\src\usb_core.o
                0x08003ea8                USB_OTG_WritePacket
 .text.USB_OTG_ReadPacket
                0x08003f30       0x68 obj\debug\library\core\src\usb_core.o
                0x08003f30                USB_OTG_ReadPacket
 .text.USB_OTG_SelectCore
                0x08003f98      0x1b4 obj\debug\library\core\src\usb_core.o
                0x08003f98                USB_OTG_SelectCore
 .text.USB_OTG_CoreInit
                0x0800414c      0x148 obj\debug\library\core\src\usb_core.o
                0x0800414c                USB_OTG_CoreInit
 .text.USB_OTG_EnableGlobalInt
                0x08004294       0x3c obj\debug\library\core\src\usb_core.o
                0x08004294                USB_OTG_EnableGlobalInt
 .text.USB_OTG_DisableGlobalInt
                0x080042d0       0x40 obj\debug\library\core\src\usb_core.o
                0x080042d0                USB_OTG_DisableGlobalInt
 .text.USB_OTG_FlushTxFifo
                0x08004310       0x80 obj\debug\library\core\src\usb_core.o
                0x08004310                USB_OTG_FlushTxFifo
 .text.USB_OTG_FlushRxFifo
                0x08004390       0x6c obj\debug\library\core\src\usb_core.o
                0x08004390                USB_OTG_FlushRxFifo
 .text.USB_OTG_SetCurrentMode
                0x080043fc       0x64 obj\debug\library\core\src\usb_core.o
                0x080043fc                USB_OTG_SetCurrentMode
 .text.USB_OTG_GetMode
                0x08004460       0x20 obj\debug\library\core\src\usb_core.o
                0x08004460                USB_OTG_GetMode
 .text.USB_OTG_IsDeviceMode
                0x08004480       0x24 obj\debug\library\core\src\usb_core.o
                0x08004480                USB_OTG_IsDeviceMode
 .text.USB_OTG_ReadCoreItr
                0x080044a4       0x30 obj\debug\library\core\src\usb_core.o
                0x080044a4                USB_OTG_ReadCoreItr
 .text.USB_OTG_InitDevSpeed
                0x080044d4       0x38 obj\debug\library\core\src\usb_core.o
                0x080044d4                USB_OTG_InitDevSpeed
 .text.USB_OTG_CoreInitDev
                0x0800450c      0x2d8 obj\debug\library\core\src\usb_core.o
                0x0800450c                USB_OTG_CoreInitDev
 .text.USB_OTG_EnableDevInt
                0x080047e4       0xb4 obj\debug\library\core\src\usb_core.o
                0x080047e4                USB_OTG_EnableDevInt
 .text.USB_OTG_GetDeviceSpeed
                0x08004898       0x68 obj\debug\library\core\src\usb_core.o
                0x08004898                USB_OTG_GetDeviceSpeed
 .text.USB_OTG_EP0Activate
                0x08004900       0xa0 obj\debug\library\core\src\usb_core.o
                0x08004900                USB_OTG_EP0Activate
 .text.USB_OTG_EPActivate
                0x080049a0       0xf8 obj\debug\library\core\src\usb_core.o
                0x080049a0                USB_OTG_EPActivate
 .text.USB_OTG_EPDeactivate
                0x08004a98       0xa4 obj\debug\library\core\src\usb_core.o
                0x08004a98                USB_OTG_EPDeactivate
 .text.USB_OTG_EPStartXfer
                0x08004b3c      0x2dc obj\debug\library\core\src\usb_core.o
                0x08004b3c                USB_OTG_EPStartXfer
 .text.USB_OTG_EP0StartXfer
                0x08004e18      0x1ec obj\debug\library\core\src\usb_core.o
                0x08004e18                USB_OTG_EP0StartXfer
 .text.USB_OTG_EPSetStall
                0x08005004       0x94 obj\debug\library\core\src\usb_core.o
                0x08005004                USB_OTG_EPSetStall
 .text.USB_OTG_EPClearStall
                0x08005098       0x84 obj\debug\library\core\src\usb_core.o
                0x08005098                USB_OTG_EPClearStall
 .text.USB_OTG_ReadDevAllOutEp_itr
                0x0800511c       0x30 obj\debug\library\core\src\usb_core.o
                0x0800511c                USB_OTG_ReadDevAllOutEp_itr
 .text.USB_OTG_ReadDevOutEP_itr
                0x0800514c       0x3c obj\debug\library\core\src\usb_core.o
                0x0800514c                USB_OTG_ReadDevOutEP_itr
 .text.USB_OTG_ReadDevAllInEPItr
                0x08005188       0x34 obj\debug\library\core\src\usb_core.o
                0x08005188                USB_OTG_ReadDevAllInEPItr
 .text.USB_OTG_EP0_OutStart
                0x080051bc       0x74 obj\debug\library\core\src\usb_core.o
                0x080051bc                USB_OTG_EP0_OutStart
 .text.DCD_Init
                0x08005230      0x134 obj\debug\library\core\src\usb_dcd.o
                0x08005230                DCD_Init
 .text.DCD_EP_Open
                0x08005364       0xb4 obj\debug\library\core\src\usb_dcd.o
                0x08005364                DCD_EP_Open
 .text.DCD_EP_Close
                0x08005418       0x88 obj\debug\library\core\src\usb_dcd.o
                0x08005418                DCD_EP_Close
 .text.DCD_EP_PrepareRx
                0x080054a0       0x90 obj\debug\library\core\src\usb_dcd.o
                0x080054a0                DCD_EP_PrepareRx
 .text.DCD_EP_Tx
                0x08005530       0x88 obj\debug\library\core\src\usb_dcd.o
                0x08005530                DCD_EP_Tx
 .text.DCD_EP_Stall
                0x080055b8       0x8c obj\debug\library\core\src\usb_dcd.o
                0x080055b8                DCD_EP_Stall
 .text.DCD_EP_ClrStall
                0x08005644       0x8c obj\debug\library\core\src\usb_dcd.o
                0x08005644                DCD_EP_ClrStall
 .text.DCD_EP_SetAddress
                0x080056d0       0x3c obj\debug\library\core\src\usb_dcd.o
                0x080056d0                DCD_EP_SetAddress
 .text.USBD_OTG_ISR_Handler
                0x0800570c      0x198 obj\debug\library\core\src\usb_dcd_int.o
                0x0800570c                USBD_OTG_ISR_Handler
 .text.DCD_SessionRequest_ISR
                0x080058a4       0x3c obj\debug\library\core\src\usb_dcd_int.o
 .text.DCD_OTG_ISR
                0x080058e0       0x44 obj\debug\library\core\src\usb_dcd_int.o
 .text.DCD_HandleResume_ISR
                0x08005924       0x8c obj\debug\library\core\src\usb_dcd_int.o
 .text.DCD_HandleUSBSuspend_ISR
                0x080059b0       0xd0 obj\debug\library\core\src\usb_dcd_int.o
 .text.DCD_HandleInEP_ISR
                0x08005a80      0x1b0 obj\debug\library\core\src\usb_dcd_int.o
 .text.DCD_HandleOutEP_ISR
                0x08005c30      0x184 obj\debug\library\core\src\usb_dcd_int.o
 .text.DCD_HandleSof_ISR
                0x08005db4       0x3c obj\debug\library\core\src\usb_dcd_int.o
 .text.DCD_HandleRxStatusQueueLevel_ISR
                0x08005df0      0x118 obj\debug\library\core\src\usb_dcd_int.o
 .text.DCD_WriteEmptyTxFifo
                0x08005f08      0x130 obj\debug\library\core\src\usb_dcd_int.o
 .text.DCD_HandleUsbReset_ISR
                0x08006038      0x158 obj\debug\library\core\src\usb_dcd_int.o
 .text.DCD_HandleEnumDone_ISR
                0x08006190      0x22c obj\debug\library\core\src\usb_dcd_int.o
 .text.DCD_IsoINIncomplete_ISR
                0x080063bc       0x3c obj\debug\library\core\src\usb_dcd_int.o
 .text.DCD_IsoOUTIncomplete_ISR
                0x080063f8       0x3c obj\debug\library\core\src\usb_dcd_int.o
 .text.DCD_ReadDevInEP
                0x08006434       0x58 obj\debug\library\core\src\usb_dcd_int.o
 .text.USBD_Init
                0x0800648c       0x58 obj\debug\library\core\src\usbd_core.o
                0x0800648c                USBD_Init
 .text.USBD_DeInit
                0x080064e4       0x18 obj\debug\library\core\src\usbd_core.o
                0x080064e4                USBD_DeInit
 .text.USBD_SetupStage
                0x080064fc       0x70 obj\debug\library\core\src\usbd_core.o
 .text.USBD_DataOutStage
                0x0800656c       0xd4 obj\debug\library\core\src\usbd_core.o
 .text.USBD_DataInStage
                0x08006640      0x150 obj\debug\library\core\src\usbd_core.o
 .text.USBD_RunTestMode
                0x08006790       0x28 obj\debug\library\core\src\usbd_core.o
 .text.USBD_Reset
                0x080067b8       0x54 obj\debug\library\core\src\usbd_core.o
 .text.USBD_Resume
                0x0800680c       0x38 obj\debug\library\core\src\usbd_core.o
 .text.USBD_Suspend
                0x08006844       0x38 obj\debug\library\core\src\usbd_core.o
 .text.USBD_SOF
                0x0800687c       0x30 obj\debug\library\core\src\usbd_core.o
 .text.USBD_SetCfg
                0x080068ac       0x34 obj\debug\library\core\src\usbd_core.o
                0x080068ac                USBD_SetCfg
 .text.USBD_ClrCfg
                0x080068e0       0x2c obj\debug\library\core\src\usbd_core.o
                0x080068e0                USBD_ClrCfg
 .text.USBD_IsoINIncomplete
                0x0800690c       0x24 obj\debug\library\core\src\usbd_core.o
 .text.USBD_IsoOUTIncomplete
                0x08006930       0x24 obj\debug\library\core\src\usbd_core.o
 .text.USBD_DevConnected
                0x08006954       0x2c obj\debug\library\core\src\usbd_core.o
 .text.USBD_DevDisconnected
                0x08006980       0x3c obj\debug\library\core\src\usbd_core.o
 .text.USBD_CtlSendData
                0x080069bc       0x48 obj\debug\library\core\src\usbd_ioreq.o
                0x080069bc                USBD_CtlSendData
 .text.USBD_CtlContinueSendData
                0x08006a04       0x30 obj\debug\library\core\src\usbd_ioreq.o
                0x08006a04                USBD_CtlContinueSendData
 .text.USBD_CtlPrepareRx
                0x08006a34       0x48 obj\debug\library\core\src\usbd_ioreq.o
                0x08006a34                USBD_CtlPrepareRx
 .text.USBD_CtlContinueRx
                0x08006a7c       0x30 obj\debug\library\core\src\usbd_ioreq.o
                0x08006a7c                USBD_CtlContinueRx
 .text.USBD_CtlSendStatus
                0x08006aac       0x3c obj\debug\library\core\src\usbd_ioreq.o
                0x08006aac                USBD_CtlSendStatus
 .text.USBD_CtlReceiveStatus
                0x08006ae8       0x3c obj\debug\library\core\src\usbd_ioreq.o
                0x08006ae8                USBD_CtlReceiveStatus
 .text.USBD_StdDevReq
                0x08006b24       0xa4 obj\debug\library\core\src\usbd_req.o
                0x08006b24                USBD_StdDevReq
 .text.USBD_StdItfReq
                0x08006bc8       0x6c obj\debug\library\core\src\usbd_req.o
                0x08006bc8                USBD_StdItfReq
 .text.USBD_StdEPReq
                0x08006c34      0x200 obj\debug\library\core\src\usbd_req.o
                0x08006c34                USBD_StdEPReq
 .text.USBD_GetDescriptor
                0x08006e34      0x1b0 obj\debug\library\core\src\usbd_req.o
 .text.USBD_SetAddress
                0x08006fe4       0x80 obj\debug\library\core\src\usbd_req.o
 .text.USBD_SetConfig
                0x08007064      0x134 obj\debug\library\core\src\usbd_req.o
 .text.USBD_GetConfig
                0x08007198       0x68 obj\debug\library\core\src\usbd_req.o
 .text.USBD_GetStatus
                0x08007200       0x70 obj\debug\library\core\src\usbd_req.o
 .text.USBD_SetFeature
                0x08007270       0xfc obj\debug\library\core\src\usbd_req.o
 .text.USBD_ClrFeature
                0x0800736c       0x58 obj\debug\library\core\src\usbd_req.o
 .text.USBD_ParseSetupRequest
                0x080073c4       0x94 obj\debug\library\core\src\usbd_req.o
                0x080073c4                USBD_ParseSetupRequest
 .text.USBD_CtlError
                0x08007458       0x2c obj\debug\library\core\src\usbd_req.o
                0x08007458                USBD_CtlError
 .text.USBD_GetString
                0x08007484       0x9c obj\debug\library\core\src\usbd_req.o
                0x08007484                USBD_GetString
 .text.USBD_GetLen
                0x08007520       0x38 obj\debug\library\core\src\usbd_req.o
 .text.removePoint
                0x08007558       0xcc obj\debug\robot\regulator.o
                0x08007558                removePoint
 .text.initRegulators
                0x08007624      0x1e4 obj\debug\robot\regulator.o
                0x08007624                initRegulators
 .text.MaxValue
                0x08007808       0x80 obj\debug\robot\regulator.o
                0x08007808                MaxValue
 .text.FunctionalRegulator
                0x08007888      0x278 obj\debug\robot\regulator.o
                0x08007888                FunctionalRegulator
 .text.Regulate
                0x08007b00      0x1b8 obj\debug\robot\regulator.o
                0x08007b00                Regulate
 .text.TrackRegulator
                0x08007cb8      0x18c obj\debug\robot\regulator.o
                0x08007cb8                TrackRegulator
 .text.Moving   0x08007e44       0xd4 obj\debug\robot\regulator.o
                0x08007e44                Moving
 .text.pidCalc  0x08007f18      0x1e8 obj\debug\robot\regulator.o
                0x08007f18                pidCalc
 .text.GetDataForRegulators
                0x08008100      0x3c8 obj\debug\robot\regulator.o
                0x08008100                GetDataForRegulators
 .text.pidLowLevel
                0x080084c8       0xc8 obj\debug\robot\regulator.o
                0x080084c8                pidLowLevel
 .text.CreatePath
                0x08008590      0x1e8 obj\debug\robot\regulator.o
                0x08008590                CreatePath
 .text.matrixCopy
                0x08008778       0x7c obj\debug\robot\matrix.o
                0x08008778                matrixCopy
 .text.matrixMultiplyM2M
                0x080087f4       0xe4 obj\debug\robot\matrix.o
                0x080087f4                matrixMultiplyM2M
 .text.matrixMultiplyS2M
                0x080088d8       0x8c obj\debug\robot\matrix.o
                0x080088d8                matrixMultiplyS2M
 .text.matrixPlusMinus
                0x08008964      0x128 obj\debug\robot\matrix.o
                0x08008964                matrixPlusMinus
 .text.matrixTranspose
                0x08008a8c       0x7c obj\debug\robot\matrix.o
                0x08008a8c                matrixTranspose
 .text.setVoltage
                0x08008b08      0x174 obj\debug\robot\robot.o
                0x08008b08                setVoltage
 .text.setPWM   0x08008c7c       0x84 obj\debug\robot\robot.o
                0x08008c7c                setPWM
 .text.pushByte
                0x08008d00      0x1d8 obj\debug\robot\robot.o
                0x08008d00                pushByte
 .text.sendAnswer
                0x08008ed8      0x1a4 obj\debug\robot\robot.o
                0x08008ed8                sendAnswer
 .text.execCommand
                0x0800907c     0x2124 obj\debug\robot\robot.o
                0x0800907c                execCommand
 .text.NMI_Handler
                0x0800b1a0        0xc obj\debug\usb app\stm32fxxx_it.o
                0x0800b1a0                NMI_Handler
 .text.HardFault_Handler
                0x0800b1ac        0x8 obj\debug\usb app\stm32fxxx_it.o
                0x0800b1ac                HardFault_Handler
 .text.MemManage_Handler
                0x0800b1b4        0x8 obj\debug\usb app\stm32fxxx_it.o
                0x0800b1b4                MemManage_Handler
 .text.BusFault_Handler
                0x0800b1bc        0x8 obj\debug\usb app\stm32fxxx_it.o
                0x0800b1bc                BusFault_Handler
 .text.UsageFault_Handler
                0x0800b1c4        0x8 obj\debug\usb app\stm32fxxx_it.o
                0x0800b1c4                UsageFault_Handler
 .text.SVC_Handler
                0x0800b1cc        0xc obj\debug\usb app\stm32fxxx_it.o
                0x0800b1cc                SVC_Handler
 .text.DebugMon_Handler
                0x0800b1d8        0xc obj\debug\usb app\stm32fxxx_it.o
                0x0800b1d8                DebugMon_Handler
 .text.PendSV_Handler
                0x0800b1e4        0xc obj\debug\usb app\stm32fxxx_it.o
                0x0800b1e4                PendSV_Handler
 .text.SysTick_Handler
                0x0800b1f0        0xc obj\debug\usb app\stm32fxxx_it.o
                0x0800b1f0                SysTick_Handler
 .text.OTG_FS_IRQHandler
                0x0800b1fc       0x14 obj\debug\usb app\stm32fxxx_it.o
                0x0800b1fc                OTG_FS_IRQHandler
 .text.USB_OTG_BSP_Init
                0x0800b210      0x110 obj\debug\usb app\usb_bsp.o
                0x0800b210                USB_OTG_BSP_Init
 .text.USB_OTG_BSP_EnableInterrupt
                0x0800b320       0x3c obj\debug\usb app\usb_bsp.o
                0x0800b320                USB_OTG_BSP_EnableInterrupt
 .text.USB_OTG_BSP_uDelay
                0x0800b35c       0x58 obj\debug\usb app\usb_bsp.o
                0x0800b35c                USB_OTG_BSP_uDelay
 .text.USB_OTG_BSP_mDelay
                0x0800b3b4       0x20 obj\debug\usb app\usb_bsp.o
                0x0800b3b4                USB_OTG_BSP_mDelay
 .text.VCP_Init
                0x0800b3d4       0x18 obj\debug\usb app\usbd_cdc_vcp.o
 .text.VCP_DeInit
                0x0800b3ec       0x10 obj\debug\usb app\usbd_cdc_vcp.o
 .text.VCP_Ctrl
                0x0800b3fc      0x1bc obj\debug\usb app\usbd_cdc_vcp.o
 .text.VCP_DataTx
                0x0800b5b8       0x10 obj\debug\usb app\usbd_cdc_vcp.o
 .text.VCP_DataRx
                0x0800b5c8       0x40 obj\debug\usb app\usbd_cdc_vcp.o
 .text.VCP_COMConfig
                0x0800b608      0x150 obj\debug\usb app\usbd_cdc_vcp.o
 .text.USBD_USR_DeviceDescriptor
                0x0800b758       0x28 obj\debug\usb app\usbd_desc.o
                0x0800b758                USBD_USR_DeviceDescriptor
 .text.USBD_USR_LangIDStrDescriptor
                0x0800b780       0x28 obj\debug\usb app\usbd_desc.o
                0x0800b780                USBD_USR_LangIDStrDescriptor
 .text.USBD_USR_ProductStrDescriptor
                0x0800b7a8       0x54 obj\debug\usb app\usbd_desc.o
                0x0800b7a8                USBD_USR_ProductStrDescriptor
 .text.USBD_USR_ManufacturerStrDescriptor
                0x0800b7fc       0x34 obj\debug\usb app\usbd_desc.o
                0x0800b7fc                USBD_USR_ManufacturerStrDescriptor
 .text.USBD_USR_SerialStrDescriptor
                0x0800b830       0x2c obj\debug\usb app\usbd_desc.o
                0x0800b830                USBD_USR_SerialStrDescriptor
 .text.USBD_USR_ConfigStrDescriptor
                0x0800b85c       0x54 obj\debug\usb app\usbd_desc.o
                0x0800b85c                USBD_USR_ConfigStrDescriptor
 .text.USBD_USR_InterfaceStrDescriptor
                0x0800b8b0       0x54 obj\debug\usb app\usbd_desc.o
                0x0800b8b0                USBD_USR_InterfaceStrDescriptor
 .text.Get_SerialNum
                0x0800b904       0x60 obj\debug\usb app\usbd_desc.o
 .text.IntToUnicode
                0x0800b964       0x94 obj\debug\usb app\usbd_desc.o
 .text.USBD_USR_Init
                0x0800b9f8        0xc obj\debug\usb app\usbd_usr.o
                0x0800b9f8                USBD_USR_Init
 .text.USBD_USR_DeviceReset
                0x0800ba04       0x14 obj\debug\usb app\usbd_usr.o
                0x0800ba04                USBD_USR_DeviceReset
 .text.USBD_USR_DeviceConfigured
                0x0800ba18        0xc obj\debug\usb app\usbd_usr.o
                0x0800ba18                USBD_USR_DeviceConfigured
 .text.USBD_USR_DeviceSuspended
                0x0800ba24        0xc obj\debug\usb app\usbd_usr.o
                0x0800ba24                USBD_USR_DeviceSuspended
 .text.USBD_USR_DeviceResumed
                0x0800ba30        0xc obj\debug\usb app\usbd_usr.o
                0x0800ba30                USBD_USR_DeviceResumed
 .text.USBD_USR_DeviceConnected
                0x0800ba3c        0xc obj\debug\usb app\usbd_usr.o
                0x0800ba3c                USBD_USR_DeviceConnected
 .text.USBD_USR_DeviceDisconnected
                0x0800ba48        0xc obj\debug\usb app\usbd_usr.o
                0x0800ba48                USBD_USR_DeviceDisconnected
 .text.NVIC_PriorityGroupConfig
                0x0800ba54       0x28 obj\debug\spl\src\misc.o
                0x0800ba54                NVIC_PriorityGroupConfig
 .text.NVIC_Init
                0x0800ba7c       0xe4 obj\debug\spl\src\misc.o
                0x0800ba7c                NVIC_Init
 .text.GPIO_Init
                0x0800bb60      0x144 obj\debug\spl\src\stm32f4xx_gpio.o
                0x0800bb60                GPIO_Init
 .text.GPIO_PinAFConfig
                0x0800bca4       0xa8 obj\debug\spl\src\stm32f4xx_gpio.o
                0x0800bca4                GPIO_PinAFConfig
 .text.RCC_GetClocksFreq
                0x0800bd4c      0x1cc obj\debug\spl\src\stm32f4xx_rcc.o
                0x0800bd4c                RCC_GetClocksFreq
 .text.RCC_AHB1PeriphClockCmd
                0x0800bf18       0x54 obj\debug\spl\src\stm32f4xx_rcc.o
                0x0800bf18                RCC_AHB1PeriphClockCmd
 .text.RCC_AHB2PeriphClockCmd
                0x0800bf6c       0x54 obj\debug\spl\src\stm32f4xx_rcc.o
                0x0800bf6c                RCC_AHB2PeriphClockCmd
 .text.RCC_APB1PeriphClockCmd
                0x0800bfc0       0x54 obj\debug\spl\src\stm32f4xx_rcc.o
                0x0800bfc0                RCC_APB1PeriphClockCmd
 .text.RCC_APB2PeriphClockCmd
                0x0800c014       0x54 obj\debug\spl\src\stm32f4xx_rcc.o
                0x0800c014                RCC_APB2PeriphClockCmd
 .text.main     0x0800c068       0xa0 obj\debug\src\main.o
                0x0800c068                main
 .text          0x0800c108      0x108 obj\debug\src\startup_stm32f4xx.o
                0x0800c108                Reset_Handler
                0x0800c160                Default_Handler
                0x0800c162                WWDG_IRQHandler
                0x0800c164                PVD_IRQHandler
                0x0800c166                TAMP_STAMP_IRQHandler
                0x0800c168                RTC_WKUP_IRQHandler
                0x0800c16a                FLASH_IRQHandler
                0x0800c16c                RCC_IRQHandler
                0x0800c178                DMA1_Stream0_IRQHandler
                0x0800c17c                DMA1_Stream2_IRQHandler
                0x0800c180                DMA1_Stream4_IRQHandler
                0x0800c184                DMA1_Stream6_IRQHandler
                0x0800c186                ADC_IRQHandler
                0x0800c188                CAN1_TX_IRQHandler
                0x0800c18a                CAN1_RX0_IRQHandler
                0x0800c18c                CAN1_RX1_IRQHandler
                0x0800c18e                CAN1_SCE_IRQHandler
                0x0800c192                TIM1_BRK_TIM9_IRQHandler
                0x0800c194                TIM1_UP_TIM10_IRQHandler
                0x0800c196                TIM1_TRG_COM_TIM11_IRQHandler
                0x0800c198                TIM1_CC_IRQHandler
                0x0800c19c                TIM3_IRQHandler
                0x0800c19e                TIM4_IRQHandler
                0x0800c1a0                I2C1_EV_IRQHandler
                0x0800c1a2                I2C1_ER_IRQHandler
                0x0800c1a4                I2C2_EV_IRQHandler
                0x0800c1a6                I2C2_ER_IRQHandler
                0x0800c1a8                SPI1_IRQHandler
                0x0800c1aa                SPI2_IRQHandler
                0x0800c1ac                USART1_IRQHandler
                0x0800c1ae                USART2_IRQHandler
                0x0800c1b4                RTC_Alarm_IRQHandler
                0x0800c1b6                OTG_FS_WKUP_IRQHandler
                0x0800c1b8                TIM8_BRK_TIM12_IRQHandler
                0x0800c1bc                TIM8_TRG_COM_TIM14_IRQHandler
                0x0800c1be                TIM8_CC_IRQHandler
                0x0800c1c0                DMA1_Stream7_IRQHandler
                0x0800c1c2                FSMC_IRQHandler
                0x0800c1c4                SDIO_IRQHandler
                0x0800c1c6                TIM5_IRQHandler
                0x0800c1c8                SPI3_IRQHandler
                0x0800c1ca                UART4_IRQHandler
                0x0800c1cc                UART5_IRQHandler
                0x0800c1d4                DMA2_Stream1_IRQHandler
                0x0800c1d6                DMA2_Stream2_IRQHandler
                0x0800c1d8                DMA2_Stream3_IRQHandler
                0x0800c1da                DMA2_Stream4_IRQHandler
                0x0800c1dc                ETH_IRQHandler
                0x0800c1de                ETH_WKUP_IRQHandler
                0x0800c1e0                CAN2_TX_IRQHandler
                0x0800c1e2                CAN2_RX0_IRQHandler
                0x0800c1e4                CAN2_RX1_IRQHandler
                0x0800c1e6                CAN2_SCE_IRQHandler
                0x0800c1ea                DMA2_Stream5_IRQHandler
                0x0800c1ec                DMA2_Stream6_IRQHandler
                0x0800c1ee                DMA2_Stream7_IRQHandler
                0x0800c1f0                USART6_IRQHandler
                0x0800c1f2                I2C3_EV_IRQHandler
                0x0800c1f4                I2C3_ER_IRQHandler
                0x0800c1f6                OTG_HS_EP1_OUT_IRQHandler
                0x0800c1f8                OTG_HS_EP1_IN_IRQHandler
                0x0800c1fa                OTG_HS_WKUP_IRQHandler
                0x0800c1fc                OTG_HS_IRQHandler
                0x0800c1fe                DCMI_IRQHandler
                0x0800c200                CRYP_IRQHandler
                0x0800c202                HASH_RNG_IRQHandler
                0x0800c204                FPU_IRQHandler
 .text.SystemInit
                0x0800c210       0xb0 obj\debug\src\system_stm32f4xx.o
                0x0800c210                SystemInit
 .text.SetSysClock
                0x0800c2c0      0x188 obj\debug\src\system_stm32f4xx.o
 .text.initialise_monitor_handles
                0x0800c448       0xa4 c:/program files (x86)/emblocks/2.30/share/em_armgcc/bin/../lib/gcc/arm-none-eabi/4.7.3/../../../../arm-none-eabi/lib/armv7e-m/fpu\librdimon.a(rdimon-syscalls.o)
                0x0800c448                initialise_monitor_handles
 .text          0x0800c4ec      0x370 c:/program files (x86)/emblocks/2.30/share/em_armgcc/bin/../lib/gcc/arm-none-eabi/4.7.3/armv7e-m/fpu\libgcc.a(_arm_addsubdf3.o)
                0x0800c4ec                __aeabi_drsub
                0x0800c4f4                __aeabi_dsub
                0x0800c4f4                __subdf3
                0x0800c4f8                __aeabi_dadd
                0x0800c4f8                __adddf3
                0x0800c770                __floatunsidf
                0x0800c770                __aeabi_ui2d
                0x0800c790                __floatsidf
                0x0800c790                __aeabi_i2d
                0x0800c7b4                __aeabi_f2d
                0x0800c7b4                __extendsfdf2
                0x0800c7f0                __floatundidf
                0x0800c7f0                __aeabi_ul2d
                0x0800c800                __floatdidf
                0x0800c800                __aeabi_l2d
 .text          0x0800c85c      0x424 c:/program files (x86)/emblocks/2.30/share/em_armgcc/bin/../lib/gcc/arm-none-eabi/4.7.3/armv7e-m/fpu\libgcc.a(_arm_muldivdf3.o)
                0x0800c85c                __aeabi_dmul
                0x0800c85c                __muldf3
                0x0800cab0                __divdf3
                0x0800cab0                __aeabi_ddiv
 .text          0x0800cc80      0x110 c:/program files (x86)/emblocks/2.30/share/em_armgcc/bin/../lib/gcc/arm-none-eabi/4.7.3/armv7e-m/fpu\libgcc.a(_arm_cmpdf2.o)
                0x0800cc80                __gtdf2
                0x0800cc80                __gedf2
                0x0800cc88                __ltdf2
                0x0800cc88                __ledf2
                0x0800cc90                __nedf2
                0x0800cc90                __eqdf2
                0x0800cc90                __cmpdf2
                0x0800cd0c                __aeabi_cdrcmple
                0x0800cd1c                __aeabi_cdcmpeq
                0x0800cd1c                __aeabi_cdcmple
                0x0800cd2c                __aeabi_dcmpeq
                0x0800cd40                __aeabi_dcmplt
                0x0800cd54                __aeabi_dcmple
                0x0800cd68                __aeabi_dcmpge
                0x0800cd7c                __aeabi_dcmpgt
 .text          0x0800cd90       0x50 c:/program files (x86)/emblocks/2.30/share/em_armgcc/bin/../lib/gcc/arm-none-eabi/4.7.3/armv7e-m/fpu\libgcc.a(_arm_fixdfsi.o)
                0x0800cd90                __aeabi_d2iz
                0x0800cd90                __fixdfsi
 .text          0x0800cde0       0xa0 c:/program files (x86)/emblocks/2.30/share/em_armgcc/bin/../lib/gcc/arm-none-eabi/4.7.3/armv7e-m/fpu\libgcc.a(_arm_truncdfsf2.o)
                0x0800cde0                __truncdfsf2
                0x0800cde0                __aeabi_d2f
 .text.__errno  0x0800ce80        0xc c:/program files (x86)/emblocks/2.30/share/em_armgcc/bin/../lib/gcc/arm-none-eabi/4.7.3/../../../../arm-none-eabi/lib/armv7e-m/fpu\libc_f.a(lib_a-errno.o)
                0x0800ce80                __errno
 .text.exit     0x0800ce8c       0x20 c:/program files (x86)/emblocks/2.30/share/em_armgcc/bin/../lib/gcc/arm-none-eabi/4.7.3/../../../../arm-none-eabi/lib/armv7e-m/fpu\libc_f.a(lib_a-exit.o)
                0x0800ce8c                exit
 .text.__libc_init_array
                0x0800ceac       0x50 c:/program files (x86)/emblocks/2.30/share/em_armgcc/bin/../lib/gcc/arm-none-eabi/4.7.3/../../../../arm-none-eabi/lib/armv7e-m/fpu\libc_f.a(lib_a-init.o)
                0x0800ceac                __libc_init_array
 .text          0x0800cefc      0x134 c:/program files (x86)/emblocks/2.30/share/em_armgcc/bin/../lib/gcc/arm-none-eabi/4.7.3/../../../../arm-none-eabi/lib/armv7e-m/fpu\libc_f.a(lib_a-memcpy.o)
                0x0800cefc                memcpy
 .text.memset   0x0800d030       0x98 c:/program files (x86)/emblocks/2.30/share/em_armgcc/bin/../lib/gcc/arm-none-eabi/4.7.3/../../../../arm-none-eabi/lib/armv7e-m/fpu\libc_f.a(lib_a-memset.o)
                0x0800d030                memset
 .text.strlen   0x0800d0c8       0x60 c:/program files (x86)/emblocks/2.30/share/em_armgcc/bin/../lib/gcc/arm-none-eabi/4.7.3/../../../../arm-none-eabi/lib/armv7e-m/fpu\libc_f.a(lib_a-strlen.o)
                0x0800d0c8                strlen
 .text.startup.register_fini
                0x0800d128       0x14 c:/program files (x86)/emblocks/2.30/share/em_armgcc/bin/../lib/gcc/arm-none-eabi/4.7.3/../../../../arm-none-eabi/lib/armv7e-m/fpu\libc_f.a(lib_a-__call_atexit.o)
 .text.__call_exitprocs
                0x0800d13c      0x164 c:/program files (x86)/emblocks/2.30/share/em_armgcc/bin/../lib/gcc/arm-none-eabi/4.7.3/../../../../arm-none-eabi/lib/armv7e-m/fpu\libc_f.a(lib_a-__call_atexit.o)
                0x0800d13c                __call_exitprocs
 .text.atexit   0x0800d2a0        0xc c:/program files (x86)/emblocks/2.30/share/em_armgcc/bin/../lib/gcc/arm-none-eabi/4.7.3/../../../../arm-none-eabi/lib/armv7e-m/fpu\libc_f.a(lib_a-atexit.o)
                0x0800d2a0                atexit
 .text.__libc_fini_array
                0x0800d2ac       0x2c c:/program files (x86)/emblocks/2.30/share/em_armgcc/bin/../lib/gcc/arm-none-eabi/4.7.3/../../../../arm-none-eabi/lib/armv7e-m/fpu\libc_f.a(lib_a-fini.o)
                0x0800d2ac                __libc_fini_array
 .text.__register_exitproc
                0x0800d2d8       0xb0 c:/program files (x86)/emblocks/2.30/share/em_armgcc/bin/../lib/gcc/arm-none-eabi/4.7.3/../../../../arm-none-eabi/lib/armv7e-m/fpu\libc_f.a(lib_a-__atexit.o)
                0x0800d2d8                __register_exitproc
 .text.atan     0x0800d388      0x3b0 c:/program files (x86)/emblocks/2.30/share/em_armgcc/bin/../lib/gcc/arm-none-eabi/4.7.3/../../../../arm-none-eabi/lib/armv7e-m/fpu\libm_f.a(lib_a-s_atan.o)
                0x0800d388                atan
 .text.cos      0x0800d738       0xb0 c:/program files (x86)/emblocks/2.30/share/em_armgcc/bin/../lib/gcc/arm-none-eabi/4.7.3/../../../../arm-none-eabi/lib/armv7e-m/fpu\libm_f.a(lib_a-s_cos.o)
                0x0800d738                cos
 .text.fabs     0x0800d7e8       0x14 c:/program files (x86)/emblocks/2.30/share/em_armgcc/bin/../lib/gcc/arm-none-eabi/4.7.3/../../../../arm-none-eabi/lib/armv7e-m/fpu\libm_f.a(lib_a-s_fabs.o)
                0x0800d7e8                fabs
 *fill*         0x0800d7fc        0x4 
 .text.sin      0x0800d800       0xb0 c:/program files (x86)/emblocks/2.30/share/em_armgcc/bin/../lib/gcc/arm-none-eabi/4.7.3/../../../../arm-none-eabi/lib/armv7e-m/fpu\libm_f.a(lib_a-s_sin.o)
                0x0800d800                sin
 .text.cosf     0x0800d8b0       0x74 c:/program files (x86)/emblocks/2.30/share/em_armgcc/bin/../lib/gcc/arm-none-eabi/4.7.3/../../../../arm-none-eabi/lib/armv7e-m/fpu\libm_f.a(lib_a-sf_cos.o)
                0x0800d8b0                cosf
 .text.fabsf    0x0800d924       0x10 c:/program files (x86)/emblocks/2.30/share/em_armgcc/bin/../lib/gcc/arm-none-eabi/4.7.3/../../../../arm-none-eabi/lib/armv7e-m/fpu\libm_f.a(lib_a-sf_fabs.o)
                0x0800d924                fabsf
 .text.sinf     0x0800d934       0x78 c:/program files (x86)/emblocks/2.30/share/em_armgcc/bin/../lib/gcc/arm-none-eabi/4.7.3/../../../../arm-none-eabi/lib/armv7e-m/fpu\libm_f.a(lib_a-sf_sin.o)
                0x0800d934                sinf
 .text.sqrt     0x0800d9ac       0xb4 c:/program files (x86)/emblocks/2.30/share/em_armgcc/bin/../lib/gcc/arm-none-eabi/4.7.3/../../../../arm-none-eabi/lib/armv7e-m/fpu\libm_f.a(lib_a-w_sqrt.o)
                0x0800d9ac                sqrt
 .text.sqrtf    0x0800da60       0xb0 c:/program files (x86)/emblocks/2.30/share/em_armgcc/bin/../lib/gcc/arm-none-eabi/4.7.3/../../../../arm-none-eabi/lib/armv7e-m/fpu\libm_f.a(lib_a-wf_sqrt.o)
                0x0800da60                sqrtf
 .text.__ieee754_rem_pio2
                0x0800db10      0x408 c:/program files (x86)/emblocks/2.30/share/em_armgcc/bin/../lib/gcc/arm-none-eabi/4.7.3/../../../../arm-none-eabi/lib/armv7e-m/fpu\libm_f.a(lib_a-e_rem_pio2.o)
                0x0800db10                __ieee754_rem_pio2
 .text.__ieee754_sqrt
                0x0800df18      0x1a8 c:/program files (x86)/emblocks/2.30/share/em_armgcc/bin/../lib/gcc/arm-none-eabi/4.7.3/../../../../arm-none-eabi/lib/armv7e-m/fpu\libm_f.a(lib_a-e_sqrt.o)
                0x0800df18                __ieee754_sqrt
 .text.__ieee754_rem_pio2f
                0x0800e0c0      0x25c c:/program files (x86)/emblocks/2.30/share/em_armgcc/bin/../lib/gcc/arm-none-eabi/4.7.3/../../../../arm-none-eabi/lib/armv7e-m/fpu\libm_f.a(lib_a-ef_rem_pio2.o)
                0x0800e0c0                __ieee754_rem_pio2f
 .text.__ieee754_sqrtf
                0x0800e31c       0xa8 c:/program files (x86)/emblocks/2.30/share/em_armgcc/bin/../lib/gcc/arm-none-eabi/4.7.3/../../../../arm-none-eabi/lib/armv7e-m/fpu\libm_f.a(lib_a-ef_sqrt.o)
                0x0800e31c                __ieee754_sqrtf
 *fill*         0x0800e3c4        0x4 
 .text.__kernel_cos
                0x0800e3c8      0x260 c:/program files (x86)/emblocks/2.30/share/em_armgcc/bin/../lib/gcc/arm-none-eabi/4.7.3/../../../../arm-none-eabi/lib/armv7e-m/fpu\libm_f.a(lib_a-k_cos.o)
                0x0800e3c8                __kernel_cos
 .text.__kernel_rem_pio2
                0x0800e628      0x768 c:/program files (x86)/emblocks/2.30/share/em_armgcc/bin/../lib/gcc/arm-none-eabi/4.7.3/../../../../arm-none-eabi/lib/armv7e-m/fpu\libm_f.a(lib_a-k_rem_pio2.o)
                0x0800e628                __kernel_rem_pio2
 .text.__kernel_sin
                0x0800ed90      0x178 c:/program files (x86)/emblocks/2.30/share/em_armgcc/bin/../lib/gcc/arm-none-eabi/4.7.3/../../../../arm-none-eabi/lib/armv7e-m/fpu\libm_f.a(lib_a-k_sin.o)
                0x0800ed90                __kernel_sin
 .text.__kernel_cosf
                0x0800ef08      0x100 c:/program files (x86)/emblocks/2.30/share/em_armgcc/bin/../lib/gcc/arm-none-eabi/4.7.3/../../../../arm-none-eabi/lib/armv7e-m/fpu\libm_f.a(lib_a-kf_cos.o)
                0x0800ef08                __kernel_cosf
 .text.__kernel_rem_pio2f
                0x0800f008      0x5e0 c:/program files (x86)/emblocks/2.30/share/em_armgcc/bin/../lib/gcc/arm-none-eabi/4.7.3/../../../../arm-none-eabi/lib/armv7e-m/fpu\libm_f.a(lib_a-kf_rem_pio2.o)
                0x0800f008                __kernel_rem_pio2f
 .text.__kernel_sinf
                0x0800f5e8       0x90 c:/program files (x86)/emblocks/2.30/share/em_armgcc/bin/../lib/gcc/arm-none-eabi/4.7.3/../../../../arm-none-eabi/lib/armv7e-m/fpu\libm_f.a(lib_a-kf_sin.o)
                0x0800f5e8                __kernel_sinf
 .text.floor    0x0800f678      0x110 c:/program files (x86)/emblocks/2.30/share/em_armgcc/bin/../lib/gcc/arm-none-eabi/4.7.3/../../../../arm-none-eabi/lib/armv7e-m/fpu\libm_f.a(lib_a-s_floor.o)
                0x0800f678                floor
 .text.__fpclassifyd
                0x0800f788       0x54 c:/program files (x86)/emblocks/2.30/share/em_armgcc/bin/../lib/gcc/arm-none-eabi/4.7.3/../../../../arm-none-eabi/lib/armv7e-m/fpu\libm_f.a(lib_a-s_fpclassify.o)
                0x0800f788                __fpclassifyd
 .text.matherr  0x0800f7dc        0x4 c:/program files (x86)/emblocks/2.30/share/em_armgcc/bin/../lib/gcc/arm-none-eabi/4.7.3/../../../../arm-none-eabi/lib/armv7e-m/fpu\libm_f.a(lib_a-s_matherr.o)
                0x0800f7dc                matherr
 .text.scalbn   0x0800f7e0      0x110 c:/program files (x86)/emblocks/2.30/share/em_armgcc/bin/../lib/gcc/arm-none-eabi/4.7.3/../../../../arm-none-eabi/lib/armv7e-m/fpu\libm_f.a(lib_a-s_scalbn.o)
                0x0800f7e0                scalbn
 .text.floorf   0x0800f8f0       0x84 c:/program files (x86)/emblocks/2.30/share/em_armgcc/bin/../lib/gcc/arm-none-eabi/4.7.3/../../../../arm-none-eabi/lib/armv7e-m/fpu\libm_f.a(lib_a-sf_floor.o)
                0x0800f8f0                floorf
 .text.__fpclassifyf
                0x0800f974       0x38 c:/program files (x86)/emblocks/2.30/share/em_armgcc/bin/../lib/gcc/arm-none-eabi/4.7.3/../../../../arm-none-eabi/lib/armv7e-m/fpu\libm_f.a(lib_a-sf_fpclassify.o)
                0x0800f974                __fpclassifyf
 .text.scalbnf  0x0800f9ac       0xcc c:/program files (x86)/emblocks/2.30/share/em_armgcc/bin/../lib/gcc/arm-none-eabi/4.7.3/../../../../arm-none-eabi/lib/armv7e-m/fpu\libm_f.a(lib_a-sf_scalbn.o)
                0x0800f9ac                scalbnf
 .text.copysign
                0x0800fa78       0x24 c:/program files (x86)/emblocks/2.30/share/em_armgcc/bin/../lib/gcc/arm-none-eabi/4.7.3/../../../../arm-none-eabi/lib/armv7e-m/fpu\libm_f.a(lib_a-s_copysign.o)
                0x0800fa78                copysign
 .text.copysignf
                0x0800fa9c       0x18 c:/program files (x86)/emblocks/2.30/share/em_armgcc/bin/../lib/gcc/arm-none-eabi/4.7.3/../../../../arm-none-eabi/lib/armv7e-m/fpu\libm_f.a(lib_a-sf_copysign.o)
                0x0800fa9c                copysignf
 .text._exit    0x0800fab4        0x4 c:/program files (x86)/emblocks/2.30/share/em_armgcc/bin/../lib/gcc/arm-none-eabi/4.7.3/../../../../arm-none-eabi/lib/armv7e-m/fpu\libnosys_f.a(_exit.o)
                0x0800fab4                _exit
 *(.init)
 .init          0x0800fab8        0x4 c:/program files (x86)/emblocks/2.30/share/em_armgcc/bin/../lib/gcc/arm-none-eabi/4.7.3/armv7e-m/fpu/crti.o
                0x0800fab8                _init
 .init          0x0800fabc        0x8 c:/program files (x86)/emblocks/2.30/share/em_armgcc/bin/../lib/gcc/arm-none-eabi/4.7.3/armv7e-m/fpu/crtn.o
 *(.fini)
 .fini          0x0800fac4        0x4 c:/program files (x86)/emblocks/2.30/share/em_armgcc/bin/../lib/gcc/arm-none-eabi/4.7.3/armv7e-m/fpu/crti.o
                0x0800fac4                _fini
 .fini          0x0800fac8        0x8 c:/program files (x86)/emblocks/2.30/share/em_armgcc/bin/../lib/gcc/arm-none-eabi/4.7.3/armv7e-m/fpu/crtn.o
 *crtbegin.o(.ctors)
 *crtbegin?.o(.ctors)
 *(EXCLUDE_FILE(*crtend.o *crtend?.o) .ctors)
 *(SORT(.ctors.*))
 *(.ctors)
 *crtbegin.o(.dtors)
 *crtbegin?.o(.dtors)
 *(EXCLUDE_FILE(*crtend.o *crtend?.o) .dtors)
 *(SORT(.dtors.*))
 *(.dtors)
 *(.rodata*)
 .rodata        0x0800fad0       0xa0 obj\debug\robot\regulator.o
 .rodata        0x0800fb70       0x18 obj\debug\robot\robot.o
 .rodata        0x0800fb88       0x78 obj\debug\usb app\usbd_desc.o
 .rodata.str1.1
                0x0800fc00        0x4 c:/program files (x86)/emblocks/2.30/share/em_armgcc/bin/../lib/gcc/arm-none-eabi/4.7.3/../../../../arm-none-eabi/lib/armv7e-m/fpu\librdimon.a(rdimon-syscalls.o)
 .rodata.str1.4
                0x0800fc04        0x2 c:/program files (x86)/emblocks/2.30/share/em_armgcc/bin/../lib/gcc/arm-none-eabi/4.7.3/../../../../arm-none-eabi/lib/armv7e-m/fpu\libc_f.a(lib_a-impure.o)
                                  0x4 (size before relaxing)
 *fill*         0x0800fc06        0x2 
 .rodata._global_impure_ptr
                0x0800fc08        0x4 c:/program files (x86)/emblocks/2.30/share/em_armgcc/bin/../lib/gcc/arm-none-eabi/4.7.3/../../../../arm-none-eabi/lib/armv7e-m/fpu\libc_f.a(lib_a-impure.o)
                0x0800fc08                _global_impure_ptr
 *fill*         0x0800fc0c        0x4 
 .rodata.atanlo
                0x0800fc10       0x20 c:/program files (x86)/emblocks/2.30/share/em_armgcc/bin/../lib/gcc/arm-none-eabi/4.7.3/../../../../arm-none-eabi/lib/armv7e-m/fpu\libm_f.a(lib_a-s_atan.o)
 .rodata.atanhi
                0x0800fc30       0x20 c:/program files (x86)/emblocks/2.30/share/em_armgcc/bin/../lib/gcc/arm-none-eabi/4.7.3/../../../../arm-none-eabi/lib/armv7e-m/fpu\libm_f.a(lib_a-s_atan.o)
 .rodata.str1.4
                0x0800fc50        0x5 c:/program files (x86)/emblocks/2.30/share/em_armgcc/bin/../lib/gcc/arm-none-eabi/4.7.3/../../../../arm-none-eabi/lib/armv7e-m/fpu\libm_f.a(lib_a-w_sqrt.o)
                                  0x8 (size before relaxing)
 *fill*         0x0800fc55        0x3 
 .rodata.str1.4
                0x0800fc58        0x8 c:/program files (x86)/emblocks/2.30/share/em_armgcc/bin/../lib/gcc/arm-none-eabi/4.7.3/../../../../arm-none-eabi/lib/armv7e-m/fpu\libm_f.a(lib_a-wf_sqrt.o)
 .rodata.npio2_hw
                0x0800fc60       0x80 c:/program files (x86)/emblocks/2.30/share/em_armgcc/bin/../lib/gcc/arm-none-eabi/4.7.3/../../../../arm-none-eabi/lib/armv7e-m/fpu\libm_f.a(lib_a-e_rem_pio2.o)
 .rodata.two_over_pi
                0x0800fce0      0x108 c:/program files (x86)/emblocks/2.30/share/em_armgcc/bin/../lib/gcc/arm-none-eabi/4.7.3/../../../../arm-none-eabi/lib/armv7e-m/fpu\libm_f.a(lib_a-e_rem_pio2.o)
 .rodata.npio2_hw
                0x0800fde8       0x80 c:/program files (x86)/emblocks/2.30/share/em_armgcc/bin/../lib/gcc/arm-none-eabi/4.7.3/../../../../arm-none-eabi/lib/armv7e-m/fpu\libm_f.a(lib_a-ef_rem_pio2.o)
 .rodata.two_over_pi
                0x0800fe68      0x318 c:/program files (x86)/emblocks/2.30/share/em_armgcc/bin/../lib/gcc/arm-none-eabi/4.7.3/../../../../arm-none-eabi/lib/armv7e-m/fpu\libm_f.a(lib_a-ef_rem_pio2.o)
 .rodata.init_jk
                0x08010180       0x10 c:/program files (x86)/emblocks/2.30/share/em_armgcc/bin/../lib/gcc/arm-none-eabi/4.7.3/../../../../arm-none-eabi/lib/armv7e-m/fpu\libm_f.a(lib_a-k_rem_pio2.o)
 .rodata.PIo2   0x08010190       0x40 c:/program files (x86)/emblocks/2.30/share/em_armgcc/bin/../lib/gcc/arm-none-eabi/4.7.3/../../../../arm-none-eabi/lib/armv7e-m/fpu\libm_f.a(lib_a-k_rem_pio2.o)
 .rodata.init_jk
                0x080101d0        0xc c:/program files (x86)/emblocks/2.30/share/em_armgcc/bin/../lib/gcc/arm-none-eabi/4.7.3/../../../../arm-none-eabi/lib/armv7e-m/fpu\libm_f.a(lib_a-kf_rem_pio2.o)
 .rodata.PIo2   0x080101dc       0x2c c:/program files (x86)/emblocks/2.30/share/em_armgcc/bin/../lib/gcc/arm-none-eabi/4.7.3/../../../../arm-none-eabi/lib/armv7e-m/fpu\libm_f.a(lib_a-kf_rem_pio2.o)
 *(.eh_frame*)
 .eh_frame      0x08010208        0x0 c:/program files (x86)/emblocks/2.30/share/em_armgcc/bin/../lib/gcc/arm-none-eabi/4.7.3/armv7e-m/fpu/crtbegin.o
 .eh_frame      0x08010208        0x4 c:/program files (x86)/emblocks/2.30/share/em_armgcc/bin/../lib/gcc/arm-none-eabi/4.7.3/armv7e-m/fpu/crtend.o

.glue_7         0x0801020c        0x0
 .glue_7        0x00000000        0x0 linker stubs

.glue_7t        0x0801020c        0x0
 .glue_7t       0x00000000        0x0 linker stubs

.vfp11_veneer   0x0801020c        0x0
 .vfp11_veneer  0x00000000        0x0 linker stubs

.v4_bx          0x0801020c        0x0
 .v4_bx         0x00000000        0x0 linker stubs

.iplt           0x0801020c        0x0
 .iplt          0x00000000        0x0 c:/program files (x86)/emblocks/2.30/share/em_armgcc/bin/../lib/gcc/arm-none-eabi/4.7.3/armv7e-m/fpu/crtbegin.o

.ARM.extab
 *(.ARM.extab* .gnu.linkonce.armextab.*)
                0x0801020c                __exidx_start = .

.ARM.exidx      0x0801020c        0x8
 *(.ARM.exidx* .gnu.linkonce.armexidx.*)
 .ARM.exidx     0x0801020c        0x8 c:/program files (x86)/emblocks/2.30/share/em_armgcc/bin/../lib/gcc/arm-none-eabi/4.7.3/../../../../arm-none-eabi/lib/armv7e-m/fpu/rdimon-crt0.o
                0x08010214                __exidx_end = .
                0x08010214                __etext = .

.rel.dyn        0x08010214        0x0
 .rel.iplt      0x00000000        0x0 c:/program files (x86)/emblocks/2.30/share/em_armgcc/bin/../lib/gcc/arm-none-eabi/4.7.3/armv7e-m/fpu/crtbegin.o

.data           0x20000000      0xb64 load address 0x08010214
                0x20000000                __data_start__ = .
 *(vtable)
 *(.data*)
 .data          0x20000000      0x110 c:/program files (x86)/emblocks/2.30/share/em_armgcc/bin/../lib/gcc/arm-none-eabi/4.7.3/../../../../arm-none-eabi/lib/armv7e-m/fpu/rdimon-crt0.o
                0x20000008                __stack_base__
 .data.dmaData  0x20000110       0x24 obj\debug\board\usart.o
                0x20000110                dmaData
 .data.encData  0x20000134       0x1c obj\debug\board\usart.o
                0x20000134                encData
 .data.usbd_cdc_CfgDesc
                0x20000150       0x44 obj\debug\library\cdc\src\usbd_cdc_core.o
                0x20000150                usbd_cdc_CfgDesc
 .data.cdcCmd   0x20000194        0x4 obj\debug\library\cdc\src\usbd_cdc_core.o
 .data.USBD_CDC_cb
                0x20000198       0x2c obj\debug\library\cdc\src\usbd_cdc_core.o
                0x20000198                USBD_CDC_cb
 .data.USBD_DCD_INT_cb
                0x200001c4       0x2c obj\debug\library\core\src\usbd_core.o
                0x200001c4                USBD_DCD_INT_cb
 .data.USBD_DCD_INT_fops
                0x200001f0        0x4 obj\debug\library\core\src\usbd_core.o
                0x200001f0                USBD_DCD_INT_fops
 .data.points   0x200001f4      0x320 obj\debug\robot\regulator.o
                0x200001f4                points
 .data.lastPoint
                0x20000514        0x1 obj\debug\robot\regulator.o
                0x20000514                lastPoint
 *fill*         0x20000515        0x3 
 .data.normalVel
                0x20000518       0x14 obj\debug\robot\regulator.o
                0x20000518                normalVel
 .data.stopVel  0x2000052c       0x14 obj\debug\robot\regulator.o
                0x2000052c                stopVel
 .data.standVel
                0x20000540       0x14 obj\debug\robot\regulator.o
                0x20000540                standVel
 .data.stopRot  0x20000554       0x14 obj\debug\robot\regulator.o
                0x20000554                stopRot
 .data.standRot
                0x20000568       0x14 obj\debug\robot\regulator.o
                0x20000568                standRot
 .data.speedType
                0x2000057c        0xc obj\debug\robot\regulator.o
                0x2000057c                speedType
 .data.curState
                0x20000588        0x4 obj\debug\robot\robot.o
                0x20000588                curState
 .data.inCommand
                0x2000058c        0x8 obj\debug\robot\robot.o
                0x2000058c                inCommand
 .data.packLen  0x20000594       0x2c obj\debug\robot\robot.o
                0x20000594                packLen
 .data.PWM_CCR  0x200005c0       0x28 obj\debug\robot\robot.o
                0x200005c0                PWM_CCR
 .data.PWM_DIR  0x200005e8       0x28 obj\debug\robot\robot.o
                0x200005e8                PWM_DIR
 .data.GENERAL_PIN
                0x20000610       0x28 obj\debug\robot\robot.o
                0x20000610                GENERAL_PIN
 .data.EXTI_PIN
                0x20000638       0x28 obj\debug\robot\robot.o
                0x20000638                EXTI_PIN
 .data.V12_PIN  0x20000660       0x18 obj\debug\robot\robot.o
                0x20000660                V12_PIN
 .data.encCnt   0x20000678       0x10 obj\debug\robot\robot.o
                0x20000678                encCnt
 .data.WHEELS   0x20000688        0x4 obj\debug\robot\robot.o
                0x20000688                WHEELS
 .data.linecoding
                0x2000068c        0x8 obj\debug\usb app\usbd_cdc_vcp.o
                0x2000068c                linecoding
 .data.VCP_fops
                0x20000694       0x14 obj\debug\usb app\usbd_cdc_vcp.o
                0x20000694                VCP_fops
 .data.USR_desc
                0x200006a8       0x1c obj\debug\usb app\usbd_desc.o
                0x200006a8                USR_desc
 .data.USBD_DeviceDesc
                0x200006c4       0x14 obj\debug\usb app\usbd_desc.o
                0x200006c4                USBD_DeviceDesc
 .data.USBD_LangIDDesc
                0x200006d8        0x4 obj\debug\usb app\usbd_desc.o
                0x200006d8                USBD_LangIDDesc
 .data.USBD_StringSerial
                0x200006dc       0x1c obj\debug\usb app\usbd_desc.o
                0x200006dc                USBD_StringSerial
 .data.USR_cb   0x200006f8       0x1c obj\debug\usb app\usbd_usr.o
                0x200006f8                USR_cb
 .data.APBAHBPrescTable
                0x20000714       0x10 obj\debug\spl\src\stm32f4xx_rcc.o
 *fill*         0x20000724        0x4 
 .data.impure_data
                0x20000728      0x428 c:/program files (x86)/emblocks/2.30/share/em_armgcc/bin/../lib/gcc/arm-none-eabi/4.7.3/../../../../arm-none-eabi/lib/armv7e-m/fpu\libc_f.a(lib_a-impure.o)
 .data._impure_ptr
                0x20000b50        0x4 c:/program files (x86)/emblocks/2.30/share/em_armgcc/bin/../lib/gcc/arm-none-eabi/4.7.3/../../../../arm-none-eabi/lib/armv7e-m/fpu\libc_f.a(lib_a-impure.o)
                0x20000b50                _impure_ptr
 .data.__fdlib_version
                0x20000b54        0x1 c:/program files (x86)/emblocks/2.30/share/em_armgcc/bin/../lib/gcc/arm-none-eabi/4.7.3/../../../../arm-none-eabi/lib/armv7e-m/fpu\libm_f.a(lib_a-s_lib_ver.o)
                0x20000b54                __fdlib_version
                0x20000b58                . = ALIGN (0x4)
 *fill*         0x20000b55        0x3 
                0x20000b58                PROVIDE (__preinit_array_start, .)
 *(.preinit_array)
                0x20000b58                PROVIDE (__preinit_array_end, .)
                0x20000b58                . = ALIGN (0x4)
                0x20000b58                PROVIDE (__init_array_start, .)
 *(SORT(.init_array.*))
 .init_array.00000
                0x20000b58        0x4 c:/program files (x86)/emblocks/2.30/share/em_armgcc/bin/../lib/gcc/arm-none-eabi/4.7.3/../../../../arm-none-eabi/lib/armv7e-m/fpu\libc_f.a(lib_a-__call_atexit.o)
 *(.init_array)
 .init_array    0x20000b5c        0x4 c:/program files (x86)/emblocks/2.30/share/em_armgcc/bin/../lib/gcc/arm-none-eabi/4.7.3/armv7e-m/fpu/crtbegin.o
                0x20000b60                PROVIDE (__init_array_end, .)
                0x20000b60                . = ALIGN (0x4)
                0x20000b60                PROVIDE (__fini_array_start, .)
 *(SORT(.fini_array.*))
 *(.fini_array)
 .fini_array    0x20000b60        0x4 c:/program files (x86)/emblocks/2.30/share/em_armgcc/bin/../lib/gcc/arm-none-eabi/4.7.3/armv7e-m/fpu/crtbegin.o
                0x20000b64                PROVIDE (__fini_array_end, .)
                0x20000b64                . = ALIGN (0x4)
                0x20000b64                __data_end__ = .

.jcr            0x20000b64        0x0 load address 0x08010d78
 .jcr           0x20000b64        0x0 c:/program files (x86)/emblocks/2.30/share/em_armgcc/bin/../lib/gcc/arm-none-eabi/4.7.3/armv7e-m/fpu/crtbegin.o

.igot.plt       0x20000b64        0x0 load address 0x08010d78
 .igot.plt      0x00000000        0x0 c:/program files (x86)/emblocks/2.30/share/em_armgcc/bin/../lib/gcc/arm-none-eabi/4.7.3/armv7e-m/fpu/crtbegin.o

.bss            0x20000b64     0x144c load address 0x08010d78
                0x20000b64                __bss_start__ = .
 *(.bss*)
 .bss           0x20000b64       0x1c c:/program files (x86)/emblocks/2.30/share/em_armgcc/bin/../lib/gcc/arm-none-eabi/4.7.3/armv7e-m/fpu/crtbegin.o
 .bss.int_cnt   0x20000b80        0x2 obj\debug\board\interrupts.o
                0x20000b80                int_cnt
 *fill*         0x20000b82        0x2 
 .bss.usbd_cdc_AltSet
                0x20000b84        0x4 obj\debug\library\cdc\src\usbd_cdc_core.o
 .bss.APP_Rx_ptr_in
                0x20000b88        0x4 obj\debug\library\cdc\src\usbd_cdc_core.o
                0x20000b88                APP_Rx_ptr_in
 .bss.APP_Rx_ptr_out
                0x20000b8c        0x4 obj\debug\library\cdc\src\usbd_cdc_core.o
                0x20000b8c                APP_Rx_ptr_out
 .bss.APP_Rx_length
                0x20000b90        0x4 obj\debug\library\cdc\src\usbd_cdc_core.o
                0x20000b90                APP_Rx_length
 .bss.USB_Tx_State
                0x20000b94        0x1 obj\debug\library\cdc\src\usbd_cdc_core.o
                0x20000b94                USB_Tx_State
 *fill*         0x20000b95        0x3 
 .bss.cdcLen    0x20000b98        0x4 obj\debug\library\cdc\src\usbd_cdc_core.o
 .bss.FrameCount.8664
                0x20000b9c        0x4 obj\debug\library\cdc\src\usbd_cdc_core.o
 .bss.USBD_ep_status
                0x20000ba0        0x4 obj\debug\library\core\src\usbd_req.o
                0x20000ba0                USBD_ep_status
 .bss.USBD_default_cfg
                0x20000ba4        0x4 obj\debug\library\core\src\usbd_req.o
                0x20000ba4                USBD_default_cfg
 .bss.USBD_cfg_status
                0x20000ba8        0x4 obj\debug\library\core\src\usbd_req.o
                0x20000ba8                USBD_cfg_status
 .bss.cfgidx.8673
                0x20000bac        0x1 obj\debug\library\core\src\usbd_req.o
 *fill*         0x20000bad        0x3 
 .bss.regulatorOut
                0x20000bb0       0x10 obj\debug\robot\regulator.o
                0x20000bb0                regulatorOut
 .bss.vTargetGlob
                0x20000bc0        0xc obj\debug\robot\regulator.o
                0x20000bc0                vTargetGlob
 .bss.Coord_local_track
                0x20000bcc        0xc obj\debug\robot\regulator.o
                0x20000bcc                Coord_local_track
 .bss.Speed_local_track
                0x20000bd8        0xc obj\debug\robot\regulator.o
                0x20000bd8                Speed_local_track
 .bss.totalPointComplite
                0x20000be4        0x2 obj\debug\robot\regulator.o
                0x20000be4                totalPointComplite
 *fill*         0x20000be6        0x2 
 .bss.robotCoordTarget
                0x20000be8        0xc obj\debug\robot\robot.o
                0x20000be8                robotCoordTarget
 .bss.motorCoord
                0x20000bf4       0x10 obj\debug\robot\robot.o
                0x20000bf4                motorCoord
 .bss.robotCoord
                0x20000c04        0xc obj\debug\robot\robot.o
                0x20000c04                robotCoord
 .bss.robotSpeed
                0x20000c10        0xc obj\debug\robot\robot.o
                0x20000c10                robotSpeed
 .bss.command   0x20000c1c        0x1 obj\debug\src\main.o
                0x20000c1c                command
 *fill*         0x20000c1d        0x3 
 .bss.monitor_stdout
                0x20000c20        0x4 c:/program files (x86)/emblocks/2.30/share/em_armgcc/bin/../lib/gcc/arm-none-eabi/4.7.3/../../../../arm-none-eabi/lib/armv7e-m/fpu\librdimon.a(rdimon-syscalls.o)
 .bss.monitor_stdin
                0x20000c24        0x4 c:/program files (x86)/emblocks/2.30/share/em_armgcc/bin/../lib/gcc/arm-none-eabi/4.7.3/../../../../arm-none-eabi/lib/armv7e-m/fpu\librdimon.a(rdimon-syscalls.o)
 .bss.monitor_stderr
                0x20000c28        0x4 c:/program files (x86)/emblocks/2.30/share/em_armgcc/bin/../lib/gcc/arm-none-eabi/4.7.3/../../../../arm-none-eabi/lib/armv7e-m/fpu\librdimon.a(rdimon-syscalls.o)
 .bss.openfiles
                0x20000c2c       0xa0 c:/program files (x86)/emblocks/2.30/share/em_armgcc/bin/../lib/gcc/arm-none-eabi/4.7.3/../../../../arm-none-eabi/lib/armv7e-m/fpu\librdimon.a(rdimon-syscalls.o)
 *(COMMON)
 COMMON         0x20000ccc        0x3 obj\debug\board\interrupts.o
                0x20000ccc                traceFlag
                0x20000ccd                endFlag
                0x20000cce                movFlag
 *fill*         0x20000ccf        0x1 
 COMMON         0x20000cd0       0xce obj\debug\board\usart.o
                0x20000cd0                Buffer
                0x20000d98                usart3Data
 *fill*         0x20000d9e        0x2 
 COMMON         0x20000da0      0x88c obj\debug\library\cdc\src\usbd_cdc_core.o
                0x20000da0                usbd_cdc_OtherCfgDesc
                0x20000de4                USB_Rx_Buffer
                0x20000e24                CmdBuff
                0x20000e2c                APP_Rx_Buffer
 COMMON         0x2000162c        0x4 obj\debug\library\core\src\usbd_core.o
                0x2000162c                SET_TEST_MODE
 COMMON         0x20001630      0x1a0 obj\debug\robot\regulator.o
                0x20001630                curPath
                0x20001650                ortoPos
                0x20001690                wheelsPidStruct
                0x20001790                radSpeed
 COMMON         0x200017d0       0xd8 obj\debug\robot\robot.o
                0x200017d0                param
                0x200017ee                extiFlag
                0x200017f0                motorSpeed
                0x20001800                dataIndex
                0x20001804                outData
                0x20001824                pinType
                0x20001830                inData
                0x20001870                extiType
                0x2000187c                outEnc
                0x20001894                adcData
 COMMON         0x200018a8       0x10 obj\debug\usb app\usbd_cdc_vcp.o
                0x200018a8                USART_InitStructure
 COMMON         0x200018b8       0xff obj\debug\usb app\usbd_desc.o
                0x200018b8                USBD_StrDesc
 *fill*         0x200019b7        0x1 
 COMMON         0x200019b8      0x5f8 obj\debug\src\main.o
                0x200019b8                mode
                0x200019bc                USB_OTG_dev
                0x20001fb0                __bss_end__ = .

.heap           0x20001fb0        0x0
                0x20001fb0                __end__ = .
                0x20001fb0                end = __end__
 *(.heap*)
 .heap          0x20001fb0        0x0 obj\debug\src\startup_stm32f4xx.o
                0x20001fb0                __HeapLimit = .

.stack_dummy    0x20001fb0      0x100
 *(.stack)
 .stack         0x20001fb0      0x100 obj\debug\src\startup_stm32f4xx.o
                0x20020000                __StackTop = (ORIGIN (RAM) + 0x20000)
                0x2001ff00                __StackLimit = (__StackTop - SIZEOF (.stack_dummy))
                0x20020000                PROVIDE (__stack, __StackTop)
                0x00000001                ASSERT ((__StackLimit >= __HeapLimit), region RAM overflowed with stack)
LOAD obj\debug\board\adc.o
LOAD obj\debug\board\interrupts.o
LOAD obj\debug\board\init.o
LOAD obj\debug\board\tim.o
LOAD obj\debug\board\usart.o
LOAD obj\debug\library\cdc\src\usbd_cdc_core.o
LOAD obj\debug\library\core\src\usb_core.o
LOAD obj\debug\library\core\src\usb_dcd.o
LOAD obj\debug\library\core\src\usb_dcd_int.o
LOAD obj\debug\library\core\src\usbd_core.o
LOAD obj\debug\library\core\src\usbd_ioreq.o
LOAD obj\debug\library\core\src\usbd_req.o
LOAD obj\debug\robot\path.o
LOAD obj\debug\robot\regulator.o
LOAD obj\debug\robot\matrix.o
LOAD obj\debug\robot\robot.o
LOAD obj\debug\usb app\stm32fxxx_it.o
LOAD obj\debug\usb app\usb_bsp.o
LOAD obj\debug\usb app\usbd_cdc_vcp.o
LOAD obj\debug\usb app\usbd_desc.o
LOAD obj\debug\usb app\usbd_usr.o
LOAD obj\debug\spl\src\misc.o
LOAD obj\debug\spl\src\stm32f4xx_adc.o
LOAD obj\debug\spl\src\stm32f4xx_can.o
LOAD obj\debug\spl\src\stm32f4xx_cec.o
LOAD obj\debug\spl\src\stm32f4xx_crc.o
LOAD obj\debug\spl\src\stm32f4xx_cryp.o
LOAD obj\debug\spl\src\stm32f4xx_cryp_aes.o
LOAD obj\debug\spl\src\stm32f4xx_cryp_des.o
LOAD obj\debug\spl\src\stm32f4xx_cryp_tdes.o
LOAD obj\debug\spl\src\stm32f4xx_dac.o
LOAD obj\debug\spl\src\stm32f4xx_dbgmcu.o
LOAD obj\debug\spl\src\stm32f4xx_dcmi.o
LOAD obj\debug\spl\src\stm32f4xx_dma.o
LOAD obj\debug\spl\src\stm32f4xx_dma2d.o
LOAD obj\debug\spl\src\stm32f4xx_dsi.o
LOAD obj\debug\spl\src\stm32f4xx_exti.o
LOAD obj\debug\spl\src\stm32f4xx_gpio.o
LOAD obj\debug\spl\src\stm32f4xx_hash.o
LOAD obj\debug\spl\src\stm32f4xx_hash_md5.o
LOAD obj\debug\spl\src\stm32f4xx_hash_sha1.o
LOAD obj\debug\spl\src\stm32f4xx_i2c.o
LOAD obj\debug\spl\src\stm32f4xx_iwdg.o
LOAD obj\debug\spl\src\stm32f4xx_lptim.o
LOAD obj\debug\spl\src\stm32f4xx_ltdc.o
LOAD obj\debug\spl\src\stm32f4xx_pwr.o
LOAD obj\debug\spl\src\stm32f4xx_qspi.o
LOAD obj\debug\spl\src\stm32f4xx_rcc.o
LOAD obj\debug\spl\src\stm32f4xx_rng.o
LOAD obj\debug\spl\src\stm32f4xx_rtc.o
LOAD obj\debug\spl\src\stm32f4xx_sai.o
LOAD obj\debug\spl\src\stm32f4xx_sdio.o
LOAD obj\debug\spl\src\stm32f4xx_spdifrx.o
LOAD obj\debug\spl\src\stm32f4xx_spi.o
LOAD obj\debug\spl\src\stm32f4xx_syscfg.o
LOAD obj\debug\spl\src\stm32f4xx_tim.o
LOAD obj\debug\spl\src\stm32f4xx_usart.o
LOAD obj\debug\spl\src\stm32f4xx_wwdg.o
LOAD obj\debug\src\main.o
LOAD obj\debug\src\startup_stm32f4xx.o
LOAD obj\debug\src\system_stm32f4xx.o
LOAD c:/program files (x86)/emblocks/2.30/share/em_armgcc/bin/../lib/gcc/arm-none-eabi/4.7.3/../../../../arm-none-eabi/lib/armv7e-m/fpu\librdimon.a
START GROUP
LOAD c:/program files (x86)/emblocks/2.30/share/em_armgcc/bin/../lib/gcc/arm-none-eabi/4.7.3/armv7e-m/fpu\libgcc.a
LOAD c:/program files (x86)/emblocks/2.30/share/em_armgcc/bin/../lib/gcc/arm-none-eabi/4.7.3/../../../../arm-none-eabi/lib/armv7e-m/fpu\libc_f.a
LOAD c:/program files (x86)/emblocks/2.30/share/em_armgcc/bin/../lib/gcc/arm-none-eabi/4.7.3/../../../../arm-none-eabi/lib/armv7e-m/fpu\libg_f.a
LOAD c:/program files (x86)/emblocks/2.30/share/em_armgcc/bin/../lib/gcc/arm-none-eabi/4.7.3/../../../../arm-none-eabi/lib/armv7e-m/fpu\libm_f.a
LOAD c:/program files (x86)/emblocks/2.30/share/em_armgcc/bin/../lib/gcc/arm-none-eabi/4.7.3/../../../../arm-none-eabi/lib/armv7e-m/fpu\libnosys_f.a
END GROUP
LOAD c:/program files (x86)/emblocks/2.30/share/em_armgcc/bin/../lib/gcc/arm-none-eabi/4.7.3/armv7e-m/fpu/crtend.o
LOAD c:/program files (x86)/emblocks/2.30/share/em_armgcc/bin/../lib/gcc/arm-none-eabi/4.7.3/armv7e-m/fpu/crtn.o
OUTPUT(bin\Debug\Robot V2.elf elf32-littlearm)

.ARM.attributes
                0x00000000       0x30
 .ARM.attributes
                0x00000000       0x22 c:/program files (x86)/emblocks/2.30/share/em_armgcc/bin/../lib/gcc/arm-none-eabi/4.7.3/armv7e-m/fpu/crti.o
 .ARM.attributes
                0x00000022       0x34 c:/program files (x86)/emblocks/2.30/share/em_armgcc/bin/../lib/gcc/arm-none-eabi/4.7.3/armv7e-m/fpu/crtbegin.o
 .ARM.attributes
                0x00000056       0x20 c:/program files (x86)/emblocks/2.30/share/em_armgcc/bin/../lib/gcc/arm-none-eabi/4.7.3/../../../../arm-none-eabi/lib/armv7e-m/fpu/rdimon-crt0.o
 .ARM.attributes
                0x00000076       0x39 obj\debug\board\adc.o
 .ARM.attributes
                0x000000af       0x39 obj\debug\board\interrupts.o
 .ARM.attributes
                0x000000e8       0x39 obj\debug\board\init.o
 .ARM.attributes
                0x00000121       0x39 obj\debug\board\tim.o
 .ARM.attributes
                0x0000015a       0x39 obj\debug\board\usart.o
 .ARM.attributes
                0x00000193       0x39 obj\debug\library\cdc\src\usbd_cdc_core.o
 .ARM.attributes
                0x000001cc       0x39 obj\debug\library\core\src\usb_core.o
 .ARM.attributes
                0x00000205       0x39 obj\debug\library\core\src\usb_dcd.o
 .ARM.attributes
                0x0000023e       0x39 obj\debug\library\core\src\usb_dcd_int.o
 .ARM.attributes
                0x00000277       0x39 obj\debug\library\core\src\usbd_core.o
 .ARM.attributes
                0x000002b0       0x39 obj\debug\library\core\src\usbd_ioreq.o
 .ARM.attributes
                0x000002e9       0x39 obj\debug\library\core\src\usbd_req.o
 .ARM.attributes
                0x00000322       0x39 obj\debug\robot\regulator.o
 .ARM.attributes
                0x0000035b       0x39 obj\debug\robot\matrix.o
 .ARM.attributes
                0x00000394       0x39 obj\debug\robot\robot.o
 .ARM.attributes
                0x000003cd       0x39 obj\debug\usb app\stm32fxxx_it.o
 .ARM.attributes
                0x00000406       0x39 obj\debug\usb app\usb_bsp.o
 .ARM.attributes
                0x0000043f       0x39 obj\debug\usb app\usbd_cdc_vcp.o
 .ARM.attributes
                0x00000478       0x39 obj\debug\usb app\usbd_desc.o
 .ARM.attributes
                0x000004b1       0x39 obj\debug\usb app\usbd_usr.o
 .ARM.attributes
                0x000004ea       0x39 obj\debug\spl\src\misc.o
 .ARM.attributes
                0x00000523       0x39 obj\debug\spl\src\stm32f4xx_gpio.o
 .ARM.attributes
                0x0000055c       0x39 obj\debug\spl\src\stm32f4xx_rcc.o
 .ARM.attributes
                0x00000595       0x39 obj\debug\src\main.o
 .ARM.attributes
                0x000005ce       0x1f obj\debug\src\startup_stm32f4xx.o
 .ARM.attributes
                0x000005ed       0x39 obj\debug\src\system_stm32f4xx.o
 .ARM.attributes
                0x00000626       0x34 c:/program files (x86)/emblocks/2.30/share/em_armgcc/bin/../lib/gcc/arm-none-eabi/4.7.3/../../../../arm-none-eabi/lib/armv7e-m/fpu\librdimon.a(rdimon-syscalls.o)
 .ARM.attributes
                0x0000065a       0x22 c:/program files (x86)/emblocks/2.30/share/em_armgcc/bin/../lib/gcc/arm-none-eabi/4.7.3/armv7e-m/fpu\libgcc.a(_arm_addsubdf3.o)
 .ARM.attributes
                0x0000067c       0x22 c:/program files (x86)/emblocks/2.30/share/em_armgcc/bin/../lib/gcc/arm-none-eabi/4.7.3/armv7e-m/fpu\libgcc.a(_arm_muldivdf3.o)
 .ARM.attributes
                0x0000069e       0x22 c:/program files (x86)/emblocks/2.30/share/em_armgcc/bin/../lib/gcc/arm-none-eabi/4.7.3/armv7e-m/fpu\libgcc.a(_arm_cmpdf2.o)
 .ARM.attributes
                0x000006c0       0x22 c:/program files (x86)/emblocks/2.30/share/em_armgcc/bin/../lib/gcc/arm-none-eabi/4.7.3/armv7e-m/fpu\libgcc.a(_arm_fixdfsi.o)
 .ARM.attributes
                0x000006e2       0x22 c:/program files (x86)/emblocks/2.30/share/em_armgcc/bin/../lib/gcc/arm-none-eabi/4.7.3/armv7e-m/fpu\libgcc.a(_arm_truncdfsf2.o)
 .ARM.attributes
                0x00000704       0x30 c:/program files (x86)/emblocks/2.30/share/em_armgcc/bin/../lib/gcc/arm-none-eabi/4.7.3/../../../../arm-none-eabi/lib/armv7e-m/fpu\libc_f.a(lib_a-errno.o)
 .ARM.attributes
                0x00000734       0x30 c:/program files (x86)/emblocks/2.30/share/em_armgcc/bin/../lib/gcc/arm-none-eabi/4.7.3/../../../../arm-none-eabi/lib/armv7e-m/fpu\libc_f.a(lib_a-exit.o)
 .ARM.attributes
                0x00000764       0x30 c:/program files (x86)/emblocks/2.30/share/em_armgcc/bin/../lib/gcc/arm-none-eabi/4.7.3/../../../../arm-none-eabi/lib/armv7e-m/fpu\libc_f.a(lib_a-impure.o)
 .ARM.attributes
                0x00000794       0x30 c:/program files (x86)/emblocks/2.30/share/em_armgcc/bin/../lib/gcc/arm-none-eabi/4.7.3/../../../../arm-none-eabi/lib/armv7e-m/fpu\libc_f.a(lib_a-init.o)
 .ARM.attributes
                0x000007c4       0x20 c:/program files (x86)/emblocks/2.30/share/em_armgcc/bin/../lib/gcc/arm-none-eabi/4.7.3/../../../../arm-none-eabi/lib/armv7e-m/fpu\libc_f.a(lib_a-memcpy.o)
 .ARM.attributes
                0x000007e4       0x30 c:/program files (x86)/emblocks/2.30/share/em_armgcc/bin/../lib/gcc/arm-none-eabi/4.7.3/../../../../arm-none-eabi/lib/armv7e-m/fpu\libc_f.a(lib_a-memset.o)
 .ARM.attributes
                0x00000814       0x30 c:/program files (x86)/emblocks/2.30/share/em_armgcc/bin/../lib/gcc/arm-none-eabi/4.7.3/../../../../arm-none-eabi/lib/armv7e-m/fpu\libc_f.a(lib_a-strlen.o)
 .ARM.attributes
                0x00000844       0x30 c:/program files (x86)/emblocks/2.30/share/em_armgcc/bin/../lib/gcc/arm-none-eabi/4.7.3/../../../../arm-none-eabi/lib/armv7e-m/fpu\libc_f.a(lib_a-__call_atexit.o)
 .ARM.attributes
                0x00000874       0x30 c:/program files (x86)/emblocks/2.30/share/em_armgcc/bin/../lib/gcc/arm-none-eabi/4.7.3/../../../../arm-none-eabi/lib/armv7e-m/fpu\libc_f.a(lib_a-atexit.o)
 .ARM.attributes
                0x000008a4       0x30 c:/program files (x86)/emblocks/2.30/share/em_armgcc/bin/../lib/gcc/arm-none-eabi/4.7.3/../../../../arm-none-eabi/lib/armv7e-m/fpu\libc_f.a(lib_a-fini.o)
 .ARM.attributes
                0x000008d4       0x30 c:/program files (x86)/emblocks/2.30/share/em_armgcc/bin/../lib/gcc/arm-none-eabi/4.7.3/../../../../arm-none-eabi/lib/armv7e-m/fpu\libc_f.a(lib_a-__atexit.o)
 .ARM.attributes
                0x00000904       0x30 c:/program files (x86)/emblocks/2.30/share/em_armgcc/bin/../lib/gcc/arm-none-eabi/4.7.3/../../../../arm-none-eabi/lib/armv7e-m/fpu\libm_f.a(lib_a-s_atan.o)
 .ARM.attributes
                0x00000934       0x30 c:/program files (x86)/emblocks/2.30/share/em_armgcc/bin/../lib/gcc/arm-none-eabi/4.7.3/../../../../arm-none-eabi/lib/armv7e-m/fpu\libm_f.a(lib_a-s_cos.o)
 .ARM.attributes
                0x00000964       0x30 c:/program files (x86)/emblocks/2.30/share/em_armgcc/bin/../lib/gcc/arm-none-eabi/4.7.3/../../../../arm-none-eabi/lib/armv7e-m/fpu\libm_f.a(lib_a-s_fabs.o)
 .ARM.attributes
                0x00000994       0x30 c:/program files (x86)/emblocks/2.30/share/em_armgcc/bin/../lib/gcc/arm-none-eabi/4.7.3/../../../../arm-none-eabi/lib/armv7e-m/fpu\libm_f.a(lib_a-s_sin.o)
 .ARM.attributes
                0x000009c4       0x30 c:/program files (x86)/emblocks/2.30/share/em_armgcc/bin/../lib/gcc/arm-none-eabi/4.7.3/../../../../arm-none-eabi/lib/armv7e-m/fpu\libm_f.a(lib_a-sf_cos.o)
 .ARM.attributes
                0x000009f4       0x30 c:/program files (x86)/emblocks/2.30/share/em_armgcc/bin/../lib/gcc/arm-none-eabi/4.7.3/../../../../arm-none-eabi/lib/armv7e-m/fpu\libm_f.a(lib_a-sf_fabs.o)
 .ARM.attributes
                0x00000a24       0x30 c:/program files (x86)/emblocks/2.30/share/em_armgcc/bin/../lib/gcc/arm-none-eabi/4.7.3/../../../../arm-none-eabi/lib/armv7e-m/fpu\libm_f.a(lib_a-sf_sin.o)
 .ARM.attributes
                0x00000a54       0x30 c:/program files (x86)/emblocks/2.30/share/em_armgcc/bin/../lib/gcc/arm-none-eabi/4.7.3/../../../../arm-none-eabi/lib/armv7e-m/fpu\libm_f.a(lib_a-w_sqrt.o)
 .ARM.attributes
                0x00000a84       0x30 c:/program files (x86)/emblocks/2.30/share/em_armgcc/bin/../lib/gcc/arm-none-eabi/4.7.3/../../../../arm-none-eabi/lib/armv7e-m/fpu\libm_f.a(lib_a-wf_sqrt.o)
 .ARM.attributes
                0x00000ab4       0x30 c:/program files (x86)/emblocks/2.30/share/em_armgcc/bin/../lib/gcc/arm-none-eabi/4.7.3/../../../../arm-none-eabi/lib/armv7e-m/fpu\libm_f.a(lib_a-e_rem_pio2.o)
 .ARM.attributes
                0x00000ae4       0x30 c:/program files (x86)/emblocks/2.30/share/em_armgcc/bin/../lib/gcc/arm-none-eabi/4.7.3/../../../../arm-none-eabi/lib/armv7e-m/fpu\libm_f.a(lib_a-e_sqrt.o)
 .ARM.attributes
                0x00000b14       0x30 c:/program files (x86)/emblocks/2.30/share/em_armgcc/bin/../lib/gcc/arm-none-eabi/4.7.3/../../../../arm-none-eabi/lib/armv7e-m/fpu\libm_f.a(lib_a-ef_rem_pio2.o)
 .ARM.attributes
                0x00000b44       0x30 c:/program files (x86)/emblocks/2.30/share/em_armgcc/bin/../lib/gcc/arm-none-eabi/4.7.3/../../../../arm-none-eabi/lib/armv7e-m/fpu\libm_f.a(lib_a-ef_sqrt.o)
 .ARM.attributes
                0x00000b74       0x30 c:/program files (x86)/emblocks/2.30/share/em_armgcc/bin/../lib/gcc/arm-none-eabi/4.7.3/../../../../arm-none-eabi/lib/armv7e-m/fpu\libm_f.a(lib_a-k_cos.o)
 .ARM.attributes
                0x00000ba4       0x30 c:/program files (x86)/emblocks/2.30/share/em_armgcc/bin/../lib/gcc/arm-none-eabi/4.7.3/../../../../arm-none-eabi/lib/armv7e-m/fpu\libm_f.a(lib_a-k_rem_pio2.o)
 .ARM.attributes
                0x00000bd4       0x30 c:/program files (x86)/emblocks/2.30/share/em_armgcc/bin/../lib/gcc/arm-none-eabi/4.7.3/../../../../arm-none-eabi/lib/armv7e-m/fpu\libm_f.a(lib_a-k_sin.o)
 .ARM.attributes
                0x00000c04       0x30 c:/program files (x86)/emblocks/2.30/share/em_armgcc/bin/../lib/gcc/arm-none-eabi/4.7.3/../../../../arm-none-eabi/lib/armv7e-m/fpu\libm_f.a(lib_a-kf_cos.o)
 .ARM.attributes
                0x00000c34       0x30 c:/program files (x86)/emblocks/2.30/share/em_armgcc/bin/../lib/gcc/arm-none-eabi/4.7.3/../../../../arm-none-eabi/lib/armv7e-m/fpu\libm_f.a(lib_a-kf_rem_pio2.o)
 .ARM.attributes
                0x00000c64       0x30 c:/program files (x86)/emblocks/2.30/share/em_armgcc/bin/../lib/gcc/arm-none-eabi/4.7.3/../../../../arm-none-eabi/lib/armv7e-m/fpu\libm_f.a(lib_a-kf_sin.o)
 .ARM.attributes
                0x00000c94       0x30 c:/program files (x86)/emblocks/2.30/share/em_armgcc/bin/../lib/gcc/arm-none-eabi/4.7.3/../../../../arm-none-eabi/lib/armv7e-m/fpu\libm_f.a(lib_a-s_floor.o)
 .ARM.attributes
                0x00000cc4       0x30 c:/program files (x86)/emblocks/2.30/share/em_armgcc/bin/../lib/gcc/arm-none-eabi/4.7.3/../../../../arm-none-eabi/lib/armv7e-m/fpu\libm_f.a(lib_a-s_fpclassify.o)
 .ARM.attributes
                0x00000cf4       0x30 c:/program files (x86)/emblocks/2.30/share/em_armgcc/bin/../lib/gcc/arm-none-eabi/4.7.3/../../../../arm-none-eabi/lib/armv7e-m/fpu\libm_f.a(lib_a-s_lib_ver.o)
 .ARM.attributes
                0x00000d24       0x30 c:/program files (x86)/emblocks/2.30/share/em_armgcc/bin/../lib/gcc/arm-none-eabi/4.7.3/../../../../arm-none-eabi/lib/armv7e-m/fpu\libm_f.a(lib_a-s_matherr.o)
 .ARM.attributes
                0x00000d54       0x30 c:/program files (x86)/emblocks/2.30/share/em_armgcc/bin/../lib/gcc/arm-none-eabi/4.7.3/../../../../arm-none-eabi/lib/armv7e-m/fpu\libm_f.a(lib_a-s_scalbn.o)
 .ARM.attributes
                0x00000d84       0x30 c:/program files (x86)/emblocks/2.30/share/em_armgcc/bin/../lib/gcc/arm-none-eabi/4.7.3/../../../../arm-none-eabi/lib/armv7e-m/fpu\libm_f.a(lib_a-sf_floor.o)
 .ARM.attributes
                0x00000db4       0x30 c:/program files (x86)/emblocks/2.30/share/em_armgcc/bin/../lib/gcc/arm-none-eabi/4.7.3/../../../../arm-none-eabi/lib/armv7e-m/fpu\libm_f.a(lib_a-sf_fpclassify.o)
 .ARM.attributes
                0x00000de4       0x30 c:/program files (x86)/emblocks/2.30/share/em_armgcc/bin/../lib/gcc/arm-none-eabi/4.7.3/../../../../arm-none-eabi/lib/armv7e-m/fpu\libm_f.a(lib_a-sf_scalbn.o)
 .ARM.attributes
                0x00000e14       0x30 c:/program files (x86)/emblocks/2.30/share/em_armgcc/bin/../lib/gcc/arm-none-eabi/4.7.3/../../../../arm-none-eabi/lib/armv7e-m/fpu\libm_f.a(lib_a-s_copysign.o)
 .ARM.attributes
                0x00000e44       0x30 c:/program files (x86)/emblocks/2.30/share/em_armgcc/bin/../lib/gcc/arm-none-eabi/4.7.3/../../../../arm-none-eabi/lib/armv7e-m/fpu\libm_f.a(lib_a-sf_copysign.o)
 .ARM.attributes
                0x00000e74       0x30 c:/program files (x86)/emblocks/2.30/share/em_armgcc/bin/../lib/gcc/arm-none-eabi/4.7.3/../../../../arm-none-eabi/lib/armv7e-m/fpu\libnosys_f.a(_exit.o)
 .ARM.attributes
                0x00000ea4       0x34 c:/program files (x86)/emblocks/2.30/share/em_armgcc/bin/../lib/gcc/arm-none-eabi/4.7.3/armv7e-m/fpu/crtend.o
 .ARM.attributes
                0x00000ed8       0x22 c:/program files (x86)/emblocks/2.30/share/em_armgcc/bin/../lib/gcc/arm-none-eabi/4.7.3/armv7e-m/fpu/crtn.o

.comment        0x00000000       0x38
 .comment       0x00000000       0x38 obj\debug\board\adc.o
                                 0x39 (size before relaxing)
 .comment       0x00000000       0x39 obj\debug\board\interrupts.o
 .comment       0x00000000       0x39 obj\debug\board\init.o
 .comment       0x00000000       0x39 obj\debug\board\tim.o
 .comment       0x00000000       0x39 obj\debug\board\usart.o
 .comment       0x00000000       0x39 obj\debug\library\cdc\src\usbd_cdc_core.o
 .comment       0x00000000       0x39 obj\debug\library\core\src\usb_core.o
 .comment       0x00000000       0x39 obj\debug\library\core\src\usb_dcd.o
 .comment       0x00000000       0x39 obj\debug\library\core\src\usb_dcd_int.o
 .comment       0x00000000       0x39 obj\debug\library\core\src\usbd_core.o
 .comment       0x00000000       0x39 obj\debug\library\core\src\usbd_ioreq.o
 .comment       0x00000000       0x39 obj\debug\library\core\src\usbd_req.o
 .comment       0x00000000       0x39 obj\debug\robot\regulator.o
 .comment       0x00000000       0x39 obj\debug\robot\matrix.o
 .comment       0x00000000       0x39 obj\debug\robot\robot.o
 .comment       0x00000000       0x39 obj\debug\usb app\stm32fxxx_it.o
 .comment       0x00000000       0x39 obj\debug\usb app\usb_bsp.o
 .comment       0x00000000       0x39 obj\debug\usb app\usbd_cdc_vcp.o
 .comment       0x00000000       0x39 obj\debug\usb app\usbd_desc.o
 .comment       0x00000000       0x39 obj\debug\usb app\usbd_usr.o
 .comment       0x00000000       0x39 obj\debug\spl\src\misc.o
 .comment       0x00000000       0x39 obj\debug\spl\src\stm32f4xx_gpio.o
 .comment       0x00000000       0x39 obj\debug\spl\src\stm32f4xx_rcc.o
 .comment       0x00000000       0x39 obj\debug\src\main.o
 .comment       0x00000000       0x39 obj\debug\src\system_stm32f4xx.o

.debug_info     0x00000000    0x143a4
 .debug_info    0x00000000      0x31a obj\debug\board\adc.o
 .debug_info    0x0000031a      0xc8e obj\debug\board\interrupts.o
 .debug_info    0x00000fa8      0x9c4 obj\debug\board\init.o
 .debug_info    0x0000196c      0x418 obj\debug\board\tim.o
 .debug_info    0x00001d84      0xb30 obj\debug\board\usart.o
 .debug_info    0x000028b4     0x1077 obj\debug\library\cdc\src\usbd_cdc_core.o
 .debug_info    0x0000392b     0x27a9 obj\debug\library\core\src\usb_core.o
 .debug_info    0x000060d4     0x11df obj\debug\library\core\src\usb_dcd.o
 .debug_info    0x000072b3     0x224f obj\debug\library\core\src\usb_dcd_int.o
 .debug_info    0x00009502     0x11e8 obj\debug\library\core\src\usbd_core.o
 .debug_info    0x0000a6ea      0xe37 obj\debug\library\core\src\usbd_ioreq.o
 .debug_info    0x0000b521     0x1150 obj\debug\library\core\src\usbd_req.o
 .debug_info    0x0000c671      0xdc7 obj\debug\robot\regulator.o
 .debug_info    0x0000d438      0x66f obj\debug\robot\matrix.o
 .debug_info    0x0000daa7     0x104a obj\debug\robot\robot.o
 .debug_info    0x0000eaf1      0xce7 obj\debug\usb app\stm32fxxx_it.o
 .debug_info    0x0000f7d8     0x1142 obj\debug\usb app\usb_bsp.o
 .debug_info    0x0001091a      0x437 obj\debug\usb app\usbd_cdc_vcp.o
 .debug_info    0x00010d51      0x488 obj\debug\usb app\usbd_desc.o
 .debug_info    0x000111d9      0x20d obj\debug\usb app\usbd_usr.o
 .debug_info    0x000113e6      0x5bb obj\debug\spl\src\misc.o
 .debug_info    0x000119a1      0x677 obj\debug\spl\src\stm32f4xx_gpio.o
 .debug_info    0x00012018      0xfab obj\debug\spl\src\stm32f4xx_rcc.o
 .debug_info    0x00012fc3      0xd0f obj\debug\src\main.o
 .debug_info    0x00013cd2       0x5a obj\debug\src\startup_stm32f4xx.o
 .debug_info    0x00013d2c      0x678 obj\debug\src\system_stm32f4xx.o

.debug_abbrev   0x00000000     0x29f6
 .debug_abbrev  0x00000000      0x10e obj\debug\board\adc.o
 .debug_abbrev  0x0000010e      0x1ed obj\debug\board\interrupts.o
 .debug_abbrev  0x000002fb      0x17f obj\debug\board\init.o
 .debug_abbrev  0x0000047a       0xcd obj\debug\board\tim.o
 .debug_abbrev  0x00000547      0x223 obj\debug\board\usart.o
 .debug_abbrev  0x0000076a      0x1e2 obj\debug\library\cdc\src\usbd_cdc_core.o
 .debug_abbrev  0x0000094c      0x2c1 obj\debug\library\core\src\usb_core.o
 .debug_abbrev  0x00000c0d      0x233 obj\debug\library\core\src\usb_dcd.o
 .debug_abbrev  0x00000e40      0x242 obj\debug\library\core\src\usb_dcd_int.o
 .debug_abbrev  0x00001082      0x24f obj\debug\library\core\src\usbd_core.o
 .debug_abbrev  0x000012d1      0x189 obj\debug\library\core\src\usbd_ioreq.o
 .debug_abbrev  0x0000145a      0x27e obj\debug\library\core\src\usbd_req.o
 .debug_abbrev  0x000016d8      0x1f1 obj\debug\robot\regulator.o
 .debug_abbrev  0x000018c9       0xdd obj\debug\robot\matrix.o
 .debug_abbrev  0x000019a6      0x1b7 obj\debug\robot\robot.o
 .debug_abbrev  0x00001b5d      0x14f obj\debug\usb app\stm32fxxx_it.o
 .debug_abbrev  0x00001cac      0x1eb obj\debug\usb app\usb_bsp.o
 .debug_abbrev  0x00001e97      0x1a5 obj\debug\usb app\usbd_cdc_vcp.o
 .debug_abbrev  0x0000203c      0x17f obj\debug\usb app\usbd_desc.o
 .debug_abbrev  0x000021bb       0xe4 obj\debug\usb app\usbd_usr.o
 .debug_abbrev  0x0000229f      0x12e obj\debug\spl\src\misc.o
 .debug_abbrev  0x000023cd      0x1aa obj\debug\spl\src\stm32f4xx_gpio.o
 .debug_abbrev  0x00002577      0x1c1 obj\debug\spl\src\stm32f4xx_rcc.o
 .debug_abbrev  0x00002738      0x16d obj\debug\src\main.o
 .debug_abbrev  0x000028a5       0x14 obj\debug\src\startup_stm32f4xx.o
 .debug_abbrev  0x000028b9      0x13d obj\debug\src\system_stm32f4xx.o

.debug_loc      0x00000000     0x3db4
 .debug_loc     0x00000000       0x64 obj\debug\board\adc.o
 .debug_loc     0x00000064      0x30c obj\debug\board\interrupts.o
 .debug_loc     0x00000370       0xe0 obj\debug\board\init.o
 .debug_loc     0x00000450       0xa8 obj\debug\board\tim.o
 .debug_loc     0x000004f8      0x294 obj\debug\board\usart.o
 .debug_loc     0x0000078c      0x1f8 obj\debug\library\cdc\src\usbd_cdc_core.o
 .debug_loc     0x00000984      0x7e0 obj\debug\library\core\src\usb_core.o
 .debug_loc     0x00001164      0x2d8 obj\debug\library\core\src\usb_dcd.o
 .debug_loc     0x0000143c      0x348 obj\debug\library\core\src\usb_dcd_int.o
 .debug_loc     0x00001784      0x380 obj\debug\library\core\src\usbd_core.o
 .debug_loc     0x00001b04      0x188 obj\debug\library\core\src\usbd_ioreq.o
 .debug_loc     0x00001c8c      0x310 obj\debug\library\core\src\usbd_req.o
 .debug_loc     0x00001f9c      0x318 obj\debug\robot\regulator.o
 .debug_loc     0x000022b4      0x26e obj\debug\robot\matrix.o
 .debug_loc     0x00002522      0x11a obj\debug\robot\robot.o
 .debug_loc     0x0000263c      0x1b8 obj\debug\usb app\stm32fxxx_it.o
 .debug_loc     0x000027f4       0xe0 obj\debug\usb app\usb_bsp.o
 .debug_loc     0x000028d4      0x138 obj\debug\usb app\usbd_cdc_vcp.o
 .debug_loc     0x00002a0c      0x1f8 obj\debug\usb app\usbd_desc.o
 .debug_loc     0x00002c04      0x140 obj\debug\usb app\usbd_usr.o
 .debug_loc     0x00002d44      0x118 obj\debug\spl\src\misc.o
 .debug_loc     0x00002e5c      0x310 obj\debug\spl\src\stm32f4xx_gpio.o
 .debug_loc     0x0000316c      0xb74 obj\debug\spl\src\stm32f4xx_rcc.o
 .debug_loc     0x00003ce0       0x38 obj\debug\src\main.o
 .debug_loc     0x00003d18       0x9c obj\debug\src\system_stm32f4xx.o

.debug_aranges  0x00000000      0xb78
 .debug_aranges
                0x00000000       0x28 obj\debug\board\adc.o
 .debug_aranges
                0x00000028       0x90 obj\debug\board\interrupts.o
 .debug_aranges
                0x000000b8       0x38 obj\debug\board\init.o
 .debug_aranges
                0x000000f0       0x30 obj\debug\board\tim.o
 .debug_aranges
                0x00000120       0x78 obj\debug\board\usart.o
 .debug_aranges
                0x00000198       0x60 obj\debug\library\cdc\src\usbd_cdc_core.o
 .debug_aranges
                0x000001f8      0x138 obj\debug\library\core\src\usb_core.o
 .debug_aranges
                0x00000330       0x80 obj\debug\library\core\src\usb_dcd.o
 .debug_aranges
                0x000003b0       0x90 obj\debug\library\core\src\usb_dcd_int.o
 .debug_aranges
                0x00000440       0x98 obj\debug\library\core\src\usbd_core.o
 .debug_aranges
                0x000004d8       0x50 obj\debug\library\core\src\usbd_ioreq.o
 .debug_aranges
                0x00000528       0x88 obj\debug\library\core\src\usbd_req.o
 .debug_aranges
                0x000005b0       0x88 obj\debug\robot\regulator.o
 .debug_aranges
                0x00000638       0x70 obj\debug\robot\matrix.o
 .debug_aranges
                0x000006a8       0x40 obj\debug\robot\robot.o
 .debug_aranges
                0x000006e8       0x68 obj\debug\usb app\stm32fxxx_it.o
 .debug_aranges
                0x00000750       0x38 obj\debug\usb app\usb_bsp.o
 .debug_aranges
                0x00000788       0x48 obj\debug\usb app\usbd_cdc_vcp.o
 .debug_aranges
                0x000007d0       0x60 obj\debug\usb app\usbd_desc.o
 .debug_aranges
                0x00000830       0x50 obj\debug\usb app\usbd_usr.o
 .debug_aranges
                0x00000880       0x40 obj\debug\spl\src\misc.o
 .debug_aranges
                0x000008c0       0x88 obj\debug\spl\src\stm32f4xx_gpio.o
 .debug_aranges
                0x00000948      0x1c0 obj\debug\spl\src\stm32f4xx_rcc.o
 .debug_aranges
                0x00000b08       0x20 obj\debug\src\main.o
 .debug_aranges
                0x00000b28       0x20 obj\debug\src\startup_stm32f4xx.o
 .debug_aranges
                0x00000b48       0x30 obj\debug\src\system_stm32f4xx.o

.debug_ranges   0x00000000      0x9c8
 .debug_ranges  0x00000000       0x18 obj\debug\board\adc.o
 .debug_ranges  0x00000018       0x80 obj\debug\board\interrupts.o
 .debug_ranges  0x00000098       0x28 obj\debug\board\init.o
 .debug_ranges  0x000000c0       0x20 obj\debug\board\tim.o
 .debug_ranges  0x000000e0       0x68 obj\debug\board\usart.o
 .debug_ranges  0x00000148       0x50 obj\debug\library\cdc\src\usbd_cdc_core.o
 .debug_ranges  0x00000198      0x128 obj\debug\library\core\src\usb_core.o
 .debug_ranges  0x000002c0       0x70 obj\debug\library\core\src\usb_dcd.o
 .debug_ranges  0x00000330       0x80 obj\debug\library\core\src\usb_dcd_int.o
 .debug_ranges  0x000003b0       0x88 obj\debug\library\core\src\usbd_core.o
 .debug_ranges  0x00000438       0x40 obj\debug\library\core\src\usbd_ioreq.o
 .debug_ranges  0x00000478       0x78 obj\debug\library\core\src\usbd_req.o
 .debug_ranges  0x000004f0       0x78 obj\debug\robot\regulator.o